test_a_vllm_spec_refusal_survives_finalizer (__main__.DryRunFailureTest.test_a_vllm_spec_refusal_survives_finalizer) ... ok
test_b_atlas_launcher_error_survives_finalizer (__main__.DryRunFailureTest.test_b_atlas_launcher_error_survives_finalizer) ... ok
test_c_valid_cells_still_render (__main__.DryRunFailureTest.test_c_valid_cells_still_render) ... ok

----------------------------------------------------------------------
Ran 3 tests in 1.965s

OK
test_failed_preflight_never_launches_and_writes_no_go (__main__.AdmissionTests.test_failed_preflight_never_launches_and_writes_no_go) ... ok
test_successful_preflight_reaches_selected_serve_path (__main__.AdmissionTests.test_successful_preflight_reaches_selected_serve_path) ... ok
test_successful_process_preflight_reaches_engine_audit (__main__.AdmissionTests.test_successful_process_preflight_reaches_engine_audit) ... skipped 'process endpoint admission requires Linux /proc'

----------------------------------------------------------------------
Ran 3 tests in 6.825s

OK (skipped=1)
test_first_role_is_not_first_content (__main__.StreamTests.test_first_role_is_not_first_content) ... ok
test_incomplete_and_malformed_streams_refuse (__main__.StreamTests.test_incomplete_and_malformed_streams_refuse) ... ok
test_multitoken_content_is_not_counted_as_one_token (__main__.StreamTests.test_multitoken_content_is_not_counted_as_one_token) ... ok
test_real_http_retains_exact_request_and_wire_bytes (__main__.StreamTests.test_real_http_retains_exact_request_and_wire_bytes) ... ok
test_tool_arguments_must_form_json (__main__.StreamTests.test_tool_arguments_must_form_json) ... ok
test_total_deadline_rejects_trickling_headers (__main__.StreamTests.test_total_deadline_rejects_trickling_headers) ... ok
test_utf8_and_crlf_split_at_every_byte (__main__.StreamTests.test_utf8_and_crlf_split_at_every_byte) ... ok

----------------------------------------------------------------------
Ran 7 tests in 1.140s

OK
test_a_forbidden_modes_refuse_before_stages (__main__.ThinkingPolicyTest.test_a_forbidden_modes_refuse_before_stages) ... ok
test_b_atlas_renderer_cannot_bypass_policy (__main__.ThinkingPolicyTest.test_b_atlas_renderer_cannot_bypass_policy) ... ok
test_c_permitted_modes_render (__main__.ThinkingPolicyTest.test_c_permitted_modes_render) ... ok
test_d_absent_recipe_still_names_missing_pair (__main__.ThinkingPolicyTest.test_d_absent_recipe_still_names_missing_pair) ... ok
test_e_catalog_covers_exact_recipe_models (__main__.ThinkingPolicyTest.test_e_catalog_covers_exact_recipe_models) ... ok
test_f_real_refusal_also_precedes_resource_creation (__main__.ThinkingPolicyTest.test_f_real_refusal_also_precedes_resource_creation) ... ok
test_g_minimax_unmapped_request_policy_refuses_all_skus (__main__.ThinkingPolicyTest.test_g_minimax_unmapped_request_policy_refuses_all_skus) ... ok

----------------------------------------------------------------------
Ran 7 tests in 7.137s

OK
test_broken_think_on_path_refuses (__main__.CoherencyPolicyTest.test_broken_think_on_path_refuses) ... ok
test_clean_both_modes_pass (__main__.CoherencyPolicyTest.test_clean_both_modes_pass) ... ok
test_dedicated_think_off_leak_refuses_in_both_modes (__main__.CoherencyPolicyTest.test_dedicated_think_off_leak_refuses_in_both_modes) ... ok
test_default_remains_think_off (__main__.CoherencyPolicyTest.test_default_remains_think_off) ... ok
test_known_wrong_answers_refuse_in_both_modes (__main__.CoherencyPolicyTest.test_known_wrong_answers_refuse_in_both_modes) ... ok

----------------------------------------------------------------------
Ran 5 tests in 4.715s

OK
test_a_opposite_coherency_mode_is_no_go (__main__.CoherencyEvidenceTest.test_a_opposite_coherency_mode_is_no_go) ... ok
test_b_legacy_coherency_cannot_certify_think_on (__main__.CoherencyEvidenceTest.test_b_legacy_coherency_cannot_certify_think_on) ... ok
test_c_inconsistent_or_missing_per_check_policy_refuses (__main__.CoherencyEvidenceTest.test_c_inconsistent_or_missing_per_check_policy_refuses) ... ok
test_d_malformed_policy_does_not_become_true (__main__.CoherencyEvidenceTest.test_d_malformed_policy_does_not_become_true) ... ok
test_e_malformed_ladder_policy_is_partial (__main__.CoherencyEvidenceTest.test_e_malformed_ladder_policy_is_partial) ... ok
test_e_opposite_ladder_mode_is_partial (__main__.CoherencyEvidenceTest.test_e_opposite_ladder_mode_is_partial) ... ok
test_f_matched_modes_and_legacy_off_still_certify (__main__.CoherencyEvidenceTest.test_f_matched_modes_and_legacy_off_still_certify) ... ok
test_g_driver_passes_policy_to_gate (__main__.CoherencyEvidenceTest.test_g_driver_passes_policy_to_gate) ... ok

----------------------------------------------------------------------
Ran 8 tests in 4.506s

OK
test_branch_name_pin_refused (__main__.PinTests.test_branch_name_pin_refused) ... ok
test_duplicate_primary_flag_refused (__main__.PinTests.test_duplicate_primary_flag_refused) ... ok
test_every_head_and_worker_uses_declared_full_revision (__main__.PinTests.test_every_head_and_worker_uses_declared_full_revision) ... ok
test_external_draft_missing_revision_refused (__main__.PinTests.test_external_draft_missing_revision_refused) ... ok
test_external_draft_repo_mismatch_refused (__main__.PinTests.test_external_draft_repo_mismatch_refused) ... ok
test_external_draft_revision_and_exact_spec_arithmetic (__main__.PinTests.test_external_draft_revision_and_exact_spec_arithmetic) ... ok
test_identity_overrides_refused (__main__.PinTests.test_identity_overrides_refused) ... ok
test_internal_spec_cannot_override_primary_revision (__main__.PinTests.test_internal_spec_cannot_override_primary_revision) ... ok
test_missing_pin_refused (__main__.PinTests.test_missing_pin_refused) ... ok
test_missing_primary_flag_refused (__main__.PinTests.test_missing_primary_flag_refused) ... ok
test_non_identity_extra_remains_available (__main__.PinTests.test_non_identity_extra_remains_available) ... ok
test_same_repo_different_pin_refused (__main__.PinTests.test_same_repo_different_pin_refused) ... ok
test_short_pin_refused (__main__.PinTests.test_short_pin_refused) ... ok
test_spec_args_cannot_override_primary_identity (__main__.PinTests.test_spec_args_cannot_override_primary_identity) ... ok
test_stale_embedded_spec_config_refused_even_when_off (__main__.PinTests.test_stale_embedded_spec_config_refused_even_when_off) ... ok
test_worker_pin_mismatch_refused (__main__.PinTests.test_worker_pin_mismatch_refused) ... ok
test_wrong_repo_refused (__main__.PinTests.test_wrong_repo_refused) ... ok

----------------------------------------------------------------------
Ran 17 tests in 0.078s

OK
test_kimi_context (__main__.KimiContextTest.test_kimi_context) ... ok

----------------------------------------------------------------------
Ran 1 test in 0.004s

OK
test_atlas_uses_target_context_and_calibration (__main__.Qwen27BRecipeTest.test_atlas_uses_target_context_and_calibration) ... ok
test_both_engines_refuse_unevidenced_mtp (__main__.Qwen27BRecipeTest.test_both_engines_refuse_unevidenced_mtp) ... ok
test_both_recipes_pin_same_fp8_checkpoint (__main__.Qwen27BRecipeTest.test_both_recipes_pin_same_fp8_checkpoint) ... ok
test_vllm_matches_captured_h200_argv (__main__.Qwen27BRecipeTest.test_vllm_matches_captured_h200_argv) ... ok

----------------------------------------------------------------------
Ran 4 tests in 0.852s

OK
test_b200_uses_captured_nvfp4_recipe (__main__.MiniMaxNvfp4Test.test_b200_uses_captured_nvfp4_recipe) ... ok
test_hopper_profiles_keep_their_original_bf16_checkpoint (__main__.MiniMaxNvfp4Test.test_hopper_profiles_keep_their_original_bf16_checkpoint) ... ok

----------------------------------------------------------------------
Ran 2 tests in 0.002s

OK
test_every_hf_artifact_has_consistent_full_revision (__main__.AtlasRevisionTest.test_every_hf_artifact_has_consistent_full_revision) ... ok
test_metadata_does_not_claim_loaded_bytes (__main__.AtlasRevisionTest.test_metadata_does_not_claim_loaded_bytes) ... ok

----------------------------------------------------------------------
Ran 2 tests in 0.000s

OK
test_synthetic_support_receipt_must_match_image_and_digest (__main__.DraftImageSupportTest.test_synthetic_support_receipt_must_match_image_and_digest) ... ok
test_unverified_external_drafts_refuse_before_staging (__main__.DraftImageSupportTest.test_unverified_external_drafts_refuse_before_staging) ... ok

----------------------------------------------------------------------
Ran 2 tests in 0.009s

OK
test_a_owned_capture_precedes_teardown_and_reaches_assembler (__main__.ModelCaptureTest.test_a_owned_capture_precedes_teardown_and_reaches_assembler) ... ok
test_b_failed_inspect_does_not_forge_proof (__main__.ModelCaptureTest.test_b_failed_inspect_does_not_forge_proof) ... ok
test_c_unknown_inspect_does_not_forge_proof (__main__.ModelCaptureTest.test_c_unknown_inspect_does_not_forge_proof) ... ok

----------------------------------------------------------------------
Ran 3 tests in 3.944s

OK
test_a_unowned_launch_cannot_certify (cell_assemble_test.AssemblyTest.test_a_unowned_launch_cannot_certify) ... ok
test_b_unstarted_or_malformed_launch_cannot_certify (cell_assemble_test.AssemblyTest.test_b_unstarted_or_malformed_launch_cannot_certify) ... ok
test_c_wrong_model_or_competing_revision_cannot_certify (cell_assemble_test.AssemblyTest.test_c_wrong_model_or_competing_revision_cannot_certify) ... ok
test_d_failed_boot_does_not_prove_loaded_revision (cell_assemble_test.AssemblyTest.test_d_failed_boot_does_not_prove_loaded_revision) ... ok
test_e_recipe_pins_alone_are_not_launch_proof (cell_assemble_test.AssemblyTest.test_e_recipe_pins_alone_are_not_launch_proof) ... ok
test_f_owned_launched_pin_and_boot_prove_revision (cell_assemble_test.AssemblyTest.test_f_owned_launched_pin_and_boot_prove_revision) ... ok
test_g_floating_launch_keeps_revision_null (cell_assemble_test.AssemblyTest.test_g_floating_launch_keeps_revision_null) ... ok
test_h_failed_known_answer_remains_no_go (cell_assemble_test.AssemblyTest.test_h_failed_known_answer_remains_no_go) ... ok
test_a_foreign_or_reused_process_is_refused (process_model_evidence_test.ProcessAssemblyTest.test_a_foreign_or_reused_process_is_refused) ... ok
test_b_stopped_or_changed_capture_is_refused (process_model_evidence_test.ProcessAssemblyTest.test_b_stopped_or_changed_capture_is_refused) ... ok
test_c_unowned_or_malformed_records_are_refused (process_model_evidence_test.ProcessAssemblyTest.test_c_unowned_or_malformed_records_are_refused) ... ok
test_d_wrong_or_mutated_argv_is_refused (process_model_evidence_test.ProcessAssemblyTest.test_d_wrong_or_mutated_argv_is_refused) ... ok
test_e_conflicting_docker_and_process_proof_is_refused (process_model_evidence_test.ProcessAssemblyTest.test_e_conflicting_docker_and_process_proof_is_refused) ... ok
test_f_failed_or_mismatched_boot_cannot_prove_revision (process_model_evidence_test.ProcessAssemblyTest.test_f_failed_or_mismatched_boot_cannot_prove_revision) ... ok
test_g_owned_pin_survives_supported_actual_process_forms (process_model_evidence_test.ProcessAssemblyTest.test_g_owned_pin_survives_supported_actual_process_forms) ... ok
test_h_floating_launch_does_not_inherit_recipe_revision (process_model_evidence_test.ProcessAssemblyTest.test_h_floating_launch_does_not_inherit_recipe_revision) ... ok

----------------------------------------------------------------------
Ran 16 tests in 6.086s

OK
......
----------------------------------------------------------------------
Ran 6 tests in 2.376s

OK
ssssssssssssss
----------------------------------------------------------------------
Ran 14 tests in 0.000s

OK (skipped=14)
sssssssssssss
----------------------------------------------------------------------
Ran 13 tests in 0.000s

OK (skipped=13)
test_preexisting_process_directory_cannot_capture_or_stop_foreign_owner (__main__.ProcessRunnerTests.test_preexisting_process_directory_cannot_capture_or_stop_foreign_owner) ... skipped 'requires Linux /proc, pidfds and a CPU C compiler'
test_server_exit_during_boot_fails_promptly_with_boot_json (__main__.ProcessRunnerTests.test_server_exit_during_boot_fails_promptly_with_boot_json) ... skipped 'requires Linux /proc, pidfds and a CPU C compiler'
test_term_during_boot_stops_owned_process_and_retains_environment (__main__.ProcessRunnerTests.test_term_during_boot_stops_owned_process_and_retains_environment) ... skipped 'requires Linux /proc, pidfds and a CPU C compiler'

----------------------------------------------------------------------
Ran 3 tests in 0.000s

OK (skipped=3)
sssss
----------------------------------------------------------------------
Ran 5 tests in 0.000s

OK (skipped=5)
ssssssssssss
----------------------------------------------------------------------
Ran 12 tests in 0.000s

OK (skipped=12)
