E
======================================================================
ERROR: test_leader_exit_between_stat_and_environment_read_is_absent (__main__.ProcessLaunchTests.test_leader_exit_between_stat_and_environment_read_is_absent)
----------------------------------------------------------------------
Traceback (most recent call last):
  File "/home/pidtom/atlas-boot-exit-jbAh6qKj/bench/campaign/process_launch_test.py", line 145, in test_leader_exit_between_stat_and_environment_read_is_absent
    self.assertEqual(process_launch_proc.owned_members(owner), [])
                     ^^^^^^^^^^^^^^^^^^^^^^^^^^^^^^^^^^^^^^^^
  File "/home/pidtom/atlas-boot-exit-jbAh6qKj/bench/campaign/process_launch_proc.py", line 134, in owned_members
    if leader["state"] not in ("Z", "X") and not marker_matches(
                                                 ^^^^^^^^^^^^^^^
  File "/usr/lib/python3.12/unittest/mock.py", line 1134, in __call__
    return self._mock_call(*args, **kwargs)
           ^^^^^^^^^^^^^^^^^^^^^^^^^^^^^^^^
  File "/usr/lib/python3.12/unittest/mock.py", line 1138, in _mock_call
    return self._execute_mock_call(*args, **kwargs)
           ^^^^^^^^^^^^^^^^^^^^^^^^^^^^^^^^^^^^^^^^
  File "/usr/lib/python3.12/unittest/mock.py", line 1199, in _execute_mock_call
    result = effect(*args, **kwargs)
             ^^^^^^^^^^^^^^^^^^^^^^^
  File "/home/pidtom/atlas-boot-exit-jbAh6qKj/bench/campaign/process_launch_test.py", line 133, in disappear
    descriptor = os.open('environ', os.O_RDONLY, dir_fd=directory)
                 ^^^^^^^^^^^^^^^^^^^^^^^^^^^^^^^^^^^^^^^^^^^^^^^^^
ProcessLookupError: [Errno 3] No such process: 'environ'

----------------------------------------------------------------------
Ran 1 test in 0.002s

FAILED (errors=1)
