   Compiling spark-server v1.0.0-beta-preview (/home/pidtom/atlas-grammar-ttft-20260905/crates/spark-server)
    Finished `test` profile [unoptimized + debuginfo] target(s) in 10.95s
     Running unittests src/main.rs (/home/pidtom/atlas-hopper-gate-full/target/debug/deps/spark-8a5b8b10b61861ba)

running 240 tests
test scheduler::adaptive_rung::tests::token_ratio_reproduces_wave_27 ... ok
test scheduler::admission::tests::block_math_matches_legacy_formula ... ok
test scheduler::admission::tests::watermark_caps_the_decode_reservation ... ok
test scheduler::adaptive_rung::tests::p2_cond_inverts_mean_na ... ok
test scheduler::confidence::confidence_tests::fence_toggles_on_fence_token ... ok
test scheduler::confidence::confidence_tests::fence_unchanged_by_non_fence_token ... ok
test scheduler::confidence::confidence_tests::hard_override_breaks_unbounded_in_fence_defer ... ok
test scheduler::confidence::confidence_tests::hard_override_breaks_unbounded_sentence_defer ... ok
test scheduler::confidence::confidence_tests::inject_once_fence_closes_at_sentence_boundary ... ok
test scheduler::confidence::confidence_tests::f2_run_breaks_on_non_confident_token ... ok
test scheduler::confidence::confidence_tests::defer_outside_fence_when_not_at_sentence_boundary ... ok
test scheduler::confidence::confidence_tests::f2_arms_after_confidence_run_limit_tokens ... ok
test scheduler::confidence::confidence_tests::f2_accumulates_inside_code_too ... ok
test scheduler::confidence::confidence_tests::boundary_at_least_one_path_eventually_fires ... ok
test scheduler::confidence::confidence_tests::defer_injection_while_in_code_fence ... ok
test scheduler::confidence::confidence_tests::fence_guard_disabled_when_no_fence_token ... ok
test scheduler::confidence::confidence_tests::no_injection_when_not_armed ... ok
test scheduler::emit_step::cc6_envelope_streak_tests::saturates_without_panic ... ok
test scheduler::emit_step::cc6_envelope_streak_tests::exact_cap_boundary ... ok
test scheduler::emit_step::cc6_envelope_streak_tests::never_closing_envelope_still_trips_cap ... ok
test scheduler::emit_step::cc6_envelope_streak_tests::parameter_value_content_is_exempt_at_any_size ... ok
test scheduler::adaptive_rung::tests::width_regime_flips_once_per_transition ... ok
test scheduler::adaptive_rung::tests::dead_band_holds_state_and_is_asymmetric ... ok
test scheduler::admission::tests::admission_stops_at_first_misfit_no_head_of_line_bypass ... ok
test scheduler::admission::tests::liveness_oversized_lone_request_still_admits ... ok
test scheduler::admission::tests::fits_everything_admission_unchanged ... ok
test scheduler::adaptive_rung::tests::rule_classifies_every_wave_27_point_the_way_the_box_did ... ok
test scheduler::admission::tests::c128_overflow_queues_instead_of_admit_then_shoot ... ok
test scheduler::adaptive_rung::tests::converges_and_holds_without_oscillating ... ok
test scheduler::dumps::tests::two_runs_hold_independent_sinks ... ok
test scheduler::dumps::tests::an_unset_environment_opens_nothing ... ok
test scheduler::adaptive_rung::tests::scope_is_the_n16_rung_only ... ok
test scheduler::admission::tests::watermark_zero_reserves_prompt_only_legacy ... ok
test scheduler::helpers::hard_limit_tests::eos_reachable_at_hard_ceiling_even_inside_thinking ... ok
test scheduler::helpers::hard_limit_tests::hard_ceiling_hit_on_budget_or_seqlen ... ok
test scheduler::helpers::hard_limit_tests::seqlen_guard_disabled_when_unset ... ok
test scheduler::helpers::content_loop_override_tests::request_params_outrank_the_operator_override ... ok
test scheduler::helpers::hard_limit_tests::seqlen_guard_fires_one_token_before_ceiling ... ok
test scheduler::fast_greedy::tests::reduce_only_params_classify_reduce_only ... ok
test scheduler::fast_greedy::tests::logit_bias_blocks ... ok
test scheduler::admission::tests::in_flight_commitments_reduce_capacity ... ok
test scheduler::helpers::inter_tool_prose_tests::default_prose_budget_is_plan_friendly ... ok
test scheduler::fast_greedy::tests::positivity_read_is_lazy_after_membership_fail ... ok
test scheduler::fast_greedy::tests::neutral_params_classify_neutral ... ok
test scheduler::fast_greedy::tests::immunity_requires_absence_and_positivity ... ok
test scheduler::fast_greedy::tests::raising_or_pattern_penalties_block ... ok
test scheduler::helpers::content_loop_override_tests::watchdog_arming_precedence_is_cli_env_toml ... ok
test scheduler::helpers::content_loop_override_tests::min_repeats_cli_reaches_the_resolved_params ... ok
test scheduler::helpers::inter_tool_prose_tests::resolved_default_budget_is_plan_friendly ... ok
test scheduler::helpers::inter_tool_prose_tests::prose_budget_precedence_is_cli_env_toml ... ok
test scheduler::helpers::inter_tool_prose_tests::prose_budget_zero_disables_instead_of_instant_firing ... ok
test scheduler::helpers::content_loop_override_tests::unset_override_keeps_the_historical_constants ... ok
test scheduler::helpers::thinking_loop_tests::forced_token_fastpath_default_enabled ... ok
test scheduler::helpers::thinking_loop_tests::forced_token_fastpath_disabled_by_truthy ... ok
test scheduler::helpers::thinking_loop_tests::forced_token_fastpath_enabled_by_falsy_or_junk ... ok
test scheduler::helpers::thinking_loop_tests::norm_inert_with_empty_mask ... ok
test scheduler::helpers::thinking_loop_tests::content_loop_rejects_short_responses ... ok
test scheduler::helpers::thinking_loop_tests::detects_period_8_triple_repeat ... ok
test scheduler::helpers::thinking_loop_tests::override_loosens_content_loop_threshold ... ok
test scheduler::helpers::thinking_loop_tests::override_tightens_content_loop_threshold ... ok
test scheduler::helpers::thinking_loop_tests::exact_prose_loop_still_caught_regression ... ok
test scheduler::helpers::thinking_loop_tests::detects_short_period_fence_loop ... ok
test scheduler::helpers::thinking_loop_tests::override_applies_to_thinking_loop ... ok
test scheduler::helpers::content_loop_override_tests::raised_min_repeats_passes_code_shaped_period_2_tails ... ok
test scheduler::helpers::thinking_loop_tests::content_loop_detects_sentence_triple_repeat ... ok
test scheduler::helpers::thinking_loop_tests::content_loop_rejects_legitimate_prose ... ok
test scheduler::helpers::thinking_loop_tests::content_loop_accepts_three_repeats ... ok
test scheduler::helpers::thinking_loop_tests::content_loop_rejects_single_occurrence ... ok
test scheduler::helpers::thinking_loop_tests::content_loop_rejects_two_repeats ... ok
test scheduler::helpers::thinking_loop_tests::rejects_two_repeats ... ok
test scheduler::helpers::thinking_loop_tests::watchdog_defaults_keep_mid_think_eos_block_inert ... ok
test scheduler::helpers::thinking_loop_tests::rejects_fence_body_with_varying_prefixes ... ok
test scheduler::helpers::thinking_loop_tests::rejects_numbered_list_reasoning ... ok
test scheduler::levers::tests::every_opt_in_lever_ships_off ... ok
test scheduler::levers::tests::the_five_opt_out_levers_ship_on ... ok
test scheduler::levers::tests::two_runs_hold_independent_levers ... ok
test scheduler::levers::tests::the_loop_watchdog_is_toggleable_at_runtime ... ok
test scheduler::lifecycle_tests::early_stop_one_token_short_of_budget_is_not_length ... ok
test scheduler::lifecycle_tests::empty_output_edges ... ok
test scheduler::lifecycle_tests::eos_on_the_last_budgeted_token_is_stop_not_length ... ok
test scheduler::lifecycle_tests::non_truncating_stops_are_not_relabelled_as_length ... ok
test scheduler::lifecycle_tests::length_means_budget_exhausted_only ... ok
test scheduler::lifecycle_tests::normal_stops_are_unchanged ... ok
test scheduler::lifecycle_tests::timeout_unchanged_and_still_outranks_everything ... ok
test scheduler::lifecycle_tests::token_derived_stops_outrank_non_timeout_guards ... ok
test scheduler::levers::tests::spec_think_is_off_in_the_resolver_the_server_actually_uses ... ok
test scheduler::levers::tests::an_absent_mtp_gate_flag_leaves_the_legacy_variable_reachable ... ok
test scheduler::finish_guard_tests::the_ledger_counts_sites_credits_naming_and_ignores_prose ... ok
test scheduler::lifecycle_tests::guard_cuts_report_length_because_the_model_did_not_finish ... ok
test scheduler::finish_guard_tests::every_control_token_hard_stop_names_its_guard ... ok
test scheduler::limits::tests::two_runs_can_hold_different_token_ids ... ok
test scheduler::limits::tests::none_is_the_default_and_disables_every_guard ... ok
test scheduler::finish_guard_tests::the_scan_flags_a_bare_stop_and_clears_a_named_one ... ok
test scheduler::logit_processors::pipeline_tests::forced_think_end_gate_semantics ... ok
test scheduler::logit_processors::pipeline_tests::defer_override_math_constants ... ok
test scheduler::helpers::thinking_loop_tests::norm_rejects_3item_list_and_pure_columns ... ok
test scheduler::helpers::thinking_loop_tests::norm_fires_on_varying_numeric_template ... ok
test scheduler::finish_guard_tests::the_intentional_stop_exemption_is_load_bearing_and_narrow ... ok
test scheduler::logit_processors::pipeline_tests::non_mtp_path_has_no_inline_pipeline_fork ... ok
test scheduler::logit_processors::pipeline_tests::run_pipeline_signature_is_stable ... ok
test scheduler::helpers::thinking_loop_tests::norm_fires_on_variable_length_digit_runs ... ok
test scheduler::logit_processors::pipeline_tests::unified_fn_does_not_advance_matcher ... ok
test scheduler::logit_processors::pipeline_tests::unified_fn_includes_a4_and_b1_stages ... ok
test scheduler::finish_guard_tests::every_finish_site_is_a_recorded_decision ... ok
test scheduler::logit_processors::pipeline_tests::argmax_invariance_advertisement ... ok
test scheduler::mtp_accept_debug::tests::bucket_table_covers_the_mtp_dispatch_cap ... ok
test scheduler::mtp_dcut::tests::dcut_width_cap_default_is_the_measured_win_regime ... ok
test scheduler::mtp_accept_debug::tests::empty_suffix_is_zeros ... ok
test scheduler::mtp_accept_debug::tests::widths_up_to_the_cap_do_not_alias ... ok
test scheduler::mtp_dcut::tests::chunk_ranges_respect_the_row_budget_when_ragged ... ok
test scheduler::logit_processors::pipeline_tests::stage_names_are_distinct_and_stable ... ok
test scheduler::logit_processors::pipeline_tests::logits_context_field_set_is_stable ... ok
test scheduler::mtp_dcut::tests::chunk_ranges_seq_cap_derives_from_the_row_budget ... ok
test scheduler::mtp_accept_debug::tests::mtp_run_reports_p1_mean_na_tok_step ... ok
test scheduler::mtp_accept_debug::tests::thinking_serial_run_is_all_serial ... ok
test scheduler::mtp_dcut::tests::chunk_ranges_reproduce_the_uniform_caps ... ok
test scheduler::mtp_dcut::tests::retained_set_is_always_a_prefix ... ok
test scheduler::mtp_dcut::tests::zero_ratio_keeps_the_mandatory_first_draft ... ok
test scheduler::mtp_dcut::tests::missing_confidences_are_never_pruned ... ok
test scheduler::mtp_dcut::tests::width_two_is_inside_the_pruning_envelope_and_is_not_uniform ... ok
test scheduler::mtp_dcut::tests::budget_spent_on_the_confident_sequence ... ok
test scheduler::mtp_dcut::tests::ratio_one_retains_full_depth ... ok
test scheduler::lifecycle_tests::call_site_passes_the_real_budget ... ok
test scheduler::lifecycle_tests::call_site_passes_the_real_last_token_and_eos ... ok
test scheduler::lifecycle_tests::call_site_passes_the_real_seq_len ... ok
test scheduler::lifecycle_tests::call_site_passes_the_real_guard ... ok
test scheduler::mtp_dcut::tests::row_budget_is_never_exceeded ... ok
test scheduler::mtp_dcut::tests::ratio_snaps_to_a_bucket ... ok
test scheduler::mtp_gate::tests::dflash_raw_argmax_stays_serial_in_think ... ok
test scheduler::mtp_gate::tests::dflash_spec_think_opts_in ... ok
test scheduler::mtp_gate::tests::entry_pin_env_parse ... ok
test scheduler::mtp_gate::tests::bootstrap_steps_count_at_least_one_token ... ok
test scheduler::mtp_gate::tests::serial_mode_reprobes_mtp_and_recovers ... ok
test scheduler::mtp_gate::tests::no_switch_without_both_baselines ... ok
test scheduler::mtp_gate::tests::entry_pin_steps_do_not_touch_arbitration_state ... ok
test scheduler::mtp_gate::tests::hysteresis_blocks_within_margin_switches ... ok
test scheduler::mtp_gate::tests::depth_change_schedules_early_probe_without_state_wipe ... ok
test scheduler::mtp_gate::tests::entry_pin_overrides_serial_mode_for_answer_openings ... ok
test scheduler::mtp_gate::tests::refresh_probe_opens_after_interval_and_returns ... ok
test scheduler::mtp_gate::tests::decode_steps_charge_the_batch_width ... ok
test scheduler::mtp_gate::tests::standard_mtp_stays_serial_in_think ... ok
test scheduler::mtp_gate::tests::starts_in_mtp_mode ... ok
test scheduler::mtp_gate::tests::switches_to_serial_when_clearly_faster_with_dwell ... ok
test scheduler::mtp_gate::tests::width_jitter_inside_a_bucket_does_not_stale ... ok
test scheduler::mtp_gate::tests::think_budget_2048_two_crossings_do_not_dump_serial ... ok
test scheduler::mtp_gate::tests::width_regime_change_stales_and_remeasures_in_the_new_regime ... ok
test scheduler::mtp_dcut::tests::canonical_assignment_preserves_the_selected_row_total ... ok
test scheduler::mtp_gate::tests::stale_other_baseline_cannot_steal_mode ... ok
test scheduler::mtp_gate::tests::standard_mtp_spec_think_opts_in ... ok
test scheduler::mtp_gate::tests::arbiter_charges_active_width_never_a_padded_width ... ok
test scheduler::phase_continue_prefills::prefill_waves::tests::flag_off_is_one_wave_with_every_stream_in_order ... ok
test scheduler::phase_continue_prefills::prefill_waves::tests::empty_streams_no_waves ... ok
test scheduler::phase_continue_prefills::prefill_waves::tests::budget_cap_is_exact_not_off_by_one ... ok
test scheduler::phase_continue_prefills::prefill_waves::tests::oversized_stream_gets_a_singleton_wave ... ok
test scheduler::phase_continue_prefills::prefill_waves::tests::mixed_geometry_splits_into_compatible_waves ... ok
test scheduler::phase_continue_prefills::prefill_waves::tests::every_stream_is_assigned_exactly_once ... ok
test scheduler::phase_continue_prefills::prefill_waves::tests::ragged_chunk0_wave_packs_up_to_the_budget ... ok
test scheduler::mtp_dcut::tests::below_the_gate_the_pairing_is_legacy_but_the_pruning_is_kept ... ok
test scheduler::phase_start_prefills::tests::empty_items_no_chunks ... ok
test scheduler::preempt_tests::single_sequence_exhaustion_is_not_preemptible ... ok
test scheduler::preempt_tests::victim_policy_all_immune_still_yields_a_victim ... ok
test scheduler::preempt_tests::victim_policy_least_progress_wins ... ok
test scheduler::preempt_tests::victim_policy_starvation_guard_skips_resumed_until_progress ... ok
test scheduler::preempt_tests::resume_loop_gates_on_blocks_and_reclaims_from_prefix_cache ... ok
test scheduler::preempt_tests::non_kv_error_still_fails_the_whole_batch ... ok
test scheduler::preempt_tests::victim_policy_vision_requeue_excluded_but_spill_allowed ... ok
test scheduler::phase_start_prefills::tests::single_adapter_all_fit_one_chunk ... ok
test scheduler::preempt_tests::resume_reprefills_exact_history_and_preserves_stream_state ... ok
test scheduler::phase_start_prefills::tests::heterogeneous_beam_counts_respect_cap ... ok
test scheduler::phase_start_prefills::tests::groups_by_adapter_then_packs_by_cap ... ok
test scheduler::preempt_tests::resume_loop_errors_out_a_sequence_that_can_never_fit ... ok
test scheduler::repetition::fuzzy_repetition_tests::detects_exact_triple_repetition ... ok
test scheduler::rollback::rollback_tests::fallback_variants_are_distinct ... ok
test scheduler::rollback::rollback_tests::rewind_truncates_output_and_seq_and_lowers_seq_len ... ok
test scheduler::repetition::fuzzy_repetition_tests::detects_fuzzy_triple_within_tolerance ... ok
test scheduler::repetition::fuzzy_repetition_tests::returns_none_below_minimum_output ... ok
test scheduler::repetition::fuzzy_repetition_tests::does_not_fire_on_double_boilerplate ... ok
test scheduler::rollback::rollback_tests::rewind_keeping_all_is_a_noop ... ok
test scheduler::rollback::rollback_tests::rewind_seq_len_saturates_at_zero ... ok
test scheduler::repetition::fuzzy_repetition_tests::does_not_fire_on_exact_boundary_double_match ... ok
test scheduler::repetition::fuzzy_repetition_tests::returns_none_on_non_repeating_output ... ok
test scheduler::rollback::rollback_tests::rom_head_absent_by_default ... ok
test scheduler::rollback::rollback_tests::rollback_cap_is_two ... ok
test scheduler::rollback::rollback_tests::rom_head_trait_seam_is_callable ... ok
test scheduler::rollback::rollback_tests::buffer_shorter_than_min_keep_returns_none ... ok
test scheduler::rollback::rollback_tests::finds_last_boundary_skipping_min_keep ... ok
test scheduler::rollback::rollback_tests::picks_latest_of_several_boundaries ... ok
test scheduler::rollback::rollback_tests::no_boundary_in_buffer_returns_none ... ok
test scheduler::rollback::rollback_tests::boundary_inside_min_keep_window_is_ignored ... ok
test scheduler::sample_step::penalty_scope_tests::opener_bias_stripped_only_inside_tool_body ... ok
test scheduler::sched_ctx::tests::a_test_context_needs_no_environment ... ok
test scheduler::rollback::rollback_tests::snapshot_aware_search_declines_when_no_boundary_has_a_snapshot ... ok
test scheduler::rollback::rollback_tests::snapshot_aware_search_respects_min_keep_window ... ok
test scheduler::rollback::rollback_tests::snapshot_aware_search_after_eviction_only_sees_live_snapshots ... ok
test scheduler::spec_stats::tests::a_fresh_run_starts_at_zero ... ok
test scheduler::ssm_decode_ring::ssm_decode_ring_tests::boundary_with_snapshot_selection_picks_latest_eligible ... ok
test scheduler::ssm_decode_ring::ssm_decode_ring_tests::decline_when_no_boundary_has_snapshot ... ok
test scheduler::rollback::rollback_tests::snapshot_aware_search_picks_latest_boundary_with_a_snapshot ... ok
test scheduler::sched_ctx::tests::two_contexts_are_independent ... ok
test scheduler::spec_stats::tests::reset_clears_a_counter_for_the_next_summary_window ... ok
test scheduler::spec_capacity::tests::full_capacity_slots_do_not_clamp ... ok
test scheduler::ssm_decode_ring::ssm_decode_ring_tests::record_assigns_distinct_slots_until_full ... ok
test scheduler::ssm_decode_ring::ssm_decode_ring_tests::record_after_truncate_does_not_panic_or_share_slots ... ok
test scheduler::preempt_tests::kv_exhaustion_requeues_least_progress_victim_and_sends_nothing ... ok
test scheduler::spec_stats::tests::two_runs_count_independently ... ok
test scheduler::rollback::rollback_tests::snapshot_aware_search_empty_ring_declines ... ok
test scheduler::sample_step::penalty_scope_tests::scope_without_completed_call_is_full_history ... ok
test scheduler::sample_step::penalty_scope_tests::scope_cuts_after_last_completed_call ... ok
test scheduler::sample_step::penalty_scope_tests::scoped_history_prevents_cross_call_penalty_compounding ... ok
test scheduler::snapshot::tests::publish_read_roundtrip ... ok
test scheduler::spec_capacity::tests::a_low_capacity_slot_bounds_the_whole_step ... ok
test scheduler::ssm_decode_ring::ssm_decode_ring_tests::disabled_ring_records_nothing ... ok
test scheduler::ssm_decode_ring::ssm_decode_ring_tests::record_evicts_oldest_when_full_and_reuses_its_slot ... ok
test scheduler::ssm_decode_ring::ssm_decode_ring_tests::record_wraps_round_robin_over_capacity ... ok
test scheduler::ssm_decode_ring::ssm_decode_ring_tests::truncate_after_drops_entries_past_keep_len ... ok
test scheduler::ssm_decode_ring::ssm_decode_ring_tests::snapshot_positions_lists_live_entries_oldest_first ... ok
test scheduler::ssm_decode_ring::ssm_decode_ring_tests::truncate_after_keeps_exact_boundary_snapshot ... ok
test scheduler::ssm_decode_ring::ssm_decode_ring_tests::slot_for_position_requires_exact_match ... ok
test scheduler::ssm_decode_ring::ssm_decode_ring_tests::truncate_rewinds_cursor_to_preserve_survivors ... ok
test scheduler::ssm_decode_ring::ssm_decode_ring_tests::truncate_to_empty_resets_cursor ... ok
test scheduler::think_skip_tests::fifty_consecutive_think_strays_still_stop_the_turn ... ok
test scheduler::think_skip_tests::strays_inside_thinking_are_not_counted_as_strays ... ok
test scheduler::think_skip_tests::the_watchdog_cut_names_its_guard_and_wires_length ... ok
test scheduler::think_skip_tests::scattered_think_strays_do_not_stop_the_turn ... ok
test scheduler::vocab_masks::tests::an_id_past_the_end_is_unclassified_rather_than_a_panic ... ok
test scheduler::vocab_masks::tests::debug_reports_populations_not_contents ... ok
test scheduler::think_skip_tests::a_genuine_eos_stop_is_not_converted_to_length ... ok
test scheduler::think_skip_tests::the_watchdog_rearms_after_content_defuses_it ... ok
test scheduler::types::budget_tests::consume_budget_decrements_to_zero ... ok
test scheduler::types::budget_tests::consume_budget_at_zero_signals_finish_and_never_wraps ... ok
test scheduler::teardown::tests::a_failed_sync_is_named_and_does_not_stop_the_sweep ... ok
test scheduler::teardown::tests::every_stream_is_waited_on ... ok
test scheduler::vocab_masks::tests::an_absent_mask_classifies_nothing ... ok
test scheduler::teardown::tests::the_prefill_stream_is_not_forgotten ... ok
test scheduler::vocab_masks::tests::the_three_masks_are_independent ... ok
test scheduler::teardown::tests::no_streams_is_not_a_failure ... ok
test scheduler::teardown::tests::all_failures_are_reported ... ok
test scheduler::verify_pipeline_helper::argmax::argmax_tests::matches_reference_on_edge_cases ... ok
test scheduler::prefill_timing_tests::deferred_prefill_clock_includes_cold_and_cached_grammar_preparation ... ok
test scheduler::verify_pipeline_helper::argmax::argmax_tests::matches_reference_on_vocab_sized_input ... ok

test result: ok. 240 passed; 0 failed; 0 ignored; 0 measured; 2114 filtered out; finished in 0.04s

