Welcome to vast.ai. If authentication fails, try again after a few seconds, and double check your ssh key.
Have fun!
82M	/workspace/atlas-rental/src/native-fp8-batched-ffn
Filesystem      Size  Used Avail Use% Mounted on
overlay         500G  116G  385G  24% /
Sat Sep  5 23:54:41 2026       
+-----------------------------------------------------------------------------------------+
| NVIDIA-SMI 610.57.04              KMD Version: 610.57.04     CUDA UMD Version: 13.3     |
+-----------------------------------------+------------------------+----------------------+
| GPU  Name                 Persistence-M | Bus-Id          Disp.A | Volatile Uncorr. ECC |
| Fan  Temp   Perf          Pwr:Usage/Cap |           Memory-Usage | GPU-Util  Compute M. |
|                                         |                        |               MIG M. |
|=========================================+========================+======================|
|   0  NVIDIA H100 80GB HBM3          On  |   00000000:3A:00.0 Off |                    0 |
| N/A   31C    P0             69W /  599W |       0MiB /  81559MiB |      0%      Default |
|                                         |                        |             Disabled |
+-----------------------------------------+------------------------+----------------------+

+-----------------------------------------------------------------------------------------+
| Processes:                                                                              |
|  GPU   GI   CI              PID   Type   Process name                        GPU Memory |
|        ID   ID                                                               Usage      |
|=========================================================================================|
|  No running processes found                                                             |
+-----------------------------------------------------------------------------------------+
{
  "tested_sources": {
    "crates/spark-model/src/layers/dense_ffn.rs": "6fe33fbd57575750bfd13c372cadeced90e599098f8c7799e9865cc3a2905641",
    "crates/spark-model/src/layers/dense_ffn_native_batch_tests.rs": "dfc20c331b24df8c9342347439b4fd818e60ccd75781ed7f05e9d196141dfa78"
  }
}
