{
  "model": "nemotron-3-super-nvfp4",
  "sku": "b200",
  "prd_source": "3.1 L69; 5 L125; 8 L214",
  "role": "NVFP4-unallocated-probe",
  "atlas_expectation": "ATLAS_UNSUPPORTED",
  "key_status": "unallocated-proposal",
  "id": "atlas.nemotron-3-super-nvfp4.b200.lat.c1.specoff.thinkoff",
  "engine": "atlas",
  "workload": "lat",
  "concurrency": 1,
  "spec": "off",
  "think": "off",
  "category": "policy-probe",
  "policy_notes": [
    "NVFP4-unallocated-probe",
    "canonical model key not allocated by recipe JSON"
  ]
}

=== run_cell ===
$ bash bench/campaign/run_cell.sh --engine atlas --model nemotron-3-super-nvfp4 --sku b200 --workload lat --concurrency 1 --spec off --think off --out /tmp/atlas-step-d-dryrun-not-created/atlas.nemotron-3-super-nvfp4.b200.lat.c1.specoff.thinkoff --dry-run
started_utc: 2026-09-05T12:55:37.938650+00:00
exit_code: 3
wall_seconds: 0.203099
--- stdout ---
no rendered profile for nemotron-3-super-nvfp4 on b200

--- stderr ---
