{
  "model": "minimax-m2.7",
  "sku": "h200",
  "prd_source": "3.2 L73; 5 L125",
  "role": "Phase-D-conditional",
  "atlas_expectation": "conditional",
  "key_status": "unallocated-proposal",
  "id": "atlas.minimax-m2.7.h200.lat.c16.specoff.thinkon",
  "engine": "atlas",
  "workload": "lat",
  "concurrency": 16,
  "spec": "off",
  "think": "on",
  "category": "scoring-envelope",
  "policy_notes": [
    "canonical model key not allocated by recipe JSON"
  ]
}

=== run_cell ===
$ bash bench/campaign/run_cell.sh --engine atlas --model minimax-m2.7 --sku h200 --workload lat --concurrency 16 --spec off --think on --out /tmp/atlas-step-d-dryrun-not-created/atlas.minimax-m2.7.h200.lat.c16.specoff.thinkon --dry-run
started_utc: 2026-09-05T12:55:04.865342+00:00
exit_code: 3
wall_seconds: 0.208704
--- stdout ---
no rendered profile for minimax-m2.7 on h200

--- stderr ---
