{
  "model": "minimax-m3",
  "sku": "h100",
  "prd_source": "3.2 L75; 8 L212 explicit no-H100-recipe vs current JSON profile",
  "role": "negative-SKU-probe",
  "atlas_expectation": "ATLAS_UNSUPPORTED",
  "key_status": "canonical",
  "id": "atlas.minimax-m3.h100.lat.c1.specoff.thinkoff",
  "engine": "atlas",
  "workload": "lat",
  "concurrency": 1,
  "spec": "off",
  "think": "off",
  "category": "policy-probe",
  "policy_notes": [
    "negative-SKU-probe"
  ]
}

=== run_cell ===
$ bash bench/campaign/run_cell.sh --engine atlas --model minimax-m3 --sku h100 --workload lat --concurrency 1 --spec off --think off --out /tmp/atlas-step-d-dryrun-not-created/atlas.minimax-m3.h100.lat.c1.specoff.thinkoff --dry-run
started_utc: 2026-09-05T13:09:17.694925+00:00
exit_code: 3
wall_seconds: 0.199732
--- stdout ---
no rendered profile for minimax-m3 on h100

--- stderr ---
