test_multisequence_profile_is_explicit_and_preserved (__main__.ProcessEnvironmentTests.test_multisequence_profile_is_explicit_and_preserved) ... 
  test_multisequence_profile_is_explicit_and_preserved (__main__.ProcessEnvironmentTests.test_multisequence_profile_is_explicit_and_preserved) (value='0') ... ERROR
  test_multisequence_profile_is_explicit_and_preserved (__main__.ProcessEnvironmentTests.test_multisequence_profile_is_explicit_and_preserved) (value='1') ... ERROR
test_unknown_diagnostic_still_refuses (__main__.ProcessEnvironmentTests.test_unknown_diagnostic_still_refuses) ... ok

======================================================================
ERROR: test_multisequence_profile_is_explicit_and_preserved (__main__.ProcessEnvironmentTests.test_multisequence_profile_is_explicit_and_preserved) (value='0')
----------------------------------------------------------------------
Traceback (most recent call last):
  File "/Users/tom/Documents/New project/atlas-ms-profile-env/bench/campaign/process_launch_test.py", line 34, in test_multisequence_profile_is_explicit_and_preserved
    self.assertEqual(self.environment({"ATLAS_MS_PROFILE": value})["ATLAS_MS_PROFILE"],
                     ~~~~~~~~~~~~~~~~^^^^^^^^^^^^^^^^^^^^^^^^^^^^^
  File "/Users/tom/Documents/New project/atlas-ms-profile-env/bench/campaign/process_launch_test.py", line 29, in environment
    return process_launch.launch_environment(SimpleNamespace(env_json=str(path), env=[]))
           ~~~~~~~~~~~~~~~~~~~~~~~~~~~~~~~~~^^^^^^^^^^^^^^^^^^^^^^^^^^^^^^^^^^^^^^^^^^^^^
  File "/Users/tom/Documents/New project/atlas-ms-profile-env/bench/campaign/process_launch.py", line 41, in launch_environment
    raise ValueError("environment key is not allowed: " + key)
ValueError: environment key is not allowed: ATLAS_MS_PROFILE

======================================================================
ERROR: test_multisequence_profile_is_explicit_and_preserved (__main__.ProcessEnvironmentTests.test_multisequence_profile_is_explicit_and_preserved) (value='1')
----------------------------------------------------------------------
Traceback (most recent call last):
  File "/Users/tom/Documents/New project/atlas-ms-profile-env/bench/campaign/process_launch_test.py", line 34, in test_multisequence_profile_is_explicit_and_preserved
    self.assertEqual(self.environment({"ATLAS_MS_PROFILE": value})["ATLAS_MS_PROFILE"],
                     ~~~~~~~~~~~~~~~~^^^^^^^^^^^^^^^^^^^^^^^^^^^^^
  File "/Users/tom/Documents/New project/atlas-ms-profile-env/bench/campaign/process_launch_test.py", line 29, in environment
    return process_launch.launch_environment(SimpleNamespace(env_json=str(path), env=[]))
           ~~~~~~~~~~~~~~~~~~~~~~~~~~~~~~~~~^^^^^^^^^^^^^^^^^^^^^^^^^^^^^^^^^^^^^^^^^^^^^
  File "/Users/tom/Documents/New project/atlas-ms-profile-env/bench/campaign/process_launch.py", line 41, in launch_environment
    raise ValueError("environment key is not allowed: " + key)
ValueError: environment key is not allowed: ATLAS_MS_PROFILE

----------------------------------------------------------------------
Ran 2 tests in 0.002s

FAILED (errors=2)
