Welcome to vast.ai. If authentication fails, try again after a few seconds, and double check your ssh key.
Have fun!
   Compiling spark-model v1.0.0-beta-preview (/workspace/atlas-rental/src/fp8-attention-batch/crates/spark-model)
error[E0308]: mismatched types
  --> crates/spark-model/src/layers/qwen3_attention/trait_impl/multi_seq/attn/o_proj_tests.rs:30:26
   |
30 |     config.hidden_size = width as u32;
   |     ------------------   ^^^^^^^^^^^^ expected `usize`, found `u32`
   |     |
   |     expected due to the type of this binding

error[E0308]: mismatched types
  --> crates/spark-model/src/layers/qwen3_attention/trait_impl/multi_seq/attn/o_proj_tests.rs:34:23
   |
34 |     config.head_dim = width as u32;
   |     ---------------   ^^^^^^^^^^^^ expected `usize`, found `u32`
   |     |
   |     expected due to the type of this binding

For more information about this error, try `rustc --explain E0308`.
error: could not compile `spark-model` (lib test) due to 2 previous errors
warning: build failed, waiting for other jobs to finish...
