Welcome to vast.ai. If authentication fails, try again after a few seconds, and double check your ssh key.
Have fun!
   Compiling atlas-core v1.0.0-beta-preview (/workspace/atlas-rental/src/fp8-attention-batch/crates/atlas-core)
   Compiling atlas-closure v1.0.0-beta-preview (/workspace/atlas-rental/src/fp8-attention-batch/crates/atlas-closure)
   Compiling spark-runtime v1.0.0-beta-preview (/workspace/atlas-rental/src/fp8-attention-batch/crates/spark-runtime)
    Checking atlas-governance v1.0.0-beta-preview (/workspace/atlas-rental/src/fp8-attention-batch/crates/atlas-governance)
   Compiling spark-storage v1.0.0-beta-preview (/workspace/atlas-rental/src/fp8-attention-batch/crates/spark-storage)
    Checking cufile-sys v1.0.0-beta-preview (/workspace/atlas-rental/src/fp8-attention-batch/crates/cufile-sys)
    Checking atlas-plugin v1.0.0-beta-preview (/workspace/atlas-rental/src/fp8-attention-batch/crates/atlas-plugin)
    Checking atlas-rdma v1.0.0-beta-preview (/workspace/atlas-rental/src/fp8-attention-batch/crates/atlas-rdma)
    Checking atlas-tier v1.0.0-beta-preview (/workspace/atlas-rental/src/fp8-attention-batch/crates/atlas-tier)
   Compiling atlas-kernels v1.0.0-beta-preview (/workspace/atlas-rental/src/fp8-attention-batch/crates/atlas-kernels)
    Checking spark-comm v1.0.0-beta-preview (/workspace/atlas-rental/src/fp8-attention-batch/crates/spark-comm)
 Documenting atlas-plugin v1.0.0-beta-preview (/workspace/atlas-rental/src/fp8-attention-batch/crates/atlas-plugin)
    Checking xgrammar v1.0.0-beta-preview (/workspace/atlas-rental/src/fp8-attention-batch/crates/xgrammar)
   Compiling atlas-spark-bench v1.0.0-beta-preview (/workspace/atlas-rental/src/fp8-attention-batch/crates/atlas-spark-bench)
 Documenting spark-nllb v1.0.0-beta-preview (/workspace/atlas-rental/src/fp8-attention-batch/crates/spark-nllb)
    Checking spark-nllb v1.0.0-beta-preview (/workspace/atlas-rental/src/fp8-attention-batch/crates/spark-nllb)
 Documenting spark-storage v1.0.0-beta-preview (/workspace/atlas-rental/src/fp8-attention-batch/crates/spark-storage)
    Checking spark-model v1.0.0-beta-preview (/workspace/atlas-rental/src/fp8-attention-batch/crates/spark-model)
 Documenting spark-model v1.0.0-beta-preview (/workspace/atlas-rental/src/fp8-attention-batch/crates/spark-model)
 Documenting spark-runtime v1.0.0-beta-preview (/workspace/atlas-rental/src/fp8-attention-batch/crates/spark-runtime)
 Documenting atlas-spark-bench v1.0.0-beta-preview (/workspace/atlas-rental/src/fp8-attention-batch/crates/atlas-spark-bench)
 Documenting atlas-kernels v1.0.0-beta-preview (/workspace/atlas-rental/src/fp8-attention-batch/crates/atlas-kernels)
 Documenting xgrammar v1.0.0-beta-preview (/workspace/atlas-rental/src/fp8-attention-batch/crates/xgrammar)
 Documenting cufile-sys v1.0.0-beta-preview (/workspace/atlas-rental/src/fp8-attention-batch/crates/cufile-sys)
 Documenting atlas-core v1.0.0-beta-preview (/workspace/atlas-rental/src/fp8-attention-batch/crates/atlas-core)
 Documenting atlas-rdma v1.0.0-beta-preview (/workspace/atlas-rental/src/fp8-attention-batch/crates/atlas-rdma)
 Documenting atlas-closure v1.0.0-beta-preview (/workspace/atlas-rental/src/fp8-attention-batch/crates/atlas-closure)
 Documenting atlas-governance v1.0.0-beta-preview (/workspace/atlas-rental/src/fp8-attention-batch/crates/atlas-governance)
 Documenting spark-comm v1.0.0-beta-preview (/workspace/atlas-rental/src/fp8-attention-batch/crates/spark-comm)
 Documenting atlas-tier v1.0.0-beta-preview (/workspace/atlas-rental/src/fp8-attention-batch/crates/atlas-tier)
 Documenting spark-server v1.0.0-beta-preview (/workspace/atlas-rental/src/fp8-attention-batch/crates/spark-server)
    Checking spark-server v1.0.0-beta-preview (/workspace/atlas-rental/src/fp8-attention-batch/crates/spark-server)
    Finished `dev` profile [unoptimized + debuginfo] target(s) in 30.29s
   Generated /workspace/atlas-rental/target-cpu-checks/doc/atlas_closure/index.html and 21 other files
