test_bad_row_or_failed_command_keeps_quality_false (__main__.ResumedSummaryTests.test_bad_row_or_failed_command_keeps_quality_false) ... ok
test_empty_export_is_pending_not_silently_dropped (__main__.ResumedSummaryTests.test_empty_export_is_pending_not_silently_dropped) ... ok
test_missing_argv_preserves_unproven_parity (__main__.ResumedSummaryTests.test_missing_argv_preserves_unproven_parity) ... ok
test_new_labels_preserve_baseline_pairs_and_failed_gates (__main__.ResumedSummaryTests.test_new_labels_preserve_baseline_pairs_and_failed_gates) ... ok
test_oproj_complete_pairs_preserve_old_heads (__main__.ResumedSummaryTests.test_oproj_complete_pairs_preserve_old_heads) ... ok
test_oproj_partial_is_retained (__main__.ResumedSummaryTests.test_oproj_partial_is_retained) ... ok
test_quality_coherency_false_and_policy_remain_separate (__main__.ResumedSummaryTests.test_quality_coherency_false_and_policy_remain_separate) ... ERROR
test_quality_only_marker_does_not_become_pending_ladder_or_pass (__main__.ResumedSummaryTests.test_quality_only_marker_does_not_become_pending_ladder_or_pass) ... ok
test_quality_pass_requires_observed_rows_and_command (__main__.ResumedSummaryTests.test_quality_pass_requires_observed_rows_and_command) ... ok
test_vllm_repeat_has_actual_aa_pair_and_no_identity_upgrade (__main__.ResumedSummaryTests.test_vllm_repeat_has_actual_aa_pair_and_no_identity_upgrade) ... ok

======================================================================
ERROR: test_quality_coherency_false_and_policy_remain_separate (__main__.ResumedSummaryTests.test_quality_coherency_false_and_policy_remain_separate)
----------------------------------------------------------------------
Traceback (most recent call last):
  File "/Users/tom/Documents/New project/atlas-campaign-evidence/rental-live/single-h100/tooling-fixes/measurement-summary-oproj-labels/test_summary_oproj.py", line 75, in test_quality_coherency_false_and_policy_remain_separate
    self.assertFalse(item['coherency']['passed'])
                     ~~~~^^^^^^^^^^^^^
KeyError: 'coherency'

----------------------------------------------------------------------
Ran 10 tests in 5.374s

FAILED (errors=1)
