test_foreign_acceptor_inheriting_owned_listener_is_refused (__main__.EndpointTests.test_foreign_acceptor_inheriting_owned_listener_is_refused) ... ok
test_foreign_listener_refuses_even_while_owned_parent_is_alive (__main__.EndpointTests.test_foreign_listener_refuses_even_while_owned_parent_is_alive) ... ok
test_free_endpoint_passes_then_occupied_listener_refuses_unchanged (__main__.EndpointTests.test_free_endpoint_passes_then_occupied_listener_refuses_unchanged) ... ok
test_missing_stale_or_unreadable_owner_proof_cannot_reuse_green (__main__.EndpointTests.test_missing_stale_or_unreadable_owner_proof_cannot_reuse_green) ... ok
test_non_loopback_or_credentialed_url_is_refused (__main__.EndpointTests.test_non_loopback_or_credentialed_url_is_refused) ... ok
test_occupied_endpoint_precedes_engine_audit_and_preserves_foreign_listener (__main__.EndpointTests.test_occupied_endpoint_precedes_engine_audit_and_preserves_foreign_listener) ... ok
test_owned_group_child_can_serve_while_parent_remains_alive (__main__.EndpointTests.test_owned_group_child_can_serve_while_parent_remains_alive) ... ok
test_owned_ipv4_listener_and_accepted_socket_pass (__main__.EndpointTests.test_owned_ipv4_listener_and_accepted_socket_pass) ... ok
test_owned_ipv6_and_dual_stack_acceptance (__main__.EndpointTests.test_owned_ipv6_and_dual_stack_acceptance) ... ok
test_reuseport_foreign_listener_refuses_all_candidates (__main__.EndpointTests.test_reuseport_foreign_listener_refuses_all_candidates) ... ok
test_unreadable_proc_boundary_overwrites_prior_green_with_refusal (__main__.EndpointTests.test_unreadable_proc_boundary_overwrites_prior_green_with_refusal) ... {"schema": 1, "kind": "linux-proc-endpoint", "operation": "free", "checked_at": "2026-09-05T18:35:29.724061+00:00", "status": "refused", "address": "127.0.0.1", "port": 12345, "network_namespace": "net:[4026531833]", "error": "proc table unreadable"}
ok
test_wildcard_ipv4_ipv6_and_mapped_ipv6_listeners (__main__.EndpointTests.test_wildcard_ipv4_ipv6_and_mapped_ipv6_listeners) ... ok

----------------------------------------------------------------------
Ran 12 tests in 2.841s

OK
test_preexisting_process_directory_cannot_capture_or_stop_foreign_owner (__main__.ProcessRunnerTests.test_preexisting_process_directory_cannot_capture_or_stop_foreign_owner) ... {"oracle": "preexisting process directory", "exit": 1, "foreign_pid": 1120789, "alive_after": true, "owner_unchanged": true, "verdict": "NO-GO", "stage": "serve"}
ok
test_term_during_boot_stops_owned_process_and_retains_environment (__main__.ProcessRunnerTests.test_term_during_boot_stops_owned_process_and_retains_environment) ... {"oracle": "SIGTERM during boot", "exit": 143, "owned_pid": 1120892, "alive_after": false, "verdict": "NO-GO", "stage": "boot", "serve_env": {"CUDA_VISIBLE_DEVICES": "-1", "HF_HUB_OFFLINE": "1", "RUST_LOG": "info", "SPT_NOENV": "1"}}
ok

----------------------------------------------------------------------
Ran 2 tests in 1.653s

OK
