   Compiling cudarc v0.19.2 (/home/pidtom/atlas-value-entry-server-20260905/vendor/cudarc)
   Compiling atlas-core v1.0.0-beta-preview (/home/pidtom/atlas-value-entry-server-20260905/crates/atlas-core)
   Compiling atlas-closure v1.0.0-beta-preview (/home/pidtom/atlas-value-entry-server-20260905/crates/atlas-closure)
   Compiling atlas-rdma v1.0.0-beta-preview (/home/pidtom/atlas-value-entry-server-20260905/crates/atlas-rdma)
   Compiling spark-runtime v1.0.0-beta-preview (/home/pidtom/atlas-value-entry-server-20260905/crates/spark-runtime)
   Compiling spark-storage v1.0.0-beta-preview (/home/pidtom/atlas-value-entry-server-20260905/crates/spark-storage)
   Compiling cufile-sys v1.0.0-beta-preview (/home/pidtom/atlas-value-entry-server-20260905/crates/cufile-sys)
   Compiling atlas-tier v1.0.0-beta-preview (/home/pidtom/atlas-value-entry-server-20260905/crates/atlas-tier)
   Compiling spark-model v1.0.0-beta-preview (/home/pidtom/atlas-value-entry-server-20260905/crates/spark-model)
   Compiling atlas-governance v1.0.0-beta-preview (/home/pidtom/atlas-value-entry-server-20260905/crates/atlas-governance)
   Compiling spark-comm v1.0.0-beta-preview (/home/pidtom/atlas-value-entry-server-20260905/crates/spark-comm)
   Compiling xgrammar v1.0.0-beta-preview (/home/pidtom/atlas-value-entry-server-20260905/crates/xgrammar)
   Compiling atlas-plugin v1.0.0-beta-preview (/home/pidtom/atlas-value-entry-server-20260905/crates/atlas-plugin)
   Compiling atlas-kernels v1.0.0-beta-preview (/home/pidtom/atlas-value-entry-server-20260905/crates/atlas-kernels)
   Compiling spark-server v1.0.0-beta-preview (/home/pidtom/atlas-value-entry-server-20260905/crates/spark-server)
    Finished `test` profile [unoptimized + debuginfo] target(s) in 40.47s
     Running unittests src/main.rs (/home/pidtom/atlas-hopper-gate-full/target/debug/deps/spark-8a5b8b10b61861ba)

running 1 test

thread 'grammar::tests::value_entry::value_entry_content_tokens_need_no_contextual_trials' (1286614) panicked at crates/spark-server/src/grammar/tests/value_entry.rs:56:17:
assertion `left == right` failed: Reykjavik: empty=false, close=false
  left: 1
 right: 0
note: run with `RUST_BACKTRACE=1` environment variable to display a backtrace
test grammar::tests::value_entry::value_entry_content_tokens_need_no_contextual_trials ... FAILED

failures:

failures:
    grammar::tests::value_entry::value_entry_content_tokens_need_no_contextual_trials

test result: FAILED. 0 passed; 1 failed; 0 ignored; 0 measured; 2359 filtered out; finished in 0.02s

error: test failed, to rerun pass `-p spark-server --bin spark`
