    Checking cfg-if v1.0.4
    Checking libc v0.2.189
    Checking serde_core v1.0.229
    Checking itoa v1.0.17
    Checking memchr v2.8.0
    Checking log v0.4.29
    Checking equivalent v1.0.2
    Checking once_cell v1.21.4
    Checking allocator-api2 v0.2.21
    Checking foldhash v0.2.0
    Checking scopeguard v1.2.0
    Checking pin-project-lite v0.2.16
    Checking lock_api v0.4.14
    Checking zmij v1.0.21
    Checking bytes v1.11.1
    Checking anyhow v1.0.104
    Checking thiserror v2.0.19
    Checking tracing-core v0.1.36
    Checking bitflags v2.11.0
    Checking errno v0.3.14
    Checking mio v1.2.1
    Checking socket2 v0.6.4
    Checking signal-hook-registry v1.4.8
    Checking tracing v0.1.44
    Checking either v1.15.0
    Checking getrandom v0.2.17
    Checking crossbeam-utils v0.8.21
    Checking zerocopy v0.8.39
    Checking futures-core v0.3.33
   Compiling indexmap v2.13.0
    Checking getrandom v0.3.4
    Checking futures-sink v0.3.33
    Checking crossbeam-epoch v0.9.20
   Compiling generic-array v0.14.7
   Compiling strsim v0.11.1
    Checking serde v1.0.229
    Checking hashbrown v0.16.1
    Checking crossbeam-deque v0.8.6
   Compiling toml_edit v0.22.27
    Checking smallvec v1.15.1
    Checking slab v0.4.12
    Checking rayon-core v1.13.0
   Compiling crypto-common v0.1.7
    Checking parking_lot_core v0.9.12
   Compiling block-buffer v0.10.4
    Checking parking_lot v0.12.5
    Checking futures-channel v0.3.33
    Checking rayon v1.12.0
    Checking tokio v1.52.3
    Checking ptr_meta v0.3.2
   Compiling digest v0.10.7
    Checking serde_json v1.0.151
   Compiling ucd-trie v0.1.7
    Checking futures-task v0.3.33
    Checking futures-io v0.3.33
    Checking typenum v1.20.1
    Checking futures-util v0.3.33
    Checking ppv-lite86 v0.2.21
   Compiling toml v0.8.23
   Compiling sha2 v0.10.9
   Compiling pest v2.8.8
    Checking rancor v0.1.3
    Checking libloading v0.9.0
    Checking simdutf8 v0.1.5
   Compiling atlas-core v1.0.0-beta-preview (/workspace/atlas-rental/src/atlas/crates/atlas-core)
    Checking linux-raw-sys v0.12.1
    Checking bytecheck v0.8.3
   Compiling pest_meta v2.8.8
    Checking cudarc v0.19.2 (/workspace/atlas-rental/src/atlas/vendor/cudarc)
    Checking rustix v1.1.4
   Compiling atlas-closure v1.0.0-beta-preview (/workspace/atlas-rental/src/atlas/crates/atlas-closure)
    Checking http v1.4.0
    Checking base64 v0.22.1
    Checking untrusted v0.9.0
    Checking fastrand v2.3.0
    Checking ring v0.17.14
    Checking munge v0.4.7
    Checking tempfile v3.27.0
   Compiling pest_generator v2.8.8
   Compiling atlas-kernels v1.0.0-beta-preview (/workspace/atlas-rental/src/atlas/crates/atlas-kernels)
    Checking rend v0.5.4
    Checking ryu v1.0.23
   Compiling fnv v1.0.7
    Checking hashbrown v0.17.1
   Compiling darling_core v0.20.11
   Compiling pest_derive v2.8.8
    Checking safetensors v0.8.0
    Checking half v2.7.1
    Checking rand_core v0.6.4
    Checking rkyv v0.8.18
    Checking memmap2 v0.9.11
    Checking twox-hash v2.1.3
    Checking bumpalo v3.20.2
    Checking rustc-hash v2.1.3
    Checking cpufeatures v0.2.17
    Checking simd-adler32 v0.3.8
    Checking rand_chacha v0.3.1
    Checking libm v0.2.16
    Checking castaway v0.2.4
    Checking toml_datetime v0.6.11
    Checking serde_spanned v0.6.9
    Checking aho-corasick v1.1.4
    Checking regex-syntax v0.8.10
    Checking unicode-segmentation v1.12.0
    Checking winnow v0.7.14
    Checking toml_write v0.1.2
    Checking static_assertions v1.1.0
    Checking adler2 v2.0.1
   Compiling darling_macro v0.20.11
    Checking miniz_oxide v0.8.9
    Checking latticedb-core v0.3.3 (https://github.com/Avarok-Cybersecurity/lattice-db?rev=e722d71#e722d71b)
    Checking regex-automata v0.4.14
   Compiling darling v0.20.11
    Checking num-traits v0.2.19
    Checking rand v0.8.6
    Checking crc32fast v1.5.0
   Compiling spark-runtime v1.0.0-beta-preview (/workspace/atlas-rental/src/atlas/crates/spark-runtime)
    Checking futures-executor v0.3.33
    Checking flate2 v1.1.9
    Checking futures v0.3.33
    Checking ahash v0.8.12
    Checking httparse v1.10.1
   Compiling derive_builder_core v0.20.2
    Checking http-body v1.0.1
    Checking rand_core v0.9.5
    Checking libloading v0.8.9
    Checking percent-encoding v2.3.2
    Checking minimal-lexical v0.2.1
    Checking zeroize v1.8.2
    Checking nom v7.1.3
    Checking rustls-pki-types v1.14.0
    Checking rand_chacha v0.9.0
    Checking onig_sys v69.9.1
   Compiling spark-storage v1.0.0-beta-preview (/workspace/atlas-rental/src/atlas/crates/spark-storage)
   Compiling darling_core v0.23.0
    Checking itertools v0.14.0
   Compiling derive_builder_macro v0.20.2
    Checking base64 v0.13.1
    Checking atlas-governance v1.0.0-beta-preview (/workspace/atlas-rental/src/atlas/crates/atlas-governance)
    Checking tower-service v0.3.3
    Checking macro_rules_attribute v0.2.2
    Checking monostate v0.1.18
    Checking derive_builder v0.20.2
    Checking spm_precompiled v0.1.4
    Checking rand v0.9.3
    Checking atlas-plugin v1.0.0-beta-preview (/workspace/atlas-rental/src/atlas/crates/atlas-plugin)
    Checking onig v6.5.1
    Checking signal-hook v0.3.18
    Checking esaxx-rs v0.1.10
    Checking rayon-cond v0.4.0
    Checking io-uring v0.7.13
    Checking regex v1.12.3
    Checking cufile-sys v1.0.0-beta-preview (/workspace/atlas-rental/src/atlas/crates/cufile-sys)
    Checking rand_distr v0.4.3
    Checking atlas-rdma v1.0.0-beta-preview (/workspace/atlas-rental/src/atlas/crates/atlas-rdma)
    Checking compact_str v0.9.0
    Checking fdeflate v0.3.7
    Checking tokio-util v0.7.18
    Checking unicode-normalization-alignments v0.1.12
    Checking dary_heap v0.3.8
    Checking atlas-tier v1.0.0-beta-preview (/workspace/atlas-rental/src/atlas/crates/atlas-tier)
    Checking atomic-waker v1.1.2
    Checking tower-layer v0.3.3
    Checking foldhash v0.1.5
    Checking tap v1.0.1
    Checking color_quant v1.1.0
    Checking linux-raw-sys v0.4.15
    Checking daachorse v1.0.1
    Checking zune-core v0.5.1
    Checking try-lock v0.2.5
    Checking utf8parse v0.2.2
    Checking pxfm v0.1.28
    Checking unicode_categories v0.1.1
    Checking weezl v0.1.12
    Checking tokenizers v0.23.1
    Checking gif v0.14.2
    Checking anstyle-parse v1.0.0
    Checking want v0.3.1
    Checking rustix v0.38.44
   Compiling darling_macro v0.23.0
    Checking zune-jpeg v0.5.12
   Compiling darling v0.23.0
    Checking wyz v0.5.1
    Checking hashbrown v0.15.5
    Checking h2 v0.4.16
    Checking png v0.18.1
    Checking signal-hook-mio v0.2.5
    Checking radium v0.7.0
    Checking moxcms v0.8.1
    Checking rustls-webpki v0.103.13
    Checking http-body-util v0.1.3
    Checking itertools v0.13.0
    Checking colorchoice v1.0.4
    Checking lazy_static v1.5.0
    Checking funty v2.0.0
    Checking pin-utils v0.1.0
    Checking sync_wrapper v1.0.2
    Checking anstyle-query v1.1.5
    Checking httpdate v1.0.3
    Checking is_terminal_polyfill v1.70.2
    Checking hashbrown v0.14.5
    Checking byteorder-lite v0.1.0
    Checking anstyle v1.0.14
    Checking bytemuck v1.25.0
    Checking subtle v2.6.1
    Checking unicode-width v0.1.14
    Checking dashmap v6.2.1
    Checking rustls v0.23.37
    Checking anstream v1.0.0
    Checking unicode-truncate v1.1.0
   Compiling instability v0.3.12
    Checking bitvec v1.1.1
    Checking strum v0.26.3
    Checking crossterm v0.28.1
    Checking hyper v1.8.1
    Checking lru v0.12.5
    Checking image v0.25.10
    Checking webpki-roots v1.0.6
    Checking form_urlencoded v1.2.2
    Checking ureq-proto v0.6.0
    Checking compact_str v0.8.2
    Checking spark-comm v1.0.0-beta-preview (/workspace/atlas-rental/src/atlas/crates/spark-comm)
    Checking clap_lex v1.0.0
    Checking mime v0.3.17
    Checking utf8-zero v0.8.1
    Checking cassowary v0.3.0
    Checking unicode-width v0.2.0
    Checking axum-core v0.5.6
    Checking hyper-util v0.1.20
    Checking ureq v3.3.0
    Checking clap_builder v4.6.6
    Checking ratatui v0.29.0
    Checking serde_urlencoded v0.7.1
    Checking tower v0.5.3
    Checking sharded-slab v0.1.7
 Documenting atlas-plugin v1.0.0-beta-preview (/workspace/atlas-rental/src/atlas/crates/atlas-plugin)
    Checking matchers v0.2.0
    Checking serde_path_to_error v0.1.20
    Checking tracing-log v0.2.0
    Checking thread_local v1.1.9
    Checking matchit v0.8.4
    Checking memo-map v0.3.3
    Checking nu-ansi-term v0.50.3
    Checking clap v4.6.6
    Checking minijinja v2.21.0
    Checking tui-textarea v0.7.0
    Checking spark-model v1.0.0-beta-preview (/workspace/atlas-rental/src/atlas/crates/spark-model)
    Checking axum v0.8.9
    Checking tracing-subscriber v0.3.23
    Checking prometheus v0.14.0
    Checking xgrammar v1.0.0-beta-preview (/workspace/atlas-rental/src/atlas/crates/xgrammar)
    Checking tower-http v0.7.0
    Checking tokio-stream v0.1.19
   Compiling atlas-spark-bench v1.0.0-beta-preview (/workspace/atlas-rental/src/atlas/crates/atlas-spark-bench)
    Checking spark-nllb v1.0.0-beta-preview (/workspace/atlas-rental/src/atlas/crates/spark-nllb)
 Documenting spark-nllb v1.0.0-beta-preview (/workspace/atlas-rental/src/atlas/crates/spark-nllb)
 Documenting atlas-spark-bench v1.0.0-beta-preview (/workspace/atlas-rental/src/atlas/crates/atlas-spark-bench)
 Documenting spark-model v1.0.0-beta-preview (/workspace/atlas-rental/src/atlas/crates/spark-model)
 Documenting xgrammar v1.0.0-beta-preview (/workspace/atlas-rental/src/atlas/crates/xgrammar)
 Documenting spark-storage v1.0.0-beta-preview (/workspace/atlas-rental/src/atlas/crates/spark-storage)
 Documenting atlas-governance v1.0.0-beta-preview (/workspace/atlas-rental/src/atlas/crates/atlas-governance)
 Documenting cufile-sys v1.0.0-beta-preview (/workspace/atlas-rental/src/atlas/crates/cufile-sys)
 Documenting spark-runtime v1.0.0-beta-preview (/workspace/atlas-rental/src/atlas/crates/spark-runtime)
 Documenting atlas-rdma v1.0.0-beta-preview (/workspace/atlas-rental/src/atlas/crates/atlas-rdma)
 Documenting atlas-kernels v1.0.0-beta-preview (/workspace/atlas-rental/src/atlas/crates/atlas-kernels)
 Documenting atlas-core v1.0.0-beta-preview (/workspace/atlas-rental/src/atlas/crates/atlas-core)
 Documenting atlas-closure v1.0.0-beta-preview (/workspace/atlas-rental/src/atlas/crates/atlas-closure)
 Documenting spark-comm v1.0.0-beta-preview (/workspace/atlas-rental/src/atlas/crates/spark-comm)
 Documenting atlas-tier v1.0.0-beta-preview (/workspace/atlas-rental/src/atlas/crates/atlas-tier)
 Documenting spark-server v1.0.0-beta-preview (/workspace/atlas-rental/src/atlas/crates/spark-server)
    Checking spark-server v1.0.0-beta-preview (/workspace/atlas-rental/src/atlas/crates/spark-server)
    Finished `dev` profile [unoptimized + debuginfo] target(s) in 44.38s
   Generated /workspace/atlas-rental/target-cpu-checks/doc/atlas_closure/index.html and 21 other files
