Filesystem      Size  Used Avail Use% Mounted on
overlay         500G   24G  477G   5% /
    Updating crates.io index
    Updating git repository `https://github.com/Avarok-Cybersecurity/lattice-db`
 Downloading crates ...
  Downloaded equivalent v1.0.2
  Downloaded cfg-if v1.0.4
  Downloaded utf8_iter v1.0.4
  Downloaded zeroize v1.8.2
  Downloaded powerfmt v0.2.0
  Downloaded bitflags v2.11.0
  Downloaded rustversion v1.0.22
  Downloaded darling_macro v0.23.0
  Downloaded lock_api v0.4.14
  Downloaded winapi-util v0.1.11
  Downloaded writeable v0.6.2
  Downloaded ciborium-io v0.2.2
  Downloaded tinytemplate v1.2.1
  Downloaded libloading v0.9.0
  Downloaded criterion v0.8.2
  Downloaded anstyle-query v1.1.5
  Downloaded plotters-svg v0.3.7
  Downloaded oorandom v11.1.5
  Downloaded wasm-bindgen v0.2.114
  Downloaded utf8parse v0.2.2
  Downloaded itertools v0.13.0
  Downloaded crunchy v0.2.4
  Downloaded errno v0.3.14
  Downloaded lazy_static v1.5.0
  Downloaded page_size v0.6.0
  Downloaded tracing-log v0.2.0
  Downloaded nu-ansi-term v0.50.3
  Downloaded http-body-util v0.1.3
  Downloaded mio v1.2.1
  Downloaded sync_wrapper v1.0.2
  Downloaded dary_heap v0.3.8
  Downloaded minimal-lexical v0.2.1
  Downloaded tracing-subscriber v0.3.23
  Downloaded funty v2.0.0
  Downloaded monostate v0.1.18
  Downloaded zune-core v0.5.1
  Downloaded digest v0.10.7
  Downloaded windows_x86_64_msvc v0.52.6
  Downloaded serde_urlencoded v0.7.1
  Downloaded matchit v0.8.4
  Downloaded try-lock v0.2.5
  Downloaded prometheus v0.14.0
  Downloaded bytecheck_derive v0.8.3
  Downloaded tinyvec_macros v0.1.1
  Downloaded gif v0.14.2
  Downloaded fdeflate v0.3.7
  Downloaded png v0.18.1
  Downloaded ptr_meta_derive v0.3.2
  Downloaded rkyv_derive v0.8.18
  Downloaded rand_distr v0.4.3
  Downloaded rancor v0.1.3
  Downloaded pest_generator v2.8.8
  Downloaded pin-utils v0.1.0
  Downloaded rand_core v0.6.4
  Downloaded zune-jpeg v0.5.12
  Downloaded tinyvec v1.12.0
  Downloaded bytecheck v0.8.3
  Downloaded rand_chacha v0.9.0
  Downloaded async-trait v0.1.92
  Downloaded ucd-trie v0.1.7
  Downloaded pest_derive v2.8.8
  Downloaded pest_meta v2.8.8
  Downloaded objc2-metal v0.3.2
  Downloaded axum v0.8.9
  Downloaded pest v2.8.8
  Downloaded hashbrown v0.14.5
  Downloaded rustix v1.1.4
  Downloaded rkyv v0.8.18
  Downloaded tokenizers v0.23.1
  Downloaded unicode-width v0.1.14
  Downloaded unicode-width v0.2.0
  Downloaded bitvec v1.1.1
  Downloaded zerocopy v0.8.39
  Downloaded windows-sys v0.52.0
  Downloaded aho-corasick v1.1.4
  Downloaded weezl v0.1.12
  Downloaded clap_builder v4.6.6
  Downloaded futures-util v0.3.33
  Downloaded tower-http v0.7.0
  Downloaded winnow v0.7.14
  Downloaded rayon v1.12.0
  Downloaded munge_macro v0.4.7
  Downloaded pxfm v0.1.28
  Downloaded itertools v0.14.0
  Downloaded zerocopy-derive v0.8.39
  Downloaded plotters v0.3.7
  Downloaded objc2 v0.6.4
  Downloaded ratatui v0.29.0
  Downloaded regex-automata v0.4.14
  Downloaded tower v0.5.3
  Downloaded wasip2 v1.0.2+wasi-0.2.9
  Downloaded typenum v1.20.1
  Downloaded libm v0.2.16
  Downloaded rand v0.9.3
  Downloaded web-sys v0.3.91
  Downloaded unicode-segmentation v1.12.0
  Downloaded getrandom v0.3.4
  Downloaded libloading v0.8.9
  Downloaded block2 v0.6.2
  Downloaded tui-textarea v0.7.0
  Downloaded wasm-bindgen-macro-support v0.2.114
  Downloaded crossbeam-epoch v0.9.20
  Downloaded uuid v1.24.0
  Downloaded compact_str v0.9.0
  Downloaded tokio-stream v0.1.19
  Downloaded toml_edit v0.22.27
  Downloaded tokio v1.52.3
  Downloaded toml v0.8.23
  Downloaded ciborium v0.2.2
  Downloaded crossbeam-utils v0.8.21
  Downloaded ptr_meta v0.3.2
  Downloaded simdutf8 v0.1.5
  Downloaded rend v0.5.4
  Downloaded mime v0.3.17
  Downloaded minijinja v2.21.0
  Downloaded memmap2 v0.9.11
  Downloaded safetensors v0.8.0
  Downloaded pkg-config v0.3.32
  Downloaded socket2 v0.6.4
  Downloaded futures-channel v0.3.33
  Downloaded winapi v0.3.9
  Downloaded futures-core v0.3.33
  Downloaded pin-project-lite v0.2.16
  Downloaded r-efi v5.3.0
  Downloaded wit-bindgen v0.51.0
  Downloaded rayon-core v1.13.0
  Downloaded munge v0.4.7
  Downloaded image v0.25.10
  Downloaded axum-core v0.5.6
  Downloaded color_quant v1.1.0
  Downloaded linux-raw-sys v0.12.1
  Downloaded thiserror-impl v2.0.19
  Downloaded wasm-bindgen-shared v0.2.114
  Downloaded rustc-hash v2.1.3
  Downloaded hashbrown v0.17.1
  Downloaded memo-map v0.3.3
  Downloaded daachorse v1.0.1
  Downloaded rand_core v0.9.5
  Downloaded futures-io v0.3.33
  Downloaded tower-layer v0.3.3
  Downloaded strum v0.26.3
  Downloaded block-buffer v0.10.4
  Downloaded toml_datetime v0.6.11
  Downloaded futures v0.3.33
  Downloaded io-uring v0.7.13
  Downloaded rand_chacha v0.3.1
  Downloaded ppv-lite86 v0.2.21
  Downloaded ahash v0.8.12
  Downloaded num-traits v0.2.19
  Downloaded tap v1.0.1
  Downloaded serde_spanned v0.6.9
  Downloaded alloca v0.4.0
  Downloaded slab v0.4.12
  Downloaded thread_local v1.1.9
  Downloaded dashmap v6.2.1
  Downloaded twox-hash v2.1.3
  Downloaded serde_path_to_error v0.1.20
  Downloaded atomic-waker v1.1.2
  Downloaded hyper v1.8.1
  Downloaded hyper-util v0.1.20
  Downloaded byteorder-lite v0.1.0
  Downloaded moxcms v0.8.1
  Downloaded rand v0.8.6
  Downloaded linux-raw-sys v0.4.15
  Downloaded darling_macro v0.20.11
  Downloaded futures-task v0.3.33
  Downloaded tower-service v0.3.3
  Downloaded tokio-util v0.7.18
  Downloaded spm_precompiled v0.1.4
  Downloaded futures-executor v0.3.33
  Downloaded h2 v0.4.16
  Downloaded httpdate v1.0.3
  Downloaded objc2-encode v4.1.0
  Downloaded objc2-core-foundation v0.3.2
  Downloaded fastrand v2.3.0
  Downloaded matchers v0.2.0
  Downloaded ring v0.17.14
  Downloaded objc2-foundation v0.3.2
  Downloaded darling_core v0.20.11
  Downloaded bytemuck v1.25.0
  Downloaded derive_builder_macro v0.20.2
  Downloaded wyz v0.5.1
  Downloaded anyhow v1.0.104
  Downloaded clap v4.6.6
  Downloaded libc v0.2.189
  Downloaded windows_i686_gnu v0.52.6
  Downloaded windows_i686_msvc v0.52.6
  Downloaded windows_x86_64_gnu v0.52.6
  Downloaded dispatch2 v0.3.1
  Downloaded windows-sys v0.61.2
  Downloaded tempfile v3.27.0
  Downloaded fnv v1.0.7
  Downloaded darling v0.20.11
  Downloaded derive_builder_core v0.20.2
  Downloaded derive_builder v0.20.2
  Downloaded esaxx-rs v0.1.10
  Downloaded macro_rules_attribute-proc_macro v0.2.2
  Downloaded onig_sys v69.9.1
  Downloaded base64 v0.13.1
  Downloaded want v0.3.1
  Downloaded monostate-impl v0.1.18
  Downloaded nom v7.1.3
  Downloaded unicode_categories v0.1.1
  Downloaded tokio-macros v2.7.0
  Downloaded futures-macro v0.3.33
  Downloaded futures-sink v0.3.33
  Downloaded http-body v1.0.1
  Downloaded half v2.7.1
  Downloaded anstyle v1.0.14
  Downloaded windows_aarch64_msvc v0.52.6
  Downloaded macro_rules_attribute v0.2.2
  Downloaded winapi-x86_64-pc-windows-gnu v0.4.0
  Downloaded onig v6.5.1
  Downloaded tracing v0.1.44
  Downloaded strum_macros v0.26.4
  Downloaded either v1.15.0
  Downloaded winapi-i686-pc-windows-gnu v0.4.0
  Downloaded rayon-cond v0.4.0
  Downloaded unicode-normalization-alignments v0.1.12
  Downloaded rustix v0.38.44
  Downloaded windows_aarch64_gnullvm v0.52.6
  Downloaded windows_i686_gnullvm v0.52.6
  Downloaded windows_x86_64_gnullvm v0.52.6
  Downloaded radium v0.7.0
  Downloaded thiserror v2.0.19
  Downloaded toml_write v0.1.2
  Downloaded ciborium-ll v0.2.2
  Downloaded anstyle-parse v1.0.0
  Downloaded once_cell_polyfill v1.70.2
  Downloaded clap_derive v4.6.4
  Downloaded wasm-bindgen-macro v0.2.114
  Downloaded syn v2.0.117
  Downloaded rustls v0.23.37
  Downloaded syn v3.0.3
  Downloaded anes v0.1.6
  Downloaded heck v0.5.0
  Downloaded crossbeam-deque v0.8.6
  Downloaded time v0.3.47
  Downloaded icu_properties_data v2.1.2
  Downloaded idna v1.1.0
  Downloaded serde_json v1.0.151
  Downloaded hashbrown v0.15.5
  Downloaded zerovec v0.11.5
  Downloaded crossterm v0.28.1
  Downloaded cpufeatures v0.2.17
  Downloaded generic-array v0.14.7
  Downloaded is_terminal_polyfill v1.70.2
  Downloaded cast v0.3.0
  Downloaded unicode-truncate v1.1.0
  Downloaded crypto-common v0.1.7
  Downloaded sha2 v0.10.9
  Downloaded memchr v2.8.0
  Downloaded serde v1.0.229
  Downloaded sharded-slab v0.1.7
  Downloaded tracing-core v0.1.36
  Downloaded ryu v1.0.23
  Downloaded compact_str v0.8.2
  Downloaded darling_core v0.23.0
  Downloaded colorchoice v1.0.4
  Downloaded icu_normalizer_data v2.1.1
  Downloaded icu_collections v2.1.1
  Downloaded icu_locale_core v2.1.1
  Downloaded icu_provider v2.1.1
  Downloaded zerotrie v0.2.3
  Downloaded url v2.5.8
  Downloaded cookie_store v0.22.1
  Downloaded miniz_oxide v0.8.9
  Downloaded flate2 v1.1.9
  Downloaded cc v1.2.56
  Downloaded rustls-webpki v0.103.13
  Downloaded hashbrown v0.16.1
  Downloaded proc-macro2 v1.0.106
  Downloaded unicode-ident v1.0.24
  Downloaded serde_derive v1.0.229
  Downloaded serde_core v1.0.229
  Downloaded bytes v1.11.1
  Downloaded tracing-attributes v0.1.31
  Downloaded valuable v0.1.1
  Downloaded cassowary v0.3.0
  Downloaded signal-hook v0.3.18
  Downloaded darling v0.23.0
  Downloaded foldhash v0.1.5
  Downloaded cookie v0.18.1
  Downloaded itoa v1.0.17
  Downloaded static_assertions v1.1.0
  Downloaded signal-hook-registry v1.4.8
  Downloaded indoc v2.0.7
  Downloaded paste v1.0.15
  Downloaded redox_syscall v0.5.18
  Downloaded parking_lot v0.12.5
  Downloaded litrs v1.0.0
  Downloaded deranged v0.5.8
  Downloaded icu_normalizer v2.1.1
  Downloaded litemap v0.8.1
  Downloaded tinystr v0.8.2
  Downloaded yoke v0.8.1
  Downloaded crc32fast v1.5.0
  Downloaded getrandom v0.2.17
  Downloaded base64 v0.22.1
  Downloaded displaydoc v0.2.5
  Downloaded synstructure v0.13.2
  Downloaded zerovec-derive v0.11.2
  Downloaded find-msvc-tools v0.1.9
  Downloaded foldhash v0.2.0
  Downloaded castaway v0.2.4
  Downloaded crossterm_winapi v0.9.1
  Downloaded signal-hook-mio v0.2.5
  Downloaded ident_case v1.0.1
  Downloaded instability v0.3.12
  Downloaded lru v0.12.5
  Downloaded time-core v0.1.8
  Downloaded stable_deref_trait v1.2.1
  Downloaded autocfg v1.5.0
  Downloaded parking_lot_core v0.9.12
  Downloaded clap_lex v1.0.0
  Downloaded strsim v0.11.1
  Downloaded bumpalo v3.20.2
  Downloaded regex v1.12.3
  Downloaded scopeguard v1.2.0
  Downloaded num-conv v0.2.0
  Downloaded potential_utf v0.1.4
  Downloaded yoke-derive v0.8.1
  Downloaded zerofrom-derive v0.1.6
  Downloaded percent-encoding v2.3.2
  Downloaded shlex v1.3.0
  Downloaded plotters-backend v0.3.7
  Downloaded untrusted v0.9.0
  Downloaded js-sys v0.3.91
  Downloaded regex-syntax v0.8.10
  Downloaded walkdir v2.5.0
  Downloaded anstyle-wincon v3.0.11
  Downloaded anstream v1.0.0
  Downloaded criterion-plot v0.8.2
  Downloaded zerofrom v0.1.6
  Downloaded subtle v2.6.1
  Downloaded same-file v1.0.6
  Downloaded adler2 v2.0.1
  Downloaded simd-adler32 v0.3.8
  Downloaded allocator-api2 v0.2.21
  Downloaded indexmap v2.13.0
  Downloaded quote v1.0.45
  Downloaded webpki-roots v1.0.6
  Downloaded windows-link v0.2.1
  Downloaded version_check v0.9.5
  Downloaded document-features v0.2.12
  Downloaded time-macros v0.2.27
  Downloaded form_urlencoded v1.2.2
  Downloaded idna_adapter v1.2.1
  Downloaded smallvec v1.15.1
  Downloaded once_cell v1.21.4
  Downloaded wasi v0.11.1+wasi-snapshot-preview1
  Downloaded windows-targets v0.52.6
  Downloaded zmij v1.0.21
  Downloaded http v1.4.0
  Downloaded ureq v3.3.0
  Downloaded icu_properties v2.1.2
  Downloaded ureq-proto v0.6.0
  Downloaded rustls-pki-types v1.14.0
  Downloaded httparse v1.10.1
  Downloaded log v0.4.29
  Downloaded utf8-zero v0.8.1
Filesystem      Size  Used Avail Use% Mounted on
overlay         500G   26G  475G   6% /
