test_byte_limit_preserves_existing_utf8_truncation (__main__.BodySanitizerTests.test_byte_limit_preserves_existing_utf8_truncation) ... ok
test_controls_and_multiline_comments_removed_before_cap (__main__.BodySanitizerTests.test_controls_and_multiline_comments_removed_before_cap) ... ok
test_empty_short_and_newline_framing (__main__.BodySanitizerTests.test_empty_short_and_newline_framing) ... ok
test_long_bodies_across_pipe_buffer_boundaries (__main__.BodySanitizerTests.test_long_bodies_across_pipe_buffer_boundaries) ... 
  test_long_bodies_across_pipe_buffer_boundaries (__main__.BodySanitizerTests.test_long_bodies_across_pipe_buffer_boundaries) (size=20000, repetition=1) ... FAIL
  test_long_bodies_across_pipe_buffer_boundaries (__main__.BodySanitizerTests.test_long_bodies_across_pipe_buffer_boundaries) (size=20000, repetition=2) ... FAIL
  test_long_bodies_across_pipe_buffer_boundaries (__main__.BodySanitizerTests.test_long_bodies_across_pipe_buffer_boundaries) (size=60000, repetition=0) ... FAIL
  test_long_bodies_across_pipe_buffer_boundaries (__main__.BodySanitizerTests.test_long_bodies_across_pipe_buffer_boundaries) (size=60000, repetition=1) ... FAIL
  test_long_bodies_across_pipe_buffer_boundaries (__main__.BodySanitizerTests.test_long_bodies_across_pipe_buffer_boundaries) (size=60000, repetition=2) ... FAIL
test_real_upstream_failure_is_not_suppressed (__main__.BodySanitizerTests.test_real_upstream_failure_is_not_suppressed) ... ok
test_shell_metacharacters_remain_data (__main__.BodySanitizerTests.test_shell_metacharacters_remain_data) ... ok

======================================================================
FAIL: test_long_bodies_across_pipe_buffer_boundaries (__main__.BodySanitizerTests.test_long_bodies_across_pipe_buffer_boundaries) (size=20000, repetition=1)
----------------------------------------------------------------------
Traceback (most recent call last):
  File "/home/pidtom/atlas-ci-prbody-20260906-0717/scripts/ci_pr_body_test.py", line 75, in test_long_bodies_across_pipe_buffer_boundaries
    self.assert_sanitized("x" * size, b"x" * min(size, 2000))
  File "/home/pidtom/atlas-ci-prbody-20260906-0717/scripts/ci_pr_body_test.py", line 54, in assert_sanitized
    self.assertEqual(result.returncode, 0, result.stderr.decode())
AssertionError: 141 != 0 : 

======================================================================
FAIL: test_long_bodies_across_pipe_buffer_boundaries (__main__.BodySanitizerTests.test_long_bodies_across_pipe_buffer_boundaries) (size=20000, repetition=2)
----------------------------------------------------------------------
Traceback (most recent call last):
  File "/home/pidtom/atlas-ci-prbody-20260906-0717/scripts/ci_pr_body_test.py", line 75, in test_long_bodies_across_pipe_buffer_boundaries
    self.assert_sanitized("x" * size, b"x" * min(size, 2000))
  File "/home/pidtom/atlas-ci-prbody-20260906-0717/scripts/ci_pr_body_test.py", line 54, in assert_sanitized
    self.assertEqual(result.returncode, 0, result.stderr.decode())
AssertionError: 141 != 0 : 

======================================================================
FAIL: test_long_bodies_across_pipe_buffer_boundaries (__main__.BodySanitizerTests.test_long_bodies_across_pipe_buffer_boundaries) (size=60000, repetition=0)
----------------------------------------------------------------------
Traceback (most recent call last):
  File "/home/pidtom/atlas-ci-prbody-20260906-0717/scripts/ci_pr_body_test.py", line 75, in test_long_bodies_across_pipe_buffer_boundaries
    self.assert_sanitized("x" * size, b"x" * min(size, 2000))
  File "/home/pidtom/atlas-ci-prbody-20260906-0717/scripts/ci_pr_body_test.py", line 54, in assert_sanitized
    self.assertEqual(result.returncode, 0, result.stderr.decode())
AssertionError: 141 != 0 : 

======================================================================
FAIL: test_long_bodies_across_pipe_buffer_boundaries (__main__.BodySanitizerTests.test_long_bodies_across_pipe_buffer_boundaries) (size=60000, repetition=1)
----------------------------------------------------------------------
Traceback (most recent call last):
  File "/home/pidtom/atlas-ci-prbody-20260906-0717/scripts/ci_pr_body_test.py", line 75, in test_long_bodies_across_pipe_buffer_boundaries
    self.assert_sanitized("x" * size, b"x" * min(size, 2000))
  File "/home/pidtom/atlas-ci-prbody-20260906-0717/scripts/ci_pr_body_test.py", line 54, in assert_sanitized
    self.assertEqual(result.returncode, 0, result.stderr.decode())
AssertionError: 141 != 0 : 

======================================================================
FAIL: test_long_bodies_across_pipe_buffer_boundaries (__main__.BodySanitizerTests.test_long_bodies_across_pipe_buffer_boundaries) (size=60000, repetition=2)
----------------------------------------------------------------------
Traceback (most recent call last):
  File "/home/pidtom/atlas-ci-prbody-20260906-0717/scripts/ci_pr_body_test.py", line 75, in test_long_bodies_across_pipe_buffer_boundaries
    self.assert_sanitized("x" * size, b"x" * min(size, 2000))
  File "/home/pidtom/atlas-ci-prbody-20260906-0717/scripts/ci_pr_body_test.py", line 54, in assert_sanitized
    self.assertEqual(result.returncode, 0, result.stderr.decode())
AssertionError: 141 != 0 : 

----------------------------------------------------------------------
Ran 6 tests in 0.167s

FAILED (failures=5)
