Welcome to vast.ai. If authentication fails, try again after a few seconds, and double check your ssh key.
Have fun!
   Compiling spark-model v1.0.0-beta-preview (/workspace/atlas-rental/src/native-fp8-ffn-kernels/crates/spark-model)
    Finished `test` profile [unoptimized + debuginfo] target(s) in 23.69s
     Running unittests src/lib.rs (/workspace/atlas-rental/target-cpu-checks/debug/deps/spark_model-ad53cb13b16afb43)

running 658 tests
test engine::tests::test_argmax_bf16_basic ... ok
test factory::tests::all_declared_model_type_spellings_are_accepted ... ok
test layer::tests::test_ssm_layer_state_downcast ... ok
test factory::tests::nllb_mandatory_generic_loads_fail_fast ... ok
test factory::tests::test_unsupported_model_type ... ok
test layer::tests::test_empty_layer_state_downcast ... ok
test layer::tests::test_ssm_layer_state_mut ... ok
test layers::dense_ffn::mmq_tests::unavailable_mmq_preserves_transposed_weights_without_repack_or_free ... ok
test layers::dense_ffn::tests::native_weight_presence_requires_prefill_dispatch ... ok
test layers::dflash_head::option_b_tests::option_b_defaults_on_and_only_zero_turns_it_off ... ok
test layers::dflash_head::forward_block::tests::the_rt2_vocab_kernel_is_only_eligible_for_batches_it_covers ... ok
test layers::ep_dispatch::tests::index_length_mismatch_panics - should panic ... ok
test layers::ep_dispatch::tests::test_all_local ... ok
test layers::ep_dispatch::tests::test_single_token ... ok
test layers::ep_dispatch::tests::test_mixed_routing ... ok
test layers::ep_dispatch::tests::weight_length_mismatch_panics - should panic ... ok
test layers::ep_dispatch::tests::test_all_remote ... ok
test layers::fp8_calibration::tests::graphs_ready_blocked_while_any_calibrator_is_warm ... ok
test layers::fp8_calibration::tests::scale_freezes_on_first_observe_and_stays_fixed_by_default ... ok
test layers::moe::forward_k2::k2_dispatch_tests::no_e8m0_tensor_reaches_gs16_batch2 ... ok
test layers::moe::forward_k2::k2_dispatch_tests::batch2_block_width_switches_at_3072_for_supported_models ... ok
test layers::dense_ffn::kernel_tests::missing_small_batch_kernel_uses_same_precision_pipelined_fallback ... ok
test layers::fp8_calibration::tests::graphs_ready_vacuous_when_no_calibrator ... ok
test layers::dense_ffn::kernel_tests::larger_native_ffn_uses_existing_pipelined_gemm ... ok
test layers::moe::forward_k3::k3_dispatch_tests::no_e8m0_tensor_reaches_gs16_batch3 ... ok
test layers::moe::lora::tests::down_only_is_moe_inter ... ok
test layers::fp8_calibration::tests::graphs_stay_blocked_when_a_warm_layer_follows_a_frozen_layer ... ok
test layers::fp8_calibration::tests::only_plain_fp8_kv_runs_online_calibration ... ok
test layers::ep_dispatch::tests::test_rank1_perspective ... ok
test layers::fp8_calibration::tests::graphs_ready_when_every_calibrator_frozen ... ok
test layers::moe::lora::tests::gateup_only_no_router_is_unit ... ok
test layers::moe::lora::tests::router_only_is_num_experts ... ok
test layers::dense_ffn::native_batch_tests::native_fp8_multi_row_dispatch_preserves_checkpoint_weights ... ok
test layers::dense_ffn::native_batch_tests::nvfp4_multi_row_dispatch_keeps_existing_batch_kernels ... ok
test layers::moe::lora::tests::full_adapter_takes_max_of_router_and_down ... ok
test layers::fp8_calibration::tests::decode_uses_shared_calibration_readiness ... ok
test layers::moe::lora_gateup::tests::gate_route_dims_are_hidden_to_inter ... ok
test layers::moe::lora_gateup::tests::mixed_proj_layer_yields_three_independent_tables ... ok
test layers::moe_grouped_decode_tests::the_grouped_arm_engages_at_and_above_the_measured_width ... ok
test layers::moe::lora::tests::router_wins_when_experts_exceed_inter ... ok
test layers::moe_grouped_decode_tests::the_grouped_arm_stays_off_below_the_measured_width ... ok
test layers::moe::lora::tests::router_pair_builds_single_uploaded_route ... ok
test layers::moe_grouped_decode_tests::the_kill_switch_wins_over_any_width ... ok
test layers::moe_grouped_decode_tests::the_threshold_is_the_measured_width ... ok
test layers::moe::mod_tests::bf16_shared_expert_requires_three_non_null_weights ... ok
test layers::moe::lora_gateup::tests::absent_proj_returns_none ... ok
test layers::moe_grouped_decode_tests::the_force_override_reaches_below_the_threshold ... ok
test layers::fp8_calibration::tests::fused_verify_unsuppress_matches_decode_frozen_flag ... ok
test layers::mtp_head::batch_caps::tests::computed_stride_caps_extreme_contexts_without_overflow ... ok
test layers::mtp_head::batch_caps::tests::propose_meta_stride_covers_boundary_and_alignment ... ok
test layers::mtp_head::batch_caps::tests::stride_override_is_panic_and_overflow_safe ... ok
test layers::mtp_head::batch_caps::tests::propose_meta_stride_64k ... ok
test layers::mtp_head::batch_caps::tests::propose_meta_stride_16k ... ok
test layers::mtp_head::batch_caps::tests::propose_meta_stride_floor_at_4k ... ok
test layers::mtp_head::batch_caps::tests::stride_override_parser_accepts_trimmed_bytes_and_rejects_invalid_values ... ok
test layers::mtp_head::refeed_trim_tests::flag_off_is_exactly_the_legacy_behaviour ... ok
test layers::dense_ffn::kernel_tests::missing_optional_kernels_keep_base_native_gemm ... ok
test layers::mtp_head::refeed_trim_tests::full_reject_is_identical_with_and_without_the_flag ... ok
test layers::fp8_calibration::tests::attention_init_gates_calibrator_on_tokens_and_plain_fp8 ... ok
test layers::mtp_head::row_dispatch::tests::every_projection_batches_across_the_covered_widths ... ok
test layers::mtp_head::refeed_trim_tests::flag_on_also_drops_accepted_rows_past_the_first ... ok
test layers::mtp_head::refeed_trim_tests::never_trims_more_rows_than_were_drafted ... ok
test layers::mtp_head::batch_caps::tests::propose_meta_stride_never_below_floor ... ok
test layers::mtp_head::row_dispatch::tests::kill_switch_restores_the_pre_tier_dispatch_exactly ... ok
test layers::mtp_head::row_dispatch::tests::kv_gemv_lever_still_pins_small_n_at_every_width ... ok
test layers::dense_ffn::kernel_tests::small_native_ffn_uses_existing_batched_gemv ... ok
test layers::mtp_head::row_dispatch::tests::widths_outside_the_tier_are_untouched ... ok
test layers::mtp_head::row_dispatch::tests::missing_kernel_handle_falls_back_like_the_kill_switch ... ok
test layers::mtp_head::row_dispatch::tests::unaligned_k_stays_on_the_per_row_loop ... ok
test layers::mtp_head::tests::test_mtp_proposer_state_downcast ... ok
test layers::mtp_head::row_dispatch::tests::never_selects_batchm_above_the_kernel_row_cap ... ok
test layers::mtp_meta::tests::packs_the_documented_layout ... ok
test layers::ngram_embed::tests::cached_table_matches_resident_table ... ignored
test layers::mtp_multi::tests::test_empty_modules_rejected ... ok
test layers::mtp_meta::tests::refuses_a_block_table_that_would_overrun_the_region ... ok
test layers::mtp_meta::tests::refuses_a_region_too_small_for_the_header ... ok
test layers::ngram_embed::tests::ngram_gpu_matches_golden ... ignored
test layers::mtp_meta::tests::refuses_an_unrepresentable_block_table_length ... ok
test layers::ngram_embed::tests::decode_context_window_suffices ... ok
test layers::ops::derived_weights::tests::a_failed_build_is_not_memoized ... ok
test layers::ops::derived_weights::tests::a_fresh_cache_is_empty ... ok
test layers::ops::derived_weights::tests::the_derivations_do_not_share_a_keyspace ... ok
test layers::ops::derived_weights::tests::two_models_memoize_independently_even_on_a_recycled_pointer ... ok
test layers::ops::dispatch_config::tests::an_unknown_projection_label_falls_back_to_the_umbrella_flag ... ok
test layers::ops::dispatch_config::tests::defaults_have_only_blockscaled_prefill_on ... ok
test layers::ops::derived_weights::tests::release_frees_only_derived_values_and_drains_every_map ... ok
test layers::ngram_embed::tests::ids_match_python_reference ... ok
test layers::ops::derived_weights::tests::a_derivation_is_built_once_per_key ... ok
test layers::ops::dispatch_config::tests::per_projection_flags_are_independent ... ok
test layers::ops::dispatch_helpers::tests::accepts_boolean_environment_spellings ... ok
test layers::ops::dispatch_config::tests::w4a16_variants_accept_only_documented_spellings ... ok
test layers::ops::dispatch_config::tests::non_nvfp4_flags_map_independently_and_single_scale_is_inverted ... ok
test layers::ops::derived_weights::tests::pair_derivations_round_trip_without_sharing_a_keyspace ... ok
test layers::ops::dispatch_helpers::tests::either_chunk_zero_spelling_enables_admission ... ok
test layers::ops::dispatch_config::tests::the_umbrella_flag_implies_the_per_projection_ones ... ok
test layers::ops::dispatch_proj_rowwise::rowwise_passthrough_tests::an_already_rowwise_weight_passes_through_verbatim ... ok
test layers::ops::dispatch_proj_rowwise::rowwise_passthrough_tests::cached_requant_returns_rowwise_checkpoint_pointers_without_gpu_work ... ok
test layers::ops::dispatch_proj_rowwise::rowwise_passthrough_tests::other_formats_still_requantize ... ok
test layers::ops::gemm_dense::gemm_dense_tests::non_ldb_wrapper_forwards_n_as_the_stride ... ok
test layers::ops::gemv_q2::tests::ternary_symbols_are_code_minus_one ... ok
test layers::ops::gemv_q2_vec::tests::batchm_row_chunks_cover_all_rows_exactly ... ok
test layers::ops::gemv_q2_vec::tests::launch_chunks_advance_bf16_input_and_output_rows_independently ... ok
test layers::ops::gemv_q2::tests::q2_block_layout_reference_matches_dense_for_supported_groups ... ok
test layers::ops::gemv_sw::tests::decode_dispatch_uses_the_selected_handle_and_matching_grid ... ok
test layers::ops::gemv_sw::tests::gemv_sw_ships_on_and_only_the_one_value_kills ... ok
test layers::ops::gemv_sw::tests::sw_grid_covers_every_output_and_is_half_base_when_n_divisible_by_8 ... ok
test layers::ops::hyper_connection_lowrank_tests::hc_lowrank_matches_reference ... ignored
test layers::ops::hyper_connection_lowrank_tests::hc_pre_gemm_matches_reference ... ignored
test layers::ops::gemv_sw::tests::sw_requires_both_the_lever_and_a_live_handle ... ok
test layers::ops::gemv_q2::tests::shipped_kernels_use_the_q2_layout_and_symbol_mapping ... ok
test layers::ops::model_levers::tests::externally_resolved_shadow_and_drafter_values_are_carried ... ok
test layers::ops::gemm_dense::gemm_dense_tests::padded_twin_stride_is_16_byte_aligned ... ok
test layers::ops::model_levers::tests::the_opt_out_lever_is_on_by_default_and_every_opt_in_is_off ... ok
test layers::ops::model_levers::tests::kill_switches_and_zero_opt_outs_keep_their_distinct_polarities ... ok
test layers::ops::model_levers::tests::exact_one_opt_ins_map_to_their_own_fields ... ok
test layers::ops::model_stats::tests::two_models_count_expert_unions_independently ... ok
test layers::ops::model_levers::tests::truthy_opt_ins_map_independently_and_presence_is_distinct ... ok
test layers::ops::model_stats::tests::a_keyed_latch_fires_once_per_key_per_model ... ok
test layers::ops::moe_grouped_a::tests::legacy_ptrtable_grid_covers_every_64_column_tile ... ok
test layers::ops::moe_grouped_a2::tests::read_honors_the_requested_length ... ok
test layers::ops::moe_grouped_a2::tests::snapshot_maps_every_table_to_its_field ... ok
test layers::ops::moe_lora_grouped::tests::empty_entries_none ... ok
test layers::ops::moe_lora_grouped::tests::empty_window_still_launches_one_tile ... ok
test layers::ops::moe_lora_grouped::tests::chunks_tile_range_without_gap_or_overlap ... ok
test layers::ops::moe_grouped_a2::tests::read_reflects_current_device_contents_at_a_reused_address ... ok
test layers::ops::moe_lora_grouped::tests::entry_order_independent ... ok
test layers::ops::moe_lora_grouped::tests::full_window_equals_prechunk_wc ... ok
test layers::ops::moe_lora_grouped::tests::gather_grids_rank_not_multiple_of_four_rounds_up ... ok
test layers::ops::moe_lora_grouped::tests::gather_grids_single_token_decode ... ok
test layers::ops::moe_lora_grouped::tests::gather_grids_verify_flat_rows ... ok
test layers::ops::moe_lora_grouped::tests::router_fold_grid_covers_all_experts_qwen36 ... ok
test layers::ops::moe_lora_grouped::tests::router_fold_grid_single_token_decode ... ok
test layers::ops::moe_lora_grouped::tests::router_fold_top_k_one_row_is_token ... ok
test layers::ops::moe_lora_grouped::tests::short_prefill_slot_rows_map_to_owning_token ... ok
test layers::ops::moe_lora_grouped::tests::single_expert_zero_padded_prefix ... ok
test layers::ops::moe_lora_grouped::tests::sparse_experts_dense_table ... ok
test layers::ops::moe_lora_grouped::tests::table_length_is_max_id_plus_one ... ok
test layers::ops::ple_tests::ple_gather_reads_the_right_rows ... ignored
test layers::ops::ple_tests::ple_kernels_match_reference ... ignored
test layers::ops::moe_lora_grouped::tests::window_grid_covers_only_the_slice ... ok
test layers::qsa::tests::prefill::flash64_long_seq_rows_repro ... ignored
test layers::qsa::tests::prefill::qsa_prefill_attn_matches_cpu ... ignored
test layers::qsa::tests::prefill::qsa_prefill_select_sets_match_reference ... ignored
test layers::qsa::tests::qsa_matches_reference ... ignored
test layers::qwen3_attention::helpers::yarn_mscale_tests::ds4f_forced_config_yields_mscale_one ... ok
test layers::qwen3_attention::helpers::yarn_mscale_tests::generic_yarn_default_unchanged_1277 ... ok
test layers::qwen3_attention::helpers::yarn_mscale_tests::yarn_disabled_factor_one_is_mscale_one ... ok
test layers::ple::tests::ids_match_the_reference_bit_exactly ... ok
test layers::ple::tests::validate_rejects_a_head_count_mismatch ... ok
test layers::ple::tests::shift_refuses_to_read_across_eos ... ok
test layers::qwen3_attention::init_arch_gates::tests::a_heterogeneous_model_gates_on_its_max_head_dim ... ok
test layers::qwen3_attention::init_arch_gates::tests::a_plain_gqa_model_probes_for_nothing ... ok
test layers::ple::tests::validate_rejects_an_even_multiplier ... ok
test layers::qwen3_attention::init_arch_gates::tests::all_zero_compress_ratios_is_not_compressed_attention ... ok
test layers::qwen3_attention::init_arch_gates::tests::each_architecture_signal_enables_only_its_kernel_families ... ok
test layers::qwen3_attention::init_kernel_dispatch::tests::every_variant_returns_non_empty_modules ... ok
test layers::qwen3_attention::init_kernel_dispatch::tests::each_asym_variant_routes_to_dedicated_kernel ... ok
test layers::qwen3_attention::init_kernel_dispatch::tests::hd_gate_picks_128_or_full_kernel ... ok
test layers::qwen3_attention::init_kernel_dispatch::tests::sym_variants_route_to_sym_kernels ... ok
test layers::qwen3_attention::kernel_requirements::tests::required_optional_kernels_cover_turbo_variants ... ok
test layers::qwen3_attention::kernel_requirements::tests::turbo2_is_wht_rotated ... ok
test layers::qwen3_attention::split_ref_seqs_tests::a_batch_larger_than_the_pin_clamps_up ... ok
test layers::qwen3_attention::split_ref_seqs_tests::two_models_can_pin_to_different_batches ... ok
test layers::ops::q2_0_mmq::tests::q2_0_mmq_reference_arithmetic_matches_fp_oracle ... ok
test layers::qwen3_attention::split_ref_seqs_tests::the_split_count_does_not_move_with_co_batch_size ... ok
test layers::qwen3_ssm::gdn_flags::tests::env_fallback_never_enables_exact_verify ... ok
test layers::qwen3_ssm::gdn_flags::tests::exact_verify_flag_selects_the_exact_chain ... ok
test layers::qwen3_ssm::gdn_flags::tests::h_f16_forces_non_exact_even_when_requested ... ok
test layers::qwen3_ssm::gdn_flags::tests::legacy_wy_verify_is_the_default ... ok
test layers::qwen3_ssm::gdn_flags::tests::the_pool_bit_is_never_set_without_the_dtype_bit ... ok
test layers::qwen3_ssm::ssm_h_fp16::prefill_narrowing_tests::a_null_converter_refuses_rather_than_running_fp32_over_a_narrow_slot ... ok
test layers::ops::q2_0_mmq::tests::q2_0_block_layout_matches_spec ... ok
test layers::qwen3_ssm::ssm_h_fp16::prefill_narrowing_tests::an_fp32_flagged_state_over_a_narrow_slot_is_refused ... ok
test layers::qwen3_ssm::ssm_h_fp16::prefill_narrowing_tests::f16_sized_pool_widens_in_and_narrows_out_over_the_stage ... ok
test layers::qwen3_ssm::ssm_h_fp16::prefill_narrowing_tests::fp32_sized_pool_launches_nothing_and_hands_back_the_slot ... ok
test layers::qwen3_ssm::tests::qkvz_verify_declines_without_a_tile_gemm ... ok
test layers::qwen3_ssm::tests::qkvz_verify_declines_without_the_fp8_copy ... ok
test layers::qwen3_ssm::tests::qkvz_verify_declines_without_the_nvfp4_twin ... ok
test layers::qwen3_ssm::tests::qkvz_verify_keeps_fp8_at_and_below_the_threshold ... ok
test layers::qwen3_ssm::tests::qkvz_verify_kill_switch_restores_the_fp8_arm ... ok
test layers::qwen3_ssm::tests::qkvz_verify_takes_nvfp4_above_the_threshold ... ok
test layers::qwen3_ssm::trait_decode_batched_conv_gdn_exact::tests::exact_row_strides_match_27b_shapes ... ok
test layers::vision_encoder::enc_impl::init::derive_tests::a_declared_bound_over_the_ceiling_is_clamped_and_reported ... ok
test layers::vision_encoder::enc_impl::init::derive_tests::a_low_operator_bound_shrinks_the_allocation ... ok
test layers::qwen3_ssm::trait_decode_batched_conv_gdn_exact::tests::exact_row_snapshot_skips_only_last_token ... ok
test layers::ops::gemv_sw::tests::attention_decode_does_not_call_base_w4a16_gemv ... ok
test layers::vision_encoder::enc_impl::init::derive_tests::degenerate_inputs_do_not_produce_a_zero_allocation ... ok
test layers::vision_encoder::enc_impl::init::derive_tests::no_bound_keeps_the_historical_capacity ... ok
test layers::vision_encoder::enc_impl::init::derive_tests::the_ceiling_matches_the_measured_affordable_rung ... ok
test layers::vision_encoder::enc_impl::init::derive_tests::capacity_tracks_patch_size ... ok
test layers::vision_encoder::enc_impl::patch_embed::tests::accepts_the_geometry_the_encoder_was_built_for ... ok
test layers::vision_encoder::enc_impl::patch_embed::tests::rejects_a_small_image_placed_past_the_end ... ok
test layers::vision_encoder::enc_impl::patch_embed::tests::rejects_a_consistent_buffer_with_too_many_patches ... ok
test layers::w4a16_gemv_tiers::w4a16_gemv_tiers_tests::absent_tiers_widen_to_the_next_resolved_one ... ok
test layers::vision_encoder::enc_impl::patch_embed::tests::rejects_narrower_patch_dim_instead_of_reading_past_the_buffer ... ok
test layers::w4a16_gemv_tiers::w4a16_gemv_tiers_tests::default_table_is_empty_and_declines ... ok
test layers::vision_encoder::enc_impl::patch_embed::tests::rejects_patch_count_that_overflows ... ok
test layers::vision_encoder::enc_impl::patch_embed::tests::rejects_wider_patch_dim ... ok
test layers::w4a16_gemv_tiers::w4a16_gemv_tiers_tests::empty_family_declines_everywhere ... ok
test layers::w4a16_gemv_tiers::w4a16_gemv_tiers_tests::exact_m_rows_pick_their_own_tier ... ok
test layers::w4a16_gemv_tiers::w4a16_gemv_tiers_tests::kill_switch_matches_a_legacy_target ... ok
test layers::w4a16_gemv_tiers::w4a16_gemv_tiers_tests::out_of_family_widths_decline ... ok
test layers::w4a16_gemv_tiers::w4a16_gemv_tiers_tests::kill_switch_restores_the_shipped_decision ... ok
test layers::w4a16_gemv_tiers::w4a16_gemv_tiers_tests::pre_existing_widths_are_untouched ... ok
test lora::expert_apply::tests::workitems_only_adapted_experts_launch ... ok
test layers::w4a16_gemv_tiers::w4a16_gemv_tiers_tests::width_table_and_resolver_stay_in_lockstep ... ok
test lora::expert_apply::tests::workitems_skip_empty_and_out_of_range ... ok
test lora::expert_pack::tests::key_lists_projects_layers_and_projs ... ok
test lora::expert_apply::tests::workitems_map_offsets_to_row_ranges ... ok
test lora::expert_pack::tests::packed_stride_rounds_up_to_multiple_of_8 ... ok
test lora::key::tests::adapter_id_hash_generation_changes_id_but_never_base ... ok
test lora::expert_pack::tests::present_is_false_only_when_both_empty ... ok
test lora::key::tests::adapter_id_hash_is_stable_and_base_reserved ... ok
test lora::key::tests::classify_key_rejects_experts_on_dense_model ... ok
test lora::key::tests::classify_key_maps_supported_and_rejects_unsupported ... ok
test lora::key::tests::classify_key_maps_experts_and_router ... ok
test lora::moe_row_adapter::tests::decode_map_full_cap_32_all_active ... ok
test lora::moe_row_adapter::tests::decode_map_all_base_skips ... ok
test lora::moe_row_adapter::tests::decode_map_mixed_base_and_active ... ok
test lora::moe_row_adapter::tests::decode_map_off_when_no_moe_lora ... ok
test lora::moe_row_adapter::tests::decode_map_padding_widths ... ok
test lora::moe_row_adapter::tests::decode_map_mixed_batch_16_exact ... ok
test lora::moe_row_adapter::tests::decode_route_guard_refuses_only_refuse ... ok
test engine::tests::test_generate_immediate_stop ... ok
test lora::moe_row_adapter::tests::decode_map_refuse_row_defensively_skips ... ok
test lora::moe_row_adapter::tests::route_active_adapter_folds ... ok
test lora::moe_row_adapter::tests::route_base_request_skips ... ok
test lora::moe_row_adapter::tests::route_non_active_adapter_refuses ... ok
test lora::moe_row_adapter::tests::route_off_when_no_moe_lora ... ok
test lora::moe_row_adapter::tests::row_adapter_rejects_malformed ... ok
test lora::moe_row_adapter::tests::row_adapter_uniform_single_stream ... ok
test lora::moe_row_adapter::tests::row_adapter_varlen_mixed_streams ... ok
test lora::moe_row_adapter::tests::row_adapter_empty_stream_span ... ok
test lora::overlay::tests::clamp_keeps_in_vocab_ascending ... ok
test lora::overlay::tests::clamp_rejects_index_beyond_adapter ... ok
test lora::overlay::tests::clamp_skips_vocab_extension_tail ... ok
test lora::overlay::tests::clamp_rejects_nonascending_or_nontrailing_ids ... ok
test lora::overlay::tests::classifies_lm_head_and_multimodal_prefix ... ok
test lora::overlay::tests::classifies_lora_embedding_tier2 ... ok
test lora::overlay::tests::classifies_modules_to_save_full_weight ... ok
test lora::overlay::tests::classifies_trainable_tokens_pair ... ok
test lora::overlay::tests::lora_embedding_hits_tier2_reject ... ok
test layers::qwen3_ssm::tests::ssm_state_allocation_uses_layer_sizes_and_defaults ... ok
test layers::qwen3_ssm::tests::batched_verify_null_qkvz_fails_fast ... ok
test lora::expert_pack::tests::pack_into_r12_is_uint4_aligned_and_matches_sizing ... ok
test lora::overlay::tests::no_overlay_tensors_passes_gate ... ok
test lora::overlay::tests::override_source_delta_wins_over_baked ... ok
test lora::overlay::tests::overlay_tensors_collects_and_rejects_dupes ... ok
test lora::overlay::tests::overlay_tensors_tracks_lora_embedding_flag ... ok
test layers::qwen3_ssm::tests::native_fp8_gdn_batched_verify_r4_still_ok ... ok
test lora::overlay::tests::ordinary_lora_and_layer_weights_are_not_overlays ... ok
test lora::expert_pack::tests::pack_into_r16_layout_is_unpadded ... ok
test lora::overlay::tests::override_set_empty_when_nothing_changes ... ok
test lora::overlay::tests::override_set_unions_sorts_dedups ... ok
test lora::overlay::tests::trainable_tokens_now_loads_not_rejected ... ok
test lora::overlay_build::tests::f32_to_bf16_round_nearest_even ... ok
test lora::overlay_build::tests::build_overlay_null_kernels_bails ... ok
test lora::overlay_build::tests::build_overlay_no_override_is_none ... ok
test lora::overlay_build::tests::build_overlay_delta_path_compacts_and_maps ... ok
test layers::qwen3_ssm::tests::native_fp8_gdn_batched_verify_r7_dispatches_w8a16_gemm ... ok
test lora::overlay_tables::tests::mixed_vocab_slots_are_refused ... ok
test lora::overlay_tables::tests::empty_pool_is_inert ... ok
test lora::overlay_tables::tests::untied_with_lmhead_uses_distinct_rows ... ok
test lora::overlay_tables::tests::tied_reuses_embed_rows_and_ids ... ok
test lora::overlay_tables::tests::untied_without_lmhead_zeroes_lmhead_count ... ok
test lora::overlay_tables::tests::embed_bound_table_and_vocab_are_published ... ok
test lora::rdma_stage::tests::rebuild_slot_layers_rejects_config_rank_mismatch ... ok
test lora::rdma_stage::tests::land_targets_map_to_slot_subregions ... ok
test layers::qwen3_ssm::tests::batched_verify_null_out_proj_fails_fast ... ok
test lora::slot_math::tests::routed_prefill_slot_predicate ... ok
test lora::slot_math::tests::module_offsets_none_for_non_full_attention_layer ... ok
test lora::rdma_stage::tests::land_targets_reject_malformed_or_incomplete_pairs ... ok
test lora::rdma_stage::tests::rebuild_slot_layers_rejects_inconsistent_target_geometry ... ok
test lora::slot_math::tests::scale_table_values_per_slot_and_padded ... ok
test lora::slot_math::tests::seq_slot_host_defers_negatives_and_pads ... ok
test lora::slot_math::tests::seq_slot_uniform_prefill_fills_and_resolves ... ok
test lora::slot_math::tests::pool_slot_bytes_absolute_golden ... ok
test lora::slot_math::tests::victim_free_first_before_lru ... ok
test lora::slot_math::tests::select_routed_pair_by_global_index_and_module ... ok
test lora::slot_math::tests::slot_boundaries_do_not_overlap ... ok
test lora::slot_math::tests::victim_lru_idle_when_all_filled ... ok
test lora::slot_math::tests::victim_pool_full_when_all_busy ... ok
test lora::target::tests::expert_and_router_dims_use_moe_intermediate ... ok
test lora::target::tests::expert_layer_adapted_experts_sorted_deduped ... ok
test lora::target::tests::expert_router_bytes_golden ... ok
test lora::types::tests::adapter_names_and_slot_resolve ... ok
test lora::slot_math::tests::slot_base_is_k_times_slot_bytes ... ok
test lora::types::tests::rank_gate_is_independent_of_the_target_gate ... ok
test lora::types::tests::ref_count_and_lru_bookkeeping_follow_resolved_slots ... ok
test lora::types::tests::slot_generation_bump_freshens_adapter_id ... ok
test mistral_loader::loader_impl::phase_qk_absorbed::tests::absorb_qk_bench ... ignored, wall-clock benchmark: seconds per run, not a correctness gate
test lora::types::tests::unsupported_target_modules_are_refused_and_name_the_escape_hatch ... ok
test model::block_mgmt::tests::advance_after_slide_never_moves_cursor_backward ... ok
test model::block_mgmt::tests::advance_after_slide_promotes_lagging_cursors ... ok
test model::block_mgmt::tests::safe_to_evict_when_all_layers_caught_up ... ok
test mistral_loader::loader_impl::phase_qk_absorbed::tests::widen_bf16_is_exact_high_half ... ok
test model::block_mgmt::tests::safe_to_evict_with_empty_cursor_vec_is_vacuously_true ... ok
test model::block_mgmt::tests::unsafe_to_evict_when_a_layer_lags ... ok
test model::block_mgmt::tests::unsafe_to_evict_when_a_layer_never_offloaded ... ok
test model::drafter_context::tests::bare_environment_enables_both ... ok
test model::drafter_context::tests::kill_switch_disables_both ... ok
test lora::rdma_stage::tests::rebuild_slot_layers_sets_rank_and_pointers ... ok
test model::drafter_context::tests::kill_switch_beats_the_research_arm ... ok
test model::drafter_context::tests::obsolete_opt_in_names_are_pinned ... ok
test model::drafter_context::tests::only_exactly_one_switches_anything ... ok
test model::drafter_context::tests::prefill_only_arm_disables_carry_only ... ok
test model::mtp_carry::tests::append_plan_covers_exactly_the_missing_pair_keys ... ok
test mistral_loader::loader_impl::phase_per_head::tests::per_head_runs_cover_the_same_bytes ... ok
test model::mtp_carry::tests::append_plan_declines_on_a_degenerate_prompt ... ok
test model::mtp_carry::tests::append_plan_declines_when_the_store_stops_short_of_the_last_key ... ok
test model::mtp_carry::tests::append_plan_declines_when_nothing_is_missing ... ok
test mistral_loader::loader_impl::phase_qk_absorbed::tests::bf16_truncate_matches_old_flat_map ... ok
test model::mtp_carry::tests::append_plan_clamps_up_to_the_hidden_store_floor ... ok
test model::mtp_carry::tests::merge_interval_extends_on_overlap_and_abut ... ok
test model::mtp_carry::tests::common_prefix_len_is_the_validity_primitive ... ok
test model::mtp_carry::tests::merge_interval_replaces_on_a_gap ... ok
test model::mtp_carry::tests::usable_by_keeps_everything_when_the_whole_entry_matches ... ok
test model::mtp_carry::tests::usable_by_never_drops_more_rows_than_exist ... ok
test model::mtp_carry::tests::usable_by_truncates_the_tail_instead_of_refusing ... ok
test model::mtp_carry::tests::usable_by_declines_when_nothing_survives ... ok
test model::nllb::util::tests::encoder_input_wraps_src_lang_and_eos ... ok
test model::nllb::util::tests::decoder_pos_table_offsets_by_two ... ok
test model::nllb::util::tests::h2d_byte_views_preserve_element_bytes ... ok
test model::nllb::util::tests::encoder_positions_skip_pad_and_count_from_two ... ok
test model::pinned_pack::tests::packs_at_offsets_and_reports_the_high_water ... ok
test model::pinned_pack::tests::empty_source_is_a_no_op ... ok
test model::pinned_pack::tests::pad_to_extends_the_range_but_is_still_bounded ... ok
test model::pinned_pack::tests::refuses_before_writing_a_single_byte ... ok
test model::pinned_pack::tests::the_last_byte_fits_and_one_more_does_not ... ok
test model::pinned_pack::tests::put_prefix_at_checks_the_source_length_too ... ok
test model::ssm_batched_copy::tests::a_plan_that_a_2d_copy_cannot_reproduce_is_refused ... ok
test model::ssm_pool::h_inter_layout_tests::offsets_are_prefix_sums_and_total_is_the_sum ... ok
test model::ssm_batched_copy::tests::kill_switch_default_is_batched ... ok
test model::ssm_batched_copy::tests::the_collapsed_run_reproduces_the_plan_row_for_row ... ok
test model::ssm_batched_copy::tests::single_ssm_layer_still_copies_the_right_bytes ... ok
test model::ssm_batched_copy::tests::batching_collapses_the_layer_loop_to_one_launch ... ok
test model::ssm_pool::h_stored_geometry_tests::rejected_bulk_allocation_falls_back_to_owned_layer_allocations ... ok
test layers::ops::gemv_q2_vec::tests::chunked_batchm_equals_per_row_gemv ... ok
test model::ssm_pool::slot_guard_tests::guard_releases_on_drop ... ok
test model::ssm_pool::slot_guard_tests::migration_releases_old_once_then_owns_new ... ok
test model::ssm_pool::slot_guard_tests::take_neutralizes_drop_no_double_release ... ok
test model::ssm_snapshot_faultin::reap_tests::spill_refusal_retires_the_entry_immediately ... ok
test model::ssm_batched_copy::tests::full_reject_restore_is_byte_identical ... ok
test mistral_loader::loader_impl::phase_qk_absorbed::tests::absorb_qk_matches_reference ... ok
test model::ssm_snapshot_faultin::reap_tests::tier_error_retains_the_key ... ok
test model::ssm_snapshot_faultin::tier_tests::fault_in_absent_key_is_miss ... ok
test lora::slot_math::tests::module_offsets_walk_matches_pack_loop_and_fill_exactly_one_slot ... ok
test model::ssm_snapshot_faultin::tier_tests::acquire_or_spill_frees_a_slot_under_full_pool ... ok
test model::ssm_snapshot_faultin::tier_tests::shallow_victim_is_dropped_but_still_yields_a_slot ... ok
test model::ssm_snapshot_faultin::tier_tests::spill_blob_bytes_matches_layout ... ok
test model::ssm_snapshot_faultin::tier_tests::spill_issues_exactly_one_trailing_sync ... ok
test model::ssm_spill_gate::tests::parse_spill_min_defaults_when_unset_or_garbage ... ok
test model::ssm_snapshot_faultin::tier_tests::staging_buffer_allocated_once ... ok
test model::ssm_snapshot_faultin::tier_tests::tier_survives_slot_recycling ... ok
test model::ssm_spill_gate::tests::parse_spill_min_parses_explicit_values ... ok
test model::ssm_spill_gate::tests::spill_min_clamped_to_fault_min ... ok
test model::ssm_tier::arena_store::paging_isolation_tests::decode_and_marconi_tiers_do_not_cross_serve_on_one_peer ... ok
test model::ssm_spill_gate::tests::shipped_defaults_satisfy_the_invariant ... ok
test model::ssm_tier::arena_store::paging_isolation_tests::distinct_fingerprints_do_not_cross_serve ... ok
test model::ssm_tier::arena_store::paging_isolation_tests::equal_namespaces_cross_serve_the_old_default_bug ... ok
test model::ssm_tier::arena_store::paging_isolation_tests::same_fingerprint_round_trips_across_clients ... ok
test model::ssm_tier::arena_store::paging_isolation_tests::remove_is_namespace_scoped ... ok
test model::ssm_tier::arena_store::paging_isolation_tests::wire_fold_is_deterministic_per_store_instance ... ok
test model::ssm_tier::arena_store::paging_isolation_tests::wire_key_is_mix64_of_key_and_ns ... ok
test model::ssm_tier::arena_store::tests::rdma_full_arena_put_returns_false_not_err ... ok
test model::ssm_tier::arena_store::tests::file_arena_round_trip_bit_identical ... ok
test model::ssm_tier::arena_store::tests::file_arena_write_past_capacity_errs_not_corrupts ... ok
test model::ssm_tier::arena_store::tests::rdma_get_absent_is_miss_not_error ... ok
test model::ssm_tier::arena_store::tests::rdma_overwrite_in_place_no_slot_leak ... ok
test model::ssm_tier::arena_store::tests::rdma_put_get_round_trip_bit_identical ... ok
test model::ssm_tier::arena_store::tests::rdma_wrong_size_get_refused_out_untouched ... ok
test model::ssm_tier::arena_store::tests::rdma_remove_frees_slot_for_reuse ... ok
test model::ssm_tier::arena_store::tests::rdma_wrong_size_put_refused ... ok
test model::ssm_tier::capability::tests::capability_predicates_are_honest ... ok
test model::ssm_tier::capability::tests::attention_only_moe_with_ssm_tier_var_is_rejected ... ok
test model::ssm_tier::capability::tests::dense_model_error_lists_all_set_vars ... ok
test model::ssm_tier::capability::tests::dense_model_rejects_every_tier_selector_var ... ok
test model::ssm_tier::capability::tests::dense_model_without_tier_vars_is_ok ... ok
test model::ssm_tier::capability::tests::dense_model_with_ssm_tier_var_is_rejected ... ok
test model::ssm_tier::fingerprint::tests::decode_ns_mixes_fingerprint_domain_and_client_salt ... ok
test model::ssm_tier::capability::tests::hybrid_model_with_all_tier_vars_is_ok ... ok
test model::ssm_tier::fingerprint::tests::fnv1a_64_matches_reference_vectors ... ok
test model::ssm_tier::fingerprint::tests::golden_fingerprint_dense_is_pinned ... ok
test model::ssm_tier::fingerprint::tests::every_fingerprint_field_is_load_bearing ... ok
test model::ssm_tier::fingerprint::tests::golden_fingerprint_hybrid_moe_is_pinned ... ok
test model::ssm_tier::fingerprint::tests::golden_kv_fingerprint_is_pinned_and_distinct ... ok
test model::ssm_tier::fingerprint::tests::kv_layer_dims_order_is_canonical ... ok
test model::ssm_snapshot_faultin::reap_tests::tier_miss_retires_the_key_instead_of_thrashing ... ok
test model::ssm_tier::fingerprint::tests::mix64_frozen_literals ... ok
test model::ssm_tier::fingerprint::tests::override_precedence_and_strict_parse ... ok
test model::ssm_tier::fingerprint::tests::string_encoding_is_injective ... ok
test model::ssm_tier::fingerprint::tests::underivable_config_fails_fast ... ok
test model::ssm_tier::store::tests::cap_evicts_fifo ... ok
test model::ssm_tier::store::tests::blob_larger_than_cap_refused ... ok
test model::ssm_tier::store::tests::get_absent_is_miss_not_error ... ok
test model::ssm_tier::store::tests::growing_oldest_overwrite_evicts_another_blob_without_exceeding_cap ... ok
test model::ssm_tier::store::tests::overwrite_reclaims_bytes ... ok
test model::ssm_tier::store::tests::wrong_size_get_refused ... ok
test model::ssm_tier::store::tests::put_get_round_trip ... ok
test model::ssm_tier::unified::tests::capped_store_miss_is_clean ... ok
test model::ssm_tier::unified::tests::capped_store_bounds_disk_but_never_rejects ... ok
test model::ssm_tier::unified::tests::ssm_tier_disk_slots_conversion_and_strictness ... ok
test model::ssm_tier::unified::tests::unified_flag_accepts_only_documented_truthy_values ... ok
test model::ssm_tier::unified::tests::unified_over_transport_never_drops_where_bounded_store_did ... ok
test model::ssm_tier::unified::tests::unified_store_remove_releases_resident_key ... ok
test engine::tests::test_generate_stops_on_max_tokens ... ok
test model::ssm_tier::selectors::tests::disk_cap_defaults_to_unbounded ... ok
test model::ssm_tier::unified::tests::unified_store_wrong_size_refused_gracefully ... ok
test model::ssm_tier::unified::tests::unified_store_victim_is_lru_not_fifo_and_not_a_reject ... ok
test engine::tests::test_generate_stops_on_eos ... ok
test model::trait_impl::decode_graph_key::tests::cap_is_headroom_over_decode_meta_rows ... ok
test model::trait_impl::decode_graph_key::tests::lru_insert_below_cap_drops_nothing ... ok
test model::trait_impl::decode_graph_key::tests::lru_insert_at_cap_evicts_oldest_not_the_new_key ... ok
test model::trait_impl::graph_borrow::tests::a_claimed_tail_slot_vetoes_the_borrow ... ok
test model::trait_impl::decode_graph_key::tests::replacing_an_existing_key_destroys_the_old_handle_without_evicting_peers ... ok
test model::trait_impl::graph_borrow::tests::a_dummy_padded_canonical_key_serves_the_rest_of_its_bucket ... ok
test model::trait_impl::graph_borrow::tests::a_non_prefix_slot_vector_never_borrows ... ok
test model::trait_impl::graph_borrow::tests::drain_widths_below_the_window_capture_a_narrow_canonical_graph ... ok
test model::trait_impl::graph_borrow::tests::borrow_log_gate_fires_once_per_transition ... ok
test model::trait_impl::graph_borrow::tests::borrow_width_cap_is_twice_the_power_of_two_bucket ... ok
test model::trait_impl::graph_borrow::tests::drain_widths_inside_the_bucket_replay_the_steady_state_graph ... ok
test model::trait_impl::graph_borrow::tests::invalid_or_exact_width_keys_never_borrow ... ok
test model::trait_impl::graph_borrow::tests::the_narrowest_candidate_is_preferred ... ok
test model::ssm_batched_copy::tests::commit_is_byte_identical_at_every_accepted_depth ... ok
test model::trait_impl::graph_borrow::tests::verify_borrow_requires_matching_depths_and_sentinel ... ok
test model::trait_impl::graph_borrow::tests::verify_prefers_the_fewest_ghost_rows ... ok
test model::trait_impl::graph_borrow::tests::verify_tail_check_receives_slot_and_depth ... ok
test model::trait_impl::graph_borrow::tests::verify_drain_widths_replay_the_steady_state_graph_with_ghost_tails ... ok
test model::trait_impl::prefill_b::batch_kernel_tests::accepts_chunk_zero_when_explicitly_allowed ... ok
test model::trait_impl::prefill_b::batch_kernel_tests::accepts_varlen_batch_when_packed_footprint_fits ... ok
test model::trait_impl::prefill_b::batch_kernel_tests::accepts_uniform_paged_n_2 ... ok
test model::trait_impl::prefill_b::batch_kernel_tests::cache_batch_rejects_full_chunk_hit ... ok
test model::trait_impl::prefill_b::batch_kernel_tests::cache_batch_accepts_equal_partial_hits ... ok
test model::trait_impl::prefill_b::batch_kernel_tests::cache_batch_rejects_mixed_processing_geometry ... ok
test model::ssm_tier::unified::tests::uncapped_new_never_drops ... ok
test model::ssm_tier::selectors::tests::decode_tier_defaults_to_host_ram_non_dropping ... ok
test model::trait_impl::prefill_b::batch_kernel_tests::cache_batch_rejects_restore_metadata ... ok
test model::trait_impl::prefill_b::batch_kernel_tests::effective_charge_allows_warm_stacking ... ok
test model::trait_impl::prefill_b::batch_kernel_tests::hybrid_ssm_admits_only_all_cold_reservations ... ok
test model::trait_impl::prefill_b::batch_kernel_tests::effective_charge_still_rejects_when_sum_exceeds_arena ... ok
test model::trait_impl::prefill_b::batch_kernel_tests::effective_charge_rejects_zero_length_stream ... ok
test model::trait_impl::prefill_b::batch_kernel_tests::mistral_config_is_rejected_as_mla ... ok
test model::trait_impl::prefill_b::batch_kernel_tests::raw_charge_blocks_stacking_at_production_sizes ... ok
test model::trait_impl::prefill_b::batch_kernel_tests::rejects_arena_overflow ... ok
test model::trait_impl::prefill_b::batch_kernel_tests::rejects_chunk_zero ... ok
test model::trait_impl::prefill_b::batch_kernel_tests::rejects_mismatched_chunk_len ... ok
test model::trait_impl::prefill_b::batch_kernel_tests::rejects_large_head_dim ... ok
test model::trait_impl::prefill_b::upload_meta::mrope_pos::tests::a_degenerate_grid_is_survivable ... ok
test model::trait_impl::prefill_b::upload_meta::mrope_pos::tests::a_long_clip_advances_by_its_temporal_extent ... ok
test model::trait_impl::prefill_b::batch_kernel_tests::rejects_scratch_footprint_overflow ... ok
test model::trait_impl::prefill_b::batch_kernel_tests::rejects_mismatched_chunk_start ... ok
test model::trait_impl::prefill_b::upload_meta::mrope_pos::tests::a_one_group_video_matches_the_equivalent_image ... ok
test model::trait_impl::prefill_b::batch_kernel_tests::rejects_mismatched_is_last ... ok
test model::trait_impl::prefill_b::batch_kernel_tests::rejects_under_two_streams ... ok
test model::trait_impl::prefill_b::upload_meta::mrope_pos::tests::a_video_advances_t_once_per_temporal_group ... ok
test model::trait_impl::prefill_b::upload_meta::mrope_pos::tests::a_video_and_an_image_interleave_correctly ... ok
test model::trait_impl::prefill_b::upload_meta::mrope_pos::tests::an_image_holds_t_constant_and_advances_by_its_long_side ... ok
test model::trait_impl::prefill_b::upload_meta::mrope_pos::tests::pads_beyond_the_owned_grids_do_not_panic ... ok
test model::trait_impl::prefill_b::upload_meta::mrope_pos::tests::the_grid_window_bounds_which_items_are_consumed ... ok
test model::ssm_batched_copy::tests::every_slot_rolls_back_to_its_own_state ... ok
test model::trait_impl::prefill_b::upload_meta::mrope_pos::tests::text_only_is_the_identity_ramp_on_all_three_streams ... ok
test model::trait_impl::prefill_b::upload_meta::mrope_pos::tests::the_streams_start_where_the_caller_says ... ok
test model::trait_impl::prefill_b::upload_meta::mrope_pos::tests::the_three_streams_always_match_the_token_count ... ok
test model::trait_impl::prefill_b::upload_meta::mrope_pos::tests::two_images_each_advance_the_running_position ... ok
test model::trait_impl::ssm_fault_in::tests::gate_disabled_never_skips ... ok
test model::trait_impl::prefill_b::upload_meta::mrope_pos::tests::the_image_rule_is_unchanged_by_the_temporal_axis ... ok
test model::trait_impl::ssm_fault_in::tests::gate_skips_shallow_faults_only ... ok
test model::trait_impl::ssm_fault_in::tests::min_tokens_defaults_when_unset_or_garbage ... ok
test model::trait_impl::verify_e2::tests::key_changes_when_any_input_changes ... ok
test model::trait_impl::ssm_fault_in::tests::min_tokens_parses_explicit_values ... ok
test model::trait_impl::verify_e2::tests::key_is_reused_when_no_input_changes ... ok
test norm_convention_tests::vanilla_norm_models_are_explicit ... ok
test precision_schedule::tests::default_schedule_is_all_inherit ... ok
test model::trait_impl::verify_e2::tests::value_switch_is_armed_only_by_a_literal_one ... ok
test precision_schedule::tests::dtype_str_parsing ... ok
test precision_schedule::tests::role_override_wins_over_default ... ok
test precision_schedule::tests::role_str_round_trips ... ok
test model::trait_impl::verify_e2::tests::key_is_injective_over_the_reachable_domain ... ok
test precision_schedule::tests::sensitive_layer_does_not_override_router_or_lm_head ... ok
test precision_schedule::tests::sensitive_layer_overrides_bulk_default_for_weights ... ok
test preflight::deepseek_v4::tests::stage_discovery_is_exact_and_ordered ... ok
test preflight::deepseek_v4::tests::pure_tp_draft_contract_rejects_invalid_or_overflowing_geometry ... ok
test preflight::deepseek_v4::tests::tensor_contract_rejects_e8m0_where_fp8_weight_is_required ... ok
test preflight::deepseek_v4::tests::tensor_contract_rejects_missing_required_tensor ... ok
test preflight::qsa_kv_tests::a_qsa_checkpoint_accepts_bf16 ... ok
test preflight::deepseek_v4::tests::tensor_contract_rejects_wrong_scale_shape ... ok
test preflight::deepseek_v4::tests::pure_tp_draft_contract_restores_full_width_and_partitions_experts ... ok
test preflight::qsa_kv_tests::the_engine_default_is_not_something_a_qsa_checkpoint_can_use ... ok
test preflight::qsa_kv_tests::a_non_qsa_checkpoint_accepts_any_kv_dtype ... ok
test quant_format::tests::exact_match ... ok
test quant_format::tests::ignore_patterns_drive_effective_variants_for_every_format ... ok
test preflight::qsa_kv_tests::spellings_that_do_not_parse_downstream_are_not_accepted ... ok
test preflight::qsa_kv_tests::a_qsa_checkpoint_refuses_a_quantized_kv_cache_by_name ... ok
test quant_format::tests::leading_and_all_star_patterns ... ok
test quant_format::tests::prefix_star ... ok
test quant_format::tests::middle_star ... ok
test quant_format::tests::trailing_star_matches_a_prefix ... ok
test speculative::ladder::tests::explicit_steps_are_honored ... ok
test speculative::ladder::tests::default_ladder_holds_depth_to_the_cap ... ok
test speculative::ladder::tests::ladder_clamps_to_configured_ceiling ... ok
test speculative::ladder::tests::depth_at_width_env_rungs_parse_shape ... ok
test speculative::ladder::tests::malformed_ladder_is_rejected_as_a_unit ... ok
test speculative::tree_shape::tests::accept_full_spine ... ok
test speculative::tree_shape::tests::accept_hedge_after_spine_prefix_is_terminal ... ok
test speculative::tree_shape::tests::accept_reject_all_gives_root_bonus ... ok
test speculative::tree_shape::tests::row_layout_spine_prefix ... ok
test speculative::tree_shape::tests::parse_and_validate ... ok
test speculative::tree_shape::tests::accept_hedge_rescue_is_terminal ... ok
test speculative::verify_key::tests::canonical_order_is_idempotent ... ok
test speculative::verify_key::tests::canonical_order_is_slot_ascending_and_depth_descending ... ok
test speculative::verify_key::tests::at_the_threshold_the_gate_selects_the_canonical_arm ... ok
test speculative::verify_key::tests::kill_switch_restores_the_arrangement_keyed_behaviour ... ok
test speculative::verify_key::tests::different_multisets_have_different_keys ... ok
test speculative::verify_key::tests::different_slot_sets_have_different_keys ... ok
test speculative::verify_key::tests::empty_and_single_batches_are_well_formed ... ok
test speculative::verify_key::tests::each_depth_run_owns_a_consecutive_slot_block ... ok
test speculative::verify_key::tests::kill_switch_dominates_width_and_override ... ok
test speculative::verify_key::tests::min_width_override_parses ... ok
test speculative::verify_key::tests::min_width_override_moves_the_boundary ... ok
test speculative::verify_key::tests::mismatched_batch_vectors_fail_closed ... ok
test speculative::verify_key::tests::the_gate_boundary_is_the_constant ... ok
test speculative::verify_key::tests::same_multiset_different_arrangement_is_one_key ... ok
test speculative::verify_key::tests::permutation_leaves_depths_attached_to_their_member ... ok
test speculative::verify_key::tests::uniform_depths_are_identical_under_both_arms ... ok
test speculative::verify_key::tests::wy_table_presence_splits_the_key ... ok
test ssm_reserve::mtp_state_slot_tests::cap_bites_above_32_and_kill_switch_restores ... ok
test ssm_reserve::mtp_state_slot_tests::bs64_ledger_before_after_and_fit ... ok
test ssm_reserve::mtp_state_slot_tests::decode_ring_decision_matrix ... ok
test ssm_reserve::mtp_state_slot_tests::cap_identity_at_or_below_32_every_config ... ok
test ssm_reserve::mtp_state_slot_tests::h_stored_bytes_rejects_non_fp32_width ... ok
test ssm_reserve::mtp_state_slot_tests::h_stored_bytes_is_identity_off_and_half_on ... ok
test ssm_reserve::mtp_state_slot_tests::prefill_staging_costs_one_fp32_layer_blob_per_slot ... ok
test ssm_reserve::mtp_state_slot_tests::replay_mode_keeps_one_checkpoint_blob_per_slot ... ok
test ssm_reserve::mtp_state_slot_tests::k_minus_1_shrink_and_kill_switch_shape ... ok
test ssm_reserve::mtp_state_slot_tests::replay_ring_bytes_pinned_27b ... ok
test ssm_reserve::mtp_state_slot_tests::rollback_mode_parses_and_rejects ... ok
test ssm_reserve::mtp_state_slot_tests::f16_pool_sizing_pinned_and_flag_off_untouched ... ok
test ssm_reserve::mtp_state_slot_tests::tier_capacity_default_ladder_shape ... ok
test tp_shard::tests::ba_single_segment_group_aligned ... ok
test tp_shard::tests::column_parallel_offsets ... ok
test tp_shard::tests::conv_segment_plan_uses_qkv_segments ... ok
test tp_shard::tests::gdn_dims_derived ... ok
test tp_shard::tests::divisibility_check ... ok
test tp_shard::tests::qkvz_plan_holo_dense_dims ... ok
test tp_shard::tests::qkvz_segment_plan_is_segmented_not_contiguous ... ok
test ssm_reserve::mtp_state_slot_tests::tiered_totals_pinned ... ok
test tp_shard::tests::segment_plan_rejects_indivisible ... ok
test tp_shard::tests::row_parallel_offsets ... ok
test traits::logprobs::tests::bf16_slice_roundtrip_extract ... ok
test tp_shard::tests::value_vector_offsets ... ok
test traits::logprobs::tests::empty_vocab_is_neg_inf_with_no_alternatives ... ok
test traits::logprobs::tests::k_zero_returns_empty_top ... ok
test traits::logprobs::tests::logprob_matches_manual_log_softmax ... ok
test traits::logprobs::tests::out_of_vocab_target_is_neg_inf_not_panic ... ok
test traits::model::padded_batch_n_tests::ladder_rungs ... ok
test video_decode_ffmpeg::tests::a_stream_of_two_pngs_splits_into_two_frames ... ok
test video_decode_ffmpeg::tests::a_non_video_payload_fails_cleanly ... ok
test video_decode_ffmpeg::tests::a_missing_binary_fails_the_decode_by_name ... ok
test video_decode_ffmpeg::tests::an_empty_stream_splits_to_nothing ... ok
test video_decode_ffmpeg::tests::an_h264_mp4_decodes_to_frames_at_the_requested_rate ... ok
test video_decode_ffmpeg::tests::an_hevc_clip_decodes_too_when_the_encoder_is_available ... ok
test video_decode_ffmpeg::tests::decoded_frames_are_not_all_identical ... ok
test video_decode_ffmpeg::tests::an_output_cap_smaller_than_the_clip_is_refused ... ok
test video_decode_ffmpeg::tests::disabled_refuses_before_touching_the_binary ... ok
test video_decode_ffmpeg::tests::probing_while_disabled_says_disabled_rather_than_missing ... ok
test video_decode_ffmpeg::tests::the_default_policy_runs_nothing ... ok
test video_decode_ffmpeg::tests::probing_a_missing_binary_reports_it_by_name ... ok
test video_preprocess::tests::a_clip_is_sampled_to_the_requested_rate ... ok
test video_preprocess::tests::a_short_clip_is_never_padded_up_to_the_minimum ... ok
test video_decode_ffmpeg::tests::the_frame_cap_is_honoured ... ok
test video_preprocess::tests::an_empty_clip_samples_to_nothing ... ok
test video_decode_ffmpeg::tests::the_requested_rate_actually_changes_the_frame_count ... ok
test video_preprocess::tests::an_inverted_frame_band_uses_the_ceiling ... ok
test video_preprocess::tests::an_mp4_is_refused_by_name_with_a_conversion_hint ... ok
test video_preprocess::tests::garbage_is_an_error_not_a_panic ... ok
test tp_shard::tests::qkvz_two_rank_reconcat_tiles_full ... ok
test video_preprocess::tests::a_single_frame_gif_is_refused_rather_than_treated_as_a_still ... ok
test video_preprocess::tests::indices_are_in_range_and_non_decreasing ... ok
test layers::ops::gemv_sw::tests::cuda_n_per_block_matches_rust_ssot ... ok
test video_preprocess::tests::one_frame_cannot_make_a_group_at_tp2 ... ok
test mistral_loader::loader_impl::phase_qk_absorbed::tests::absorb_rows_is_bit_exact_vs_reference ... ok
test layers::ops::gemv_sw::tests::sw_gemv_stages_the_lut_per_warp_without_a_block_barrier ... ok
test layers::ops::gemv_sw::tests::sw_partial_shares_pipelined_k16_loop ... ok
test video_preprocess::tests::the_frame_count_is_always_a_whole_number_of_groups ... ok
test video_preprocess::tests::the_max_frames_ceiling_is_honoured ... ok
test video_preprocess::tests::zero_and_nonfinite_rates_fall_back_rather_than_exploding ... ok
test vision_preprocess::tests::a_red_pixel_produces_the_exact_grid_and_normalized_channel_layout ... ok
test vision_preprocess::tests::a_small_unbounded_image_only_moves_to_the_nearest_grid ... ok
test vision_preprocess::tests::a_square_area_bound_snaps_to_its_exact_grid ... ok
test vision_preprocess::tests::absolute_ceiling_bounds_a_pathological_aspect_ratio ... ok
test vision_preprocess::tests::an_aligned_small_image_is_not_scaled_up_to_a_large_declared_bound ... ok
test layers::ops::gemv_sw::tests::decode_gemv_partials_index_a_shared_staged_lut ... ok
test video_preprocess::tests::invalid_geometry_is_refused_before_dividing_by_it ... ok
test vision_preprocess::tests::an_unbounded_large_image_uses_the_fallback_long_side ... ok
test vision_preprocess::tests::aspect_ratio_is_preserved_within_grid_rounding ... ok
test vision_preprocess::tests::declared_area_bound_raises_above_the_fallback ... ok
test vision_preprocess::tests::declared_area_bound_still_downscales_when_exceeded ... ok
test vision_preprocess::tests::declared_area_bound_survives_grid_rounding ... ok
test vision_preprocess::tests::decode_bomb_dimensions_are_rejected_before_allocation ... ok
test video_preprocess::tests::gif_magic_wins_over_a_mislabelled_mime ... ok
test vision_preprocess::tests::malformed_base64_and_undecodable_bytes_fail_for_distinct_reasons ... ok
test vision_preprocess::tests::no_declared_bound_keeps_the_1280_fallback ... ok
test vision_preprocess::tests::operator_override_can_lower_below_the_fallback ... ok
test vision_preprocess::tests::sides_are_always_grid_multiples ... ok
test vision_preprocess::tests::still_image_pad_count_floors_partial_merge_blocks ... ok
test vision_preprocess::tests::still_image_pad_count_is_identity_without_merging ... ok
test vision_preprocess::tests::still_image_pad_count_treats_zero_merge_as_one ... ok
test vision_preprocess::tests::still_image_pad_count_uses_the_spatially_merged_grid ... ok
test vision_preprocess::tests::zero_patch_size_is_an_error_not_a_divide_by_zero_panic ... ok
test vision_preprocess::tests::zero_spatial_merge_size_is_an_error ... ok
test vision_preprocess::tests::zero_temporal_patch_size_is_an_error ... ok
test weight_loader::deepseek_v4::attn_sink::attn_sink_dtype_tests::bf16_checkpoint_is_widened_into_a_new_exact_fp32_buffer ... ok
test weight_loader::deepseek_v4::attn_sink::attn_sink_dtype_tests::fp32_checkpoint_pointer_passes_through_unchanged ... ok
test weight_loader::deepseek_v4::attn_sink::attn_sink_dtype_tests::missing_sink_returns_null_without_allocating ... ok
test weight_loader::deepseek_v4::attn_sink::attn_sink_dtype_tests::unsupported_checkpoint_dtype_names_the_tensor_and_contract ... ok
test video_preprocess::tests::consecutive_groups_hold_different_frames ... ok
test weight_loader::deepseek_v4::csa_ape::csa_ape_dtype_tests::bf16_checkpoint_is_widened_into_a_new_exact_fp32_buffer ... ok
test weight_loader::deepseek_v4::csa_ape::csa_ape_dtype_tests::fp32_checkpoint_pointer_passes_through_unchanged ... ok
test weight_loader::deepseek_v4::csa_ape::csa_ape_dtype_tests::missing_required_ape_names_the_tensor ... ok
test weight_loader::deepseek_v4::csa_ape::csa_ape_dtype_tests::unsupported_checkpoint_dtype_names_the_tensor_and_contract ... ok
test weight_loader::dflash_loader::loader_tests::effective_block_size_falls_back_to_the_top_level ... ok
test weight_loader::dflash_loader::loader_tests::effective_block_size_prefers_the_drafters_own_value ... ok
test weight_loader::dflash_loader::loader_tests::malformed_runtime_field_is_rejected_with_parser_context ... ok
test weight_loader::dflash_loader::loader_tests::omitted_optional_fields_use_runtime_defaults ... ok
test weight_loader::dflash_loader::loader_tests::shipped_qwen3_6_fields_reach_the_runtime_config ... ok
test weight_loader::longcat::prep::tests::deinterleave_moves_even_rows_first ... ok
test weight_loader::laguna::load_layers::tests::unified_moe_layout_is_explicitly_opt_in ... ok
test weight_loader::longcat::prep::tests::deinterleave_respects_base_row_and_width ... ok
test weight_loader::nemotron::tests::nemotron_layout_routes_embedding_norm_and_tied_head ... ok
test weight_loader::nemotron::tests::explicit_lm_head_takes_precedence_over_tied_embedding ... ok
test weight_loader::qwen35_dense::rowwise_fp8::rowwise_fp8_tests::a_block_grid_is_not_per_row ... ok
test weight_loader::qwen35_dense::rowwise_fp8::rowwise_fp8_tests::a_column_vector_is_rejected_even_with_n_elements ... ok
test weight_loader::qwen35_dense::rowwise_fp8::rowwise_fp8_tests::per_row_shapes_are_accepted ... ok
test vision_preprocess::tests::exif_rotation_precedes_grid_sizing ... ok
test weight_loader::qwen35_dense::rowwise_fp8::rowwise_fp8_tests::a_scalar_scale_is_not_per_row ... ok
test weight_loader::qwen35_dense::rowwise_fp8::rowwise_fp8_tests::projection_metadata_gates_the_rowwise_loader_path ... ok
test weight_map::nvfp4_detect::ep_detection_tests::alternate_layer0_fp8_dtype_is_detected_on_every_ep_rank ... ok
test weight_map::nvfp4_detect::ep_detection_tests::scale_inv_suffix_fallback_detects_an_unexpected_prefix ... ok
test video_preprocess::tests::an_animated_gif_decodes_to_its_frames ... ok
test vision_preprocess::tests::an_untagged_image_is_not_rotated ... ok
test video_preprocess::tests::the_two_frames_of_a_group_are_actually_different ... ok
test vision_preprocess::tests::an_exif_tagged_image_is_rotated_upright ... ok
test video_preprocess::tests::grouping_produces_correctly_shaped_buffers ... ok
test video_preprocess::tests::pad_count_is_groups_times_the_merged_plane ... ok
test layers::ops::gemm_dense::gemm_dense_tests::ldb_kernels_keep_their_dialect_specific_bounds ... ok
test layers::ops::gemm_dense::gemm_dense_tests::ldb_kernels_actually_use_the_parameter ... ok
test layers::ops::gemm_dense::gemm_dense_tests::ldb_launcher_arg_count_matches_kernel_param_count ... ok
test layers::ops::gemm_dense::gemm_dense_tests::w4a16_gemm_t_ldb_drift_is_exactly_the_known_set ... ok
test speculative::verify_key::tests::below_the_threshold_is_byte_identical_to_pre_canonical ... ok
test video_preprocess::tests::the_area_bound_shrinks_the_grid ... ok
test speculative::verify_key::tests::n8_key_space_collapses_266_to_3 ... ok
test video_decode_ffmpeg::tests::a_hanging_decoder_is_killed_at_timeout ... ok
test model::ssm_pool::h_stored_geometry_tests::release_frees_backing_allocations_not_layer_views ... ok
test model::ssm_pool::h_stored_geometry_tests::layer_pools_are_one_contiguous_block_per_family ... ok
test model::ssm_pool::h_stored_geometry_tests::replay_pool_has_checkpoints_and_ring_but_no_intermediates ... ok
test model::ssm_pool::h_stored_geometry_tests::prefill_staging_is_one_fp32_blob_per_slot_and_only_when_narrowed ... ok
test model::ssm_pool::h_stored_geometry_tests::h_families_stride_by_the_stored_width ... ok
test model::ssm_pool::h_stored_geometry_tests::h_bytes_stays_the_fp32_width ... ok

test result: ok. 647 passed; 0 failed; 11 ignored; 0 measured; 0 filtered out; finished in 2.65s

     Running tests/arm2_leg2_decode.rs (/workspace/atlas-rental/target-cpu-checks/debug/deps/arm2_leg2_decode-8a64d7c7d7581d46)

running 1 test
test leg2_family_a_decode ... ignored

test result: ok. 0 passed; 0 failed; 1 ignored; 0 measured; 0 filtered out; finished in 0.00s

     Running tests/arm2_leg2_prefill.rs (/workspace/atlas-rental/target-cpu-checks/debug/deps/arm2_leg2_prefill-07e0b127a182c6f8)

running 1 test
test leg2_family_b_prefill ... ignored

test result: ok. 0 passed; 0 failed; 1 ignored; 0 measured; 0 filtered out; finished in 0.00s

     Running tests/moe_lora_delta_parity.rs (/workspace/atlas-rental/target-cpu-checks/debug/deps/moe_lora_delta_parity-35db62ff3cd1d8fa)

running 1 test
test moe_lora_delta_parity ... ignored, requires a GB10 GPU + compiled kernel set (CI links libcuda stubs only)

test result: ok. 0 passed; 0 failed; 1 ignored; 0 measured; 0 filtered out; finished in 0.00s

     Running tests/moe_swiglu_clamp_scope.rs (/workspace/atlas-rental/target-cpu-checks/debug/deps/moe_swiglu_clamp_scope-723f815841db3201)

running 2 tests
test clamp_scanner_distinguishes_code_from_comments_and_spacing ... ok
test the_swiglu_clamp_stays_in_models_that_declare_one ... ok

test result: ok. 2 passed; 0 failed; 0 ignored; 0 measured; 0 filtered out; finished in 0.27s


running 2 tests
test rust_bounds_mirror_the_kernel_defines ... ok
     Running tests/moe_topk_sigmoid_bounds.rs (/workspace/atlas-rental/target-cpu-checks/debug/deps/moe_topk_sigmoid_bounds-228b629e9e58e8bf)
test no_model_directory_shadows_the_sigmoid_routing_kernel ... ok

test result: ok. 2 passed; 0 failed; 0 ignored; 0 measured; 0 filtered out; finished in 0.02s

     Running tests/nllb_metal_kernels.rs (/workspace/atlas-rental/target-cpu-checks/debug/deps/nllb_metal_kernels-16fa14d989deccfd)

running 0 tests

test result: ok. 0 passed; 0 failed; 0 ignored; 0 measured; 0 filtered out; finished in 0.00s

   Doc-tests spark_model

running 0 tests

test result: ok. 0 passed; 0 failed; 0 ignored; 0 measured; 0 filtered out; finished in 0.00s

