   Compiling atlas-core v1.0.0-beta-preview (/home/pidtom/atlas-grammar-prewarm-20260905/crates/atlas-core)
    Checking cudarc v0.19.2 (/home/pidtom/atlas-grammar-prewarm-20260905/vendor/cudarc)
   Compiling atlas-closure v1.0.0-beta-preview (/home/pidtom/atlas-grammar-prewarm-20260905/crates/atlas-closure)
   Compiling spark-runtime v1.0.0-beta-preview (/home/pidtom/atlas-grammar-prewarm-20260905/crates/spark-runtime)
    Checking atlas-governance v1.0.0-beta-preview (/home/pidtom/atlas-grammar-prewarm-20260905/crates/atlas-governance)
   Compiling spark-storage v1.0.0-beta-preview (/home/pidtom/atlas-grammar-prewarm-20260905/crates/spark-storage)
    Checking cufile-sys v1.0.0-beta-preview (/home/pidtom/atlas-grammar-prewarm-20260905/crates/cufile-sys)
    Checking atlas-rdma v1.0.0-beta-preview (/home/pidtom/atlas-grammar-prewarm-20260905/crates/atlas-rdma)
    Checking atlas-tier v1.0.0-beta-preview (/home/pidtom/atlas-grammar-prewarm-20260905/crates/atlas-tier)
   Compiling spark-model v1.0.0-beta-preview (/home/pidtom/atlas-grammar-prewarm-20260905/crates/spark-model)
    Checking spark-comm v1.0.0-beta-preview (/home/pidtom/atlas-grammar-prewarm-20260905/crates/spark-comm)
    Checking xgrammar v1.0.0-beta-preview (/home/pidtom/atlas-grammar-prewarm-20260905/crates/xgrammar)
   Compiling atlas-spark-bench v1.0.0-beta-preview (/home/pidtom/atlas-grammar-prewarm-20260905/crates/atlas-spark-bench)
 Documenting spark-nllb v1.0.0-beta-preview (/home/pidtom/atlas-grammar-prewarm-20260905/crates/spark-nllb)
    Checking spark-nllb v1.0.0-beta-preview (/home/pidtom/atlas-grammar-prewarm-20260905/crates/spark-nllb)
 Documenting xgrammar v1.0.0-beta-preview (/home/pidtom/atlas-grammar-prewarm-20260905/crates/xgrammar)
 Documenting cufile-sys v1.0.0-beta-preview (/home/pidtom/atlas-grammar-prewarm-20260905/crates/cufile-sys)
 Documenting atlas-rdma v1.0.0-beta-preview (/home/pidtom/atlas-grammar-prewarm-20260905/crates/atlas-rdma)
 Documenting atlas-governance v1.0.0-beta-preview (/home/pidtom/atlas-grammar-prewarm-20260905/crates/atlas-governance)
 Documenting atlas-closure v1.0.0-beta-preview (/home/pidtom/atlas-grammar-prewarm-20260905/crates/atlas-closure)
 Documenting spark-comm v1.0.0-beta-preview (/home/pidtom/atlas-grammar-prewarm-20260905/crates/spark-comm)
 Documenting atlas-tier v1.0.0-beta-preview (/home/pidtom/atlas-grammar-prewarm-20260905/crates/atlas-tier)
    Checking atlas-plugin v1.0.0-beta-preview (/home/pidtom/atlas-grammar-prewarm-20260905/crates/atlas-plugin)
 Documenting atlas-plugin v1.0.0-beta-preview (/home/pidtom/atlas-grammar-prewarm-20260905/crates/atlas-plugin)
   Compiling atlas-kernels v1.0.0-beta-preview (/home/pidtom/atlas-grammar-prewarm-20260905/crates/atlas-kernels)
 Documenting atlas-core v1.0.0-beta-preview (/home/pidtom/atlas-grammar-prewarm-20260905/crates/atlas-core)
 Documenting atlas-kernels v1.0.0-beta-preview (/home/pidtom/atlas-grammar-prewarm-20260905/crates/atlas-kernels)
 Documenting atlas-spark-bench v1.0.0-beta-preview (/home/pidtom/atlas-grammar-prewarm-20260905/crates/atlas-spark-bench)
 Documenting spark-runtime v1.0.0-beta-preview (/home/pidtom/atlas-grammar-prewarm-20260905/crates/spark-runtime)
 Documenting spark-storage v1.0.0-beta-preview (/home/pidtom/atlas-grammar-prewarm-20260905/crates/spark-storage)
 Documenting spark-model v1.0.0-beta-preview (/home/pidtom/atlas-grammar-prewarm-20260905/crates/spark-model)
 Documenting spark-server v1.0.0-beta-preview (/home/pidtom/atlas-grammar-prewarm-20260905/crates/spark-server)
    Checking spark-server v1.0.0-beta-preview (/home/pidtom/atlas-grammar-prewarm-20260905/crates/spark-server)
    Finished `dev` profile [unoptimized + debuginfo] target(s) in 19.31s
   Generated /home/pidtom/atlas-hopper-gate-full/target/doc/atlas_closure/index.html and 21 other files
