   Compiling crossbeam-utils v0.8.21
   Compiling libc v0.2.189
   Compiling cfg-if v1.0.4
   Compiling syn v2.0.117
   Compiling zerocopy v0.8.39
   Compiling serde_core v1.0.229
   Compiling crossbeam-epoch v0.9.20
   Compiling serde v1.0.229
   Compiling autocfg v1.5.0
   Compiling serde_json v1.0.151
   Compiling find-msvc-tools v0.1.9
   Compiling rayon-core v1.13.0
   Compiling either v1.15.0
   Compiling shlex v1.3.0
   Compiling getrandom v0.3.4
   Compiling parking_lot_core v0.9.12
   Compiling radium v0.7.0
   Compiling ahash v0.8.12
   Compiling anstyle v1.0.14
   Compiling once_cell v1.21.4
   Compiling plotters-backend v0.3.7
   Compiling cc v1.2.56
   Compiling tap v1.0.1
   Compiling scopeguard v1.2.0
   Compiling smallvec v1.15.1
   Compiling clap_lex v1.0.0
   Compiling regex-syntax v0.8.10
   Compiling ciborium-io v0.2.2
   Compiling wyz v0.5.1
   Compiling lock_api v0.4.14
   Compiling plotters-svg v0.3.7
   Compiling itertools v0.13.0
   Compiling cast v0.3.0
   Compiling clap_builder v4.6.6
   Compiling hashbrown v0.14.5
   Compiling funty v2.0.0
   Compiling same-file v1.0.6
   Compiling num-traits v0.2.19
   Compiling oorandom v11.1.5
   Compiling anes v0.1.6
   Compiling walkdir v2.5.0
   Compiling bitvec v1.1.1
   Compiling alloca v0.4.0
   Compiling page_size v0.6.0
   Compiling crossbeam-deque v0.8.6
   Compiling plotters v0.3.7
   Compiling dashmap v6.2.1
   Compiling regex-automata v0.4.14
   Compiling criterion-plot v0.8.2
   Compiling rayon v1.12.0
   Compiling zerocopy-derive v0.8.39
   Compiling clap v4.6.6
   Compiling regex v1.12.3
   Compiling tinytemplate v1.2.1
   Compiling half v2.7.1
   Compiling xgrammar v1.0.0-beta-preview (/home/pidtom/atlas-grammar-prewarm-20260905/crates/xgrammar)
   Compiling ciborium-ll v0.2.2
   Compiling ciborium v0.2.2
   Compiling criterion v0.8.2
    Finished `release` profile [optimized] target(s) in 6.40s
