FILL steps=1 states=1 cache=123 detail=[(9, 108, 0, "Rejected")]
FILL steps=1 states=1 cache=123 detail=[(9, 108, 0, "Rejected")]
FILL steps=1 states=1 cache=123 detail=[(9, 108, 0, "Rejected")]
FILL steps=1 states=1 cache=123 detail=[(9, 108, 0, "Rejected")]
FILL steps=12 states=1 cache=123 detail=[(9, 119, 0, "Rejected")]
FILL steps=12 states=1 cache=123 detail=[(9, 119, 0, "Rejected")]
FILL steps=12 states=1 cache=123 detail=[(9, 119, 0, "Rejected")]
FILL steps=12 states=1 cache=123 detail=[(9, 119, 0, "Rejected")]
FILL steps=13 states=1 cache=123 detail=[(9, 120, 0, "Rejected")]
FILL steps=13 states=1 cache=123 detail=[(9, 120, 0, "Rejected")]
FILL steps=13 states=1 cache=123 detail=[(9, 120, 0, "Rejected")]
FILL steps=13 states=1 cache=123 detail=[(9, 120, 0, "Rejected")]
FILL steps=14 states=1 cache=123 detail=[(9, 121, 0, "Rejected")]
FILL steps=14 states=1 cache=123 detail=[(9, 121, 0, "Rejected")]
FILL steps=14 states=1 cache=123 detail=[(9, 121, 0, "Rejected")]
FILL steps=14 states=1 cache=123 detail=[(9, 121, 0, "Rejected")]
FILL steps=22 states=1 cache=123 detail=[(9, 129, 0, "Rejected")]
FILL steps=22 states=1 cache=123 detail=[(9, 129, 0, "Rejected")]
FILL steps=22 states=1 cache=123 detail=[(9, 129, 0, "Rejected")]
FILL steps=22 states=1 cache=123 detail=[(9, 129, 0, "Rejected")]
FILL steps=26 states=1 cache=123 detail=[(9, 133, 0, "Rejected")]
FILL steps=26 states=1 cache=123 detail=[(9, 133, 0, "Rejected")]
FILL steps=26 states=1 cache=123 detail=[(9, 133, 0, "Rejected")]
FILL steps=26 states=1 cache=123 detail=[(9, 133, 0, "Rejected")]
FILL steps=34 states=1 cache=123 detail=[(9, 141, 0, "Rejected")]
FILL steps=34 states=1 cache=123 detail=[(9, 141, 0, "Rejected")]
FILL steps=34 states=1 cache=123 detail=[(9, 141, 0, "Rejected")]
FILL steps=34 states=1 cache=123 detail=[(9, 141, 0, "Rejected")]
FILL steps=35 states=1 cache=123 detail=[(8, 82, 0, "Accepted")]
FILL steps=35 states=1 cache=123 detail=[(8, 82, 0, "Accepted")]
FILL steps=35 states=1 cache=123 detail=[(8, 82, 0, "Accepted")]
FILL steps=35 states=1 cache=123 detail=[(8, 82, 0, "Accepted")]
FILL steps=36 states=1 cache=123 detail=[(1, 7, 0, "Accepted")]
FILL steps=36 states=1 cache=123 detail=[(1, 7, 0, "Accepted")]
FILL steps=36 states=1 cache=123 detail=[(1, 7, 0, "Accepted")]
FILL steps=36 states=1 cache=123 detail=[(1, 7, 0, "Accepted")]
FILL steps=37 states=1 cache=123 detail=[(1, 8, 0, "Accepted")]
FILL steps=37 states=1 cache=123 detail=[(1, 8, 0, "Accepted")]
FILL steps=37 states=1 cache=123 detail=[(1, 8, 0, "Accepted")]
FILL steps=37 states=1 cache=123 detail=[(1, 8, 0, "Accepted")]
FILL steps=46 states=1 cache=123 detail=[(1, 17, 0, "Accepted")]
FILL steps=46 states=1 cache=123 detail=[(1, 17, 0, "Accepted")]
FILL steps=46 states=1 cache=123 detail=[(1, 17, 0, "Accepted")]
FILL steps=46 states=1 cache=123 detail=[(1, 17, 0, "Accepted")]
FILL steps=47 states=1 cache=123 detail=[(2, 31, 0, "Accepted")]
FILL steps=47 states=1 cache=123 detail=[(2, 31, 0, "Accepted")]
FILL steps=47 states=1 cache=123 detail=[(2, 31, 0, "Accepted")]
FILL steps=47 states=1 cache=123 detail=[(2, 31, 0, "Accepted")]
FILL steps=51 states=1 cache=123 detail=[(1, 4, 0, "Accepted")]
FILL steps=51 states=1 cache=123 detail=[(1, 4, 0, "Accepted")]
FILL steps=51 states=1 cache=123 detail=[(1, 4, 0, "Accepted")]
FILL steps=51 states=1 cache=123 detail=[(1, 4, 0, "Accepted")]
FILL steps=52 states=2 cache=123 detail=[(3, 38, 0, "AcceptedBitset"), (4, 55, 131686, "AcceptedBitset")]
FILL steps=52 states=2 cache=123 detail=[(3, 38, 0, "AcceptedBitset"), (4, 55, 131686, "AcceptedBitset")]
FILL steps=52 states=2 cache=123 detail=[(3, 38, 0, "AcceptedBitset"), (4, 55, 131686, "AcceptedBitset")]
FILL steps=52 states=2 cache=123 detail=[(3, 38, 0, "AcceptedBitset"), (4, 55, 131686, "AcceptedBitset")]
FILL steps=53 states=2 cache=123 detail=[(3, 38, 0, "AcceptedBitset"), (4, 55, 131686, "AcceptedBitset")]
FILL steps=53 states=2 cache=123 detail=[(3, 38, 0, "AcceptedBitset"), (4, 55, 131686, "AcceptedBitset")]
FILL steps=53 states=2 cache=123 detail=[(3, 38, 0, "AcceptedBitset"), (4, 55, 131686, "AcceptedBitset")]
FILL steps=53 states=2 cache=123 detail=[(3, 38, 0, "AcceptedBitset"), (4, 55, 131686, "AcceptedBitset")]
FILL steps=55 states=2 cache=123 detail=[(7, 78, 0, "Rejected"), (1, 6, 0, "Accepted")]
FILL steps=55 states=2 cache=123 detail=[(7, 78, 0, "Rejected"), (1, 6, 0, "Accepted")]
FILL steps=55 states=2 cache=123 detail=[(7, 78, 0, "Rejected"), (1, 6, 0, "Accepted")]
FILL steps=55 states=2 cache=123 detail=[(7, 78, 0, "Rejected"), (1, 6, 0, "Accepted")]
FILL steps=57 states=2 cache=123 detail=[(7, 78, 0, "Rejected"), (1, 6, 0, "Accepted")]
FILL steps=57 states=2 cache=123 detail=[(7, 78, 0, "Rejected"), (1, 6, 0, "Accepted")]
FILL steps=57 states=2 cache=123 detail=[(7, 78, 0, "Rejected"), (1, 6, 0, "Accepted")]
FILL steps=57 states=2 cache=123 detail=[(7, 78, 0, "Rejected"), (1, 6, 0, "Accepted")]
FILL steps=60 states=2 cache=123 detail=[(7, 78, 0, "Rejected"), (1, 6, 0, "Accepted")]
FILL steps=60 states=2 cache=123 detail=[(7, 78, 0, "Rejected"), (1, 6, 0, "Accepted")]
FILL steps=60 states=2 cache=123 detail=[(7, 78, 0, "Rejected"), (1, 6, 0, "Accepted")]
FILL steps=60 states=2 cache=123 detail=[(7, 78, 0, "Rejected"), (1, 6, 0, "Accepted")]
FILL steps=62 states=2 cache=123 detail=[(7, 78, 0, "Rejected"), (1, 6, 0, "Accepted")]
FILL steps=62 states=2 cache=123 detail=[(7, 78, 0, "Rejected"), (1, 6, 0, "Accepted")]
FILL steps=62 states=2 cache=123 detail=[(7, 78, 0, "Rejected"), (1, 6, 0, "Accepted")]
FILL steps=62 states=2 cache=123 detail=[(7, 78, 0, "Rejected"), (1, 6, 0, "Accepted")]
FILL steps=63 states=2 cache=123 detail=[(7, 78, 0, "Rejected"), (1, 6, 0, "Accepted")]
FILL steps=63 states=2 cache=123 detail=[(7, 78, 0, "Rejected"), (1, 6, 0, "Accepted")]
FILL steps=63 states=2 cache=123 detail=[(7, 78, 0, "Rejected"), (1, 6, 0, "Accepted")]
FILL steps=63 states=2 cache=123 detail=[(7, 78, 0, "Rejected"), (1, 6, 0, "Accepted")]
FILL steps=65 states=2 cache=123 detail=[(7, 75, 0, "Rejected"), (1, 19, 0, "Accepted")]
FILL steps=65 states=2 cache=123 detail=[(7, 75, 0, "Rejected"), (1, 19, 0, "Accepted")]
FILL steps=65 states=2 cache=123 detail=[(7, 75, 0, "Rejected"), (1, 19, 0, "Accepted")]
FILL steps=65 states=2 cache=123 detail=[(7, 75, 0, "Rejected"), (1, 19, 0, "Accepted")]
FILL steps=74 states=2 cache=123 detail=[(7, 79, 0, "Rejected"), (1, 28, 198, "Accepted")]
FILL steps=74 states=2 cache=123 detail=[(7, 79, 0, "Rejected"), (1, 28, 198, "Accepted")]
FILL steps=74 states=2 cache=123 detail=[(7, 79, 0, "Rejected"), (1, 28, 198, "Accepted")]
FILL steps=74 states=2 cache=123 detail=[(7, 79, 0, "Rejected"), (1, 28, 198, "Accepted")]
FILL steps=75 states=2 cache=123 detail=[(6, 59, 0, "Accepted"), (8, 81, 0, "Accepted")]
FILL steps=75 states=2 cache=123 detail=[(6, 59, 0, "Accepted"), (8, 81, 0, "Accepted")]
FILL steps=75 states=2 cache=123 detail=[(6, 59, 0, "Accepted"), (8, 81, 0, "Accepted")]
FILL steps=75 states=2 cache=123 detail=[(6, 59, 0, "Accepted"), (8, 81, 0, "Accepted")]
FILL steps=76 states=2 cache=123 detail=[(8, 83, 0, "Accepted"), (1, 7, 0, "Accepted")]
FILL steps=76 states=2 cache=123 detail=[(8, 83, 0, "Accepted"), (1, 7, 0, "Accepted")]
FILL steps=76 states=2 cache=123 detail=[(8, 83, 0, "Accepted"), (1, 7, 0, "Accepted")]
FILL steps=76 states=2 cache=123 detail=[(8, 83, 0, "Accepted"), (1, 7, 0, "Accepted")]
FILL steps=77 states=2 cache=123 detail=[(8, 84, 0, "Accepted"), (1, 8, 0, "Accepted")]
FILL steps=77 states=2 cache=123 detail=[(8, 84, 0, "Accepted"), (1, 8, 0, "Accepted")]
FILL steps=77 states=2 cache=123 detail=[(8, 84, 0, "Accepted"), (1, 8, 0, "Accepted")]
FILL steps=77 states=2 cache=123 detail=[(8, 84, 0, "Accepted"), (1, 8, 0, "Accepted")]
FILL steps=86 states=1 cache=123 detail=[(1, 17, 0, "Accepted")]
FILL steps=86 states=1 cache=123 detail=[(1, 17, 0, "Accepted")]
FILL steps=86 states=1 cache=123 detail=[(1, 17, 0, "Accepted")]
FILL steps=86 states=1 cache=123 detail=[(1, 17, 0, "Accepted")]
FILL steps=87 states=1 cache=123 detail=[(2, 31, 0, "Accepted")]
FILL steps=87 states=1 cache=123 detail=[(2, 31, 0, "Accepted")]
FILL steps=87 states=1 cache=123 detail=[(2, 31, 0, "Accepted")]
FILL steps=87 states=1 cache=123 detail=[(2, 31, 0, "Accepted")]
FILL steps=91 states=1 cache=123 detail=[(1, 4, 0, "Accepted")]
FILL steps=91 states=1 cache=123 detail=[(1, 4, 0, "Accepted")]
FILL steps=91 states=1 cache=123 detail=[(1, 4, 0, "Accepted")]
FILL steps=91 states=1 cache=123 detail=[(1, 4, 0, "Accepted")]
FILL steps=92 states=2 cache=123 detail=[(3, 38, 0, "AcceptedBitset"), (4, 55, 131686, "AcceptedBitset")]
FILL steps=92 states=2 cache=123 detail=[(3, 38, 0, "AcceptedBitset"), (4, 55, 131686, "AcceptedBitset")]
FILL steps=92 states=2 cache=123 detail=[(3, 38, 0, "AcceptedBitset"), (4, 55, 131686, "AcceptedBitset")]
FILL steps=92 states=2 cache=123 detail=[(3, 38, 0, "AcceptedBitset"), (4, 55, 131686, "AcceptedBitset")]
FILL steps=93 states=2 cache=123 detail=[(3, 38, 0, "AcceptedBitset"), (4, 55, 131686, "AcceptedBitset")]
FILL steps=93 states=2 cache=123 detail=[(3, 38, 0, "AcceptedBitset"), (4, 55, 131686, "AcceptedBitset")]
FILL steps=93 states=2 cache=123 detail=[(3, 38, 0, "AcceptedBitset"), (4, 55, 131686, "AcceptedBitset")]
FILL steps=93 states=2 cache=123 detail=[(3, 38, 0, "AcceptedBitset"), (4, 55, 131686, "AcceptedBitset")]
FILL steps=94 states=2 cache=123 detail=[(1, 6, 0, "Accepted"), (7, 78, 0, "Rejected")]
FILL steps=94 states=2 cache=123 detail=[(1, 6, 0, "Accepted"), (7, 78, 0, "Rejected")]
FILL steps=94 states=2 cache=123 detail=[(1, 6, 0, "Accepted"), (7, 78, 0, "Rejected")]
FILL steps=94 states=2 cache=123 detail=[(1, 6, 0, "Accepted"), (7, 78, 0, "Rejected")]
FILL steps=95 states=2 cache=123 detail=[(7, 78, 0, "Rejected"), (1, 6, 0, "Accepted")]
FILL steps=95 states=2 cache=123 detail=[(7, 78, 0, "Rejected"), (1, 6, 0, "Accepted")]
FILL steps=95 states=2 cache=123 detail=[(7, 78, 0, "Rejected"), (1, 6, 0, "Accepted")]
FILL steps=95 states=2 cache=123 detail=[(7, 78, 0, "Rejected"), (1, 6, 0, "Accepted")]
FILL steps=97 states=2 cache=123 detail=[(7, 75, 0, "Rejected"), (1, 19, 0, "Accepted")]
FILL steps=97 states=2 cache=123 detail=[(7, 75, 0, "Rejected"), (1, 19, 0, "Accepted")]
FILL steps=97 states=2 cache=123 detail=[(7, 75, 0, "Rejected"), (1, 19, 0, "Accepted")]
FILL steps=97 states=2 cache=123 detail=[(7, 75, 0, "Rejected"), (1, 19, 0, "Accepted")]
FILL steps=106 states=2 cache=123 detail=[(7, 79, 0, "Rejected"), (1, 28, 198, "Accepted")]
FILL steps=106 states=2 cache=123 detail=[(7, 79, 0, "Rejected"), (1, 28, 198, "Accepted")]
FILL steps=106 states=2 cache=123 detail=[(7, 79, 0, "Rejected"), (1, 28, 198, "Accepted")]
FILL steps=106 states=2 cache=123 detail=[(7, 79, 0, "Rejected"), (1, 28, 198, "Accepted")]
FILL steps=107 states=2 cache=123 detail=[(6, 59, 0, "Accepted"), (8, 81, 0, "Accepted")]
FILL steps=107 states=2 cache=123 detail=[(6, 59, 0, "Accepted"), (8, 81, 0, "Accepted")]
FILL steps=107 states=2 cache=123 detail=[(6, 59, 0, "Accepted"), (8, 81, 0, "Accepted")]
FILL steps=107 states=2 cache=123 detail=[(6, 59, 0, "Accepted"), (8, 81, 0, "Accepted")]
FILL steps=108 states=2 cache=123 detail=[(8, 83, 0, "Accepted"), (1, 7, 0, "Accepted")]
FILL steps=108 states=2 cache=123 detail=[(8, 83, 0, "Accepted"), (1, 7, 0, "Accepted")]
FILL steps=108 states=2 cache=123 detail=[(8, 83, 0, "Accepted"), (1, 7, 0, "Accepted")]
FILL steps=108 states=2 cache=123 detail=[(8, 83, 0, "Accepted"), (1, 7, 0, "Accepted")]
FILL steps=110 states=1 cache=123 detail=[(8, 85, 0, "Accepted")]
FILL steps=110 states=1 cache=123 detail=[(8, 85, 0, "Accepted")]
FILL steps=110 states=1 cache=123 detail=[(8, 85, 0, "Accepted")]
FILL steps=110 states=1 cache=123 detail=[(8, 85, 0, "Accepted")]
FILL steps=118 states=1 cache=123 detail=[(8, 93, 0, "Accepted")]
FILL steps=118 states=1 cache=123 detail=[(8, 93, 0, "Accepted")]
FILL steps=118 states=1 cache=123 detail=[(8, 93, 0, "Accepted")]
FILL steps=118 states=1 cache=123 detail=[(8, 93, 0, "Accepted")]
FILL steps=119 states=1 cache=123 detail=[(8, 94, 0, "Accepted")]
FILL steps=119 states=1 cache=123 detail=[(8, 94, 0, "Accepted")]
FILL steps=119 states=1 cache=123 detail=[(8, 94, 0, "Accepted")]
FILL steps=119 states=1 cache=123 detail=[(8, 94, 0, "Accepted")]
FILL steps=120 states=1 cache=123 detail=[(8, 95, 0, "Accepted")]
FILL steps=120 states=1 cache=123 detail=[(8, 95, 0, "Accepted")]
FILL steps=120 states=1 cache=123 detail=[(8, 95, 0, "Accepted")]
FILL steps=120 states=1 cache=123 detail=[(8, 95, 0, "Accepted")]
