FILL steps=1 states=1 cache=123 detail=[(8, 91, 0, "Rejected")]
FILL steps=1 states=1 cache=123 detail=[(8, 91, 0, "Rejected")]
FILL steps=1 states=1 cache=123 detail=[(8, 91, 0, "Rejected")]
FILL steps=1 states=1 cache=123 detail=[(8, 91, 0, "Rejected")]
FILL steps=12 states=1 cache=123 detail=[(8, 102, 0, "Rejected")]
FILL steps=12 states=1 cache=123 detail=[(8, 102, 0, "Rejected")]
FILL steps=12 states=1 cache=123 detail=[(8, 102, 0, "Rejected")]
FILL steps=12 states=1 cache=123 detail=[(8, 102, 0, "Rejected")]
FILL steps=13 states=1 cache=123 detail=[(8, 103, 0, "Rejected")]
FILL steps=13 states=1 cache=123 detail=[(8, 103, 0, "Rejected")]
FILL steps=13 states=1 cache=123 detail=[(8, 103, 0, "Rejected")]
FILL steps=13 states=1 cache=123 detail=[(8, 103, 0, "Rejected")]
FILL steps=14 states=1 cache=123 detail=[(8, 104, 0, "Rejected")]
FILL steps=14 states=1 cache=123 detail=[(8, 104, 0, "Rejected")]
FILL steps=14 states=1 cache=123 detail=[(8, 104, 0, "Rejected")]
FILL steps=14 states=1 cache=123 detail=[(8, 104, 0, "Rejected")]
FILL steps=22 states=1 cache=123 detail=[(8, 112, 0, "Rejected")]
FILL steps=22 states=1 cache=123 detail=[(8, 112, 0, "Rejected")]
FILL steps=22 states=1 cache=123 detail=[(8, 112, 0, "Rejected")]
FILL steps=22 states=1 cache=123 detail=[(8, 112, 0, "Rejected")]
FILL steps=26 states=1 cache=123 detail=[(8, 116, 0, "Rejected")]
FILL steps=26 states=1 cache=123 detail=[(8, 116, 0, "Rejected")]
FILL steps=26 states=1 cache=123 detail=[(8, 116, 0, "Rejected")]
FILL steps=26 states=1 cache=123 detail=[(8, 116, 0, "Rejected")]
FILL steps=34 states=1 cache=123 detail=[(8, 124, 0, "Rejected")]
FILL steps=34 states=1 cache=123 detail=[(8, 124, 0, "Rejected")]
FILL steps=34 states=1 cache=123 detail=[(8, 124, 0, "Rejected")]
FILL steps=34 states=1 cache=123 detail=[(8, 124, 0, "Rejected")]
FILL steps=35 states=1 cache=123 detail=[(7, 65, 0, "Accepted")]
FILL steps=35 states=1 cache=123 detail=[(7, 65, 0, "Accepted")]
FILL steps=35 states=1 cache=123 detail=[(7, 65, 0, "Accepted")]
FILL steps=35 states=1 cache=123 detail=[(7, 65, 0, "Accepted")]
FILL steps=36 states=1 cache=123 detail=[(1, 7, 0, "Accepted")]
FILL steps=36 states=1 cache=123 detail=[(1, 7, 0, "Accepted")]
FILL steps=36 states=1 cache=123 detail=[(1, 7, 0, "Accepted")]
FILL steps=36 states=1 cache=123 detail=[(1, 7, 0, "Accepted")]
FILL steps=37 states=1 cache=123 detail=[(1, 8, 0, "Accepted")]
FILL steps=37 states=1 cache=123 detail=[(1, 8, 0, "Accepted")]
FILL steps=37 states=1 cache=123 detail=[(1, 8, 0, "Accepted")]
FILL steps=37 states=1 cache=123 detail=[(1, 8, 0, "Accepted")]
FILL steps=46 states=1 cache=123 detail=[(1, 17, 0, "Accepted")]
FILL steps=46 states=1 cache=123 detail=[(1, 17, 0, "Accepted")]
FILL steps=46 states=1 cache=123 detail=[(1, 17, 0, "Accepted")]
FILL steps=46 states=1 cache=123 detail=[(1, 17, 0, "Accepted")]
FILL steps=47 states=1 cache=123 detail=[(2, 31, 0, "Accepted")]
FILL steps=47 states=1 cache=123 detail=[(2, 31, 0, "Accepted")]
FILL steps=47 states=1 cache=123 detail=[(2, 31, 0, "Accepted")]
FILL steps=47 states=1 cache=123 detail=[(2, 31, 0, "Accepted")]
FILL steps=51 states=1 cache=123 detail=[(1, 4, 0, "Accepted")]
FILL steps=51 states=1 cache=123 detail=[(1, 4, 0, "Accepted")]
FILL steps=51 states=1 cache=123 detail=[(1, 4, 0, "Accepted")]
FILL steps=51 states=1 cache=123 detail=[(1, 4, 0, "Accepted")]
FILL steps=52 states=2 cache=123 detail=[(3, 38, 0, "AcceptedBitset"), (10, 143, 0, "AcceptedBitset")]
FILL steps=52 states=2 cache=123 detail=[(3, 38, 0, "AcceptedBitset"), (10, 143, 0, "AcceptedBitset")]
FILL steps=52 states=2 cache=123 detail=[(3, 38, 0, "AcceptedBitset"), (10, 143, 0, "AcceptedBitset")]
FILL steps=52 states=2 cache=123 detail=[(3, 38, 0, "AcceptedBitset"), (10, 143, 0, "AcceptedBitset")]
FILL steps=53 states=2 cache=123 detail=[(3, 38, 0, "AcceptedBitset"), (10, 143, 0, "AcceptedBitset")]
FILL steps=53 states=2 cache=123 detail=[(3, 38, 0, "AcceptedBitset"), (10, 143, 0, "AcceptedBitset")]
FILL steps=53 states=2 cache=123 detail=[(3, 38, 0, "AcceptedBitset"), (10, 143, 0, "AcceptedBitset")]
FILL steps=53 states=2 cache=123 detail=[(3, 38, 0, "AcceptedBitset"), (10, 143, 0, "AcceptedBitset")]
FILL steps=55 states=2 cache=123 detail=[(6, 61, 0, "Rejected"), (1, 6, 0, "Accepted")]
FILL steps=55 states=2 cache=123 detail=[(6, 61, 0, "Rejected"), (1, 6, 0, "Accepted")]
FILL steps=55 states=2 cache=123 detail=[(6, 61, 0, "Rejected"), (1, 6, 0, "Accepted")]
FILL steps=55 states=2 cache=123 detail=[(6, 61, 0, "Rejected"), (1, 6, 0, "Accepted")]
FILL steps=57 states=2 cache=123 detail=[(6, 61, 0, "Rejected"), (1, 6, 0, "Accepted")]
FILL steps=57 states=2 cache=123 detail=[(6, 61, 0, "Rejected"), (1, 6, 0, "Accepted")]
FILL steps=57 states=2 cache=123 detail=[(6, 61, 0, "Rejected"), (1, 6, 0, "Accepted")]
FILL steps=57 states=2 cache=123 detail=[(6, 61, 0, "Rejected"), (1, 6, 0, "Accepted")]
FILL steps=60 states=2 cache=123 detail=[(6, 61, 0, "Rejected"), (1, 6, 0, "Accepted")]
FILL steps=60 states=2 cache=123 detail=[(6, 61, 0, "Rejected"), (1, 6, 0, "Accepted")]
FILL steps=60 states=2 cache=123 detail=[(6, 61, 0, "Rejected"), (1, 6, 0, "Accepted")]
FILL steps=60 states=2 cache=123 detail=[(6, 61, 0, "Rejected"), (1, 6, 0, "Accepted")]
FILL steps=62 states=2 cache=123 detail=[(6, 61, 0, "Rejected"), (1, 6, 0, "Accepted")]
FILL steps=62 states=2 cache=123 detail=[(6, 61, 0, "Rejected"), (1, 6, 0, "Accepted")]
FILL steps=62 states=2 cache=123 detail=[(6, 61, 0, "Rejected"), (1, 6, 0, "Accepted")]
FILL steps=62 states=2 cache=123 detail=[(6, 61, 0, "Rejected"), (1, 6, 0, "Accepted")]
FILL steps=63 states=2 cache=123 detail=[(6, 61, 0, "Rejected"), (1, 6, 0, "Accepted")]
FILL steps=63 states=2 cache=123 detail=[(6, 61, 0, "Rejected"), (1, 6, 0, "Accepted")]
FILL steps=63 states=2 cache=123 detail=[(6, 61, 0, "Rejected"), (1, 6, 0, "Accepted")]
FILL steps=63 states=2 cache=123 detail=[(6, 61, 0, "Rejected"), (1, 6, 0, "Accepted")]
FILL steps=65 states=2 cache=123 detail=[(6, 58, 0, "Rejected"), (1, 19, 0, "Accepted")]
FILL steps=65 states=2 cache=123 detail=[(6, 58, 0, "Rejected"), (1, 19, 0, "Accepted")]
FILL steps=65 states=2 cache=123 detail=[(6, 58, 0, "Rejected"), (1, 19, 0, "Accepted")]
FILL steps=65 states=2 cache=123 detail=[(6, 58, 0, "Rejected"), (1, 19, 0, "Accepted")]
FILL steps=74 states=2 cache=123 detail=[(6, 62, 0, "Rejected"), (1, 28, 198, "Accepted")]
FILL steps=74 states=2 cache=123 detail=[(6, 62, 0, "Rejected"), (1, 28, 198, "Accepted")]
FILL steps=74 states=2 cache=123 detail=[(6, 62, 0, "Rejected"), (1, 28, 198, "Accepted")]
FILL steps=74 states=2 cache=123 detail=[(6, 62, 0, "Rejected"), (1, 28, 198, "Accepted")]
FILL steps=75 states=2 cache=123 detail=[(5, 42, 0, "Accepted"), (7, 64, 0, "Accepted")]
FILL steps=75 states=2 cache=123 detail=[(5, 42, 0, "Accepted"), (7, 64, 0, "Accepted")]
FILL steps=75 states=2 cache=123 detail=[(5, 42, 0, "Accepted"), (7, 64, 0, "Accepted")]
FILL steps=75 states=2 cache=123 detail=[(5, 42, 0, "Accepted"), (7, 64, 0, "Accepted")]
FILL steps=76 states=2 cache=123 detail=[(7, 66, 0, "Accepted"), (1, 7, 0, "Accepted")]
FILL steps=76 states=2 cache=123 detail=[(7, 66, 0, "Accepted"), (1, 7, 0, "Accepted")]
FILL steps=76 states=2 cache=123 detail=[(7, 66, 0, "Accepted"), (1, 7, 0, "Accepted")]
FILL steps=76 states=2 cache=123 detail=[(7, 66, 0, "Accepted"), (1, 7, 0, "Accepted")]
FILL steps=77 states=2 cache=123 detail=[(7, 67, 0, "Accepted"), (1, 8, 0, "Accepted")]
FILL steps=77 states=2 cache=123 detail=[(7, 67, 0, "Accepted"), (1, 8, 0, "Accepted")]
FILL steps=77 states=2 cache=123 detail=[(7, 67, 0, "Accepted"), (1, 8, 0, "Accepted")]
FILL steps=77 states=2 cache=123 detail=[(7, 67, 0, "Accepted"), (1, 8, 0, "Accepted")]
FILL steps=86 states=1 cache=123 detail=[(1, 17, 0, "Accepted")]
FILL steps=86 states=1 cache=123 detail=[(1, 17, 0, "Accepted")]
FILL steps=86 states=1 cache=123 detail=[(1, 17, 0, "Accepted")]
FILL steps=86 states=1 cache=123 detail=[(1, 17, 0, "Accepted")]
FILL steps=87 states=1 cache=123 detail=[(2, 31, 0, "Accepted")]
FILL steps=87 states=1 cache=123 detail=[(2, 31, 0, "Accepted")]
FILL steps=87 states=1 cache=123 detail=[(2, 31, 0, "Accepted")]
FILL steps=87 states=1 cache=123 detail=[(2, 31, 0, "Accepted")]
FILL steps=91 states=1 cache=123 detail=[(1, 4, 0, "Accepted")]
FILL steps=91 states=1 cache=123 detail=[(1, 4, 0, "Accepted")]
FILL steps=91 states=1 cache=123 detail=[(1, 4, 0, "Accepted")]
FILL steps=91 states=1 cache=123 detail=[(1, 4, 0, "Accepted")]
FILL steps=92 states=2 cache=123 detail=[(3, 38, 0, "AcceptedBitset"), (10, 143, 0, "AcceptedBitset")]
FILL steps=92 states=2 cache=123 detail=[(3, 38, 0, "AcceptedBitset"), (10, 143, 0, "AcceptedBitset")]
FILL steps=92 states=2 cache=123 detail=[(3, 38, 0, "AcceptedBitset"), (10, 143, 0, "AcceptedBitset")]
FILL steps=92 states=2 cache=123 detail=[(3, 38, 0, "AcceptedBitset"), (10, 143, 0, "AcceptedBitset")]
FILL steps=93 states=2 cache=123 detail=[(3, 38, 0, "AcceptedBitset"), (10, 143, 0, "AcceptedBitset")]
FILL steps=93 states=2 cache=123 detail=[(3, 38, 0, "AcceptedBitset"), (10, 143, 0, "AcceptedBitset")]
FILL steps=93 states=2 cache=123 detail=[(3, 38, 0, "AcceptedBitset"), (10, 143, 0, "AcceptedBitset")]
FILL steps=93 states=2 cache=123 detail=[(3, 38, 0, "AcceptedBitset"), (10, 143, 0, "AcceptedBitset")]
FILL steps=94 states=2 cache=123 detail=[(1, 6, 0, "Accepted"), (6, 61, 0, "Rejected")]
FILL steps=94 states=2 cache=123 detail=[(1, 6, 0, "Accepted"), (6, 61, 0, "Rejected")]
FILL steps=94 states=2 cache=123 detail=[(1, 6, 0, "Accepted"), (6, 61, 0, "Rejected")]
FILL steps=94 states=2 cache=123 detail=[(1, 6, 0, "Accepted"), (6, 61, 0, "Rejected")]
FILL steps=95 states=2 cache=123 detail=[(6, 61, 0, "Rejected"), (1, 6, 0, "Accepted")]
FILL steps=95 states=2 cache=123 detail=[(6, 61, 0, "Rejected"), (1, 6, 0, "Accepted")]
FILL steps=95 states=2 cache=123 detail=[(6, 61, 0, "Rejected"), (1, 6, 0, "Accepted")]
FILL steps=95 states=2 cache=123 detail=[(6, 61, 0, "Rejected"), (1, 6, 0, "Accepted")]
FILL steps=97 states=2 cache=123 detail=[(6, 58, 0, "Rejected"), (1, 19, 0, "Accepted")]
FILL steps=97 states=2 cache=123 detail=[(6, 58, 0, "Rejected"), (1, 19, 0, "Accepted")]
FILL steps=97 states=2 cache=123 detail=[(6, 58, 0, "Rejected"), (1, 19, 0, "Accepted")]
FILL steps=97 states=2 cache=123 detail=[(6, 58, 0, "Rejected"), (1, 19, 0, "Accepted")]
FILL steps=106 states=2 cache=123 detail=[(6, 62, 0, "Rejected"), (1, 28, 198, "Accepted")]
FILL steps=106 states=2 cache=123 detail=[(6, 62, 0, "Rejected"), (1, 28, 198, "Accepted")]
FILL steps=106 states=2 cache=123 detail=[(6, 62, 0, "Rejected"), (1, 28, 198, "Accepted")]
FILL steps=106 states=2 cache=123 detail=[(6, 62, 0, "Rejected"), (1, 28, 198, "Accepted")]
FILL steps=107 states=2 cache=123 detail=[(5, 42, 0, "Accepted"), (7, 64, 0, "Accepted")]
FILL steps=107 states=2 cache=123 detail=[(5, 42, 0, "Accepted"), (7, 64, 0, "Accepted")]
FILL steps=107 states=2 cache=123 detail=[(5, 42, 0, "Accepted"), (7, 64, 0, "Accepted")]
FILL steps=107 states=2 cache=123 detail=[(5, 42, 0, "Accepted"), (7, 64, 0, "Accepted")]
FILL steps=108 states=2 cache=123 detail=[(7, 66, 0, "Accepted"), (1, 7, 0, "Accepted")]
FILL steps=108 states=2 cache=123 detail=[(7, 66, 0, "Accepted"), (1, 7, 0, "Accepted")]
FILL steps=108 states=2 cache=123 detail=[(7, 66, 0, "Accepted"), (1, 7, 0, "Accepted")]
FILL steps=108 states=2 cache=123 detail=[(7, 66, 0, "Accepted"), (1, 7, 0, "Accepted")]
FILL steps=110 states=1 cache=123 detail=[(7, 68, 0, "Accepted")]
FILL steps=110 states=1 cache=123 detail=[(7, 68, 0, "Accepted")]
FILL steps=110 states=1 cache=123 detail=[(7, 68, 0, "Accepted")]
FILL steps=110 states=1 cache=123 detail=[(7, 68, 0, "Accepted")]
FILL steps=118 states=1 cache=123 detail=[(7, 76, 0, "Accepted")]
FILL steps=118 states=1 cache=123 detail=[(7, 76, 0, "Accepted")]
FILL steps=118 states=1 cache=123 detail=[(7, 76, 0, "Accepted")]
FILL steps=118 states=1 cache=123 detail=[(7, 76, 0, "Accepted")]
FILL steps=119 states=1 cache=123 detail=[(7, 77, 0, "Accepted")]
FILL steps=119 states=1 cache=123 detail=[(7, 77, 0, "Accepted")]
FILL steps=119 states=1 cache=123 detail=[(7, 77, 0, "Accepted")]
FILL steps=119 states=1 cache=123 detail=[(7, 77, 0, "Accepted")]
FILL steps=120 states=1 cache=123 detail=[(7, 78, 0, "Accepted")]
FILL steps=120 states=1 cache=123 detail=[(7, 78, 0, "Accepted")]
FILL steps=120 states=1 cache=123 detail=[(7, 78, 0, "Accepted")]
FILL steps=120 states=1 cache=123 detail=[(7, 78, 0, "Accepted")]
FILL steps=1 states=1 cache=123 detail=[(7, 65, 0, "Accepted")]
FILL steps=1 states=1 cache=123 detail=[(7, 65, 0, "Accepted")]
FILL steps=1 states=1 cache=123 detail=[(7, 65, 0, "Accepted")]
FILL steps=1 states=1 cache=123 detail=[(7, 65, 0, "Accepted")]
FILL steps=12 states=1 cache=123 detail=[(7, 76, 0, "Accepted")]
FILL steps=12 states=1 cache=123 detail=[(7, 76, 0, "Accepted")]
FILL steps=12 states=1 cache=123 detail=[(7, 76, 0, "Accepted")]
FILL steps=12 states=1 cache=123 detail=[(7, 76, 0, "Accepted")]
FILL steps=13 states=1 cache=123 detail=[(7, 77, 0, "Accepted")]
FILL steps=13 states=1 cache=123 detail=[(7, 77, 0, "Accepted")]
FILL steps=13 states=1 cache=123 detail=[(7, 77, 0, "Accepted")]
FILL steps=13 states=1 cache=123 detail=[(7, 77, 0, "Accepted")]
FILL steps=14 states=1 cache=123 detail=[(7, 78, 0, "Accepted")]
FILL steps=14 states=1 cache=123 detail=[(7, 78, 0, "Accepted")]
FILL steps=14 states=1 cache=123 detail=[(7, 78, 0, "Accepted")]
FILL steps=14 states=1 cache=123 detail=[(7, 78, 0, "Accepted")]
FILL steps=22 states=1 cache=123 detail=[(7, 86, 0, "Accepted")]
FILL steps=22 states=1 cache=123 detail=[(7, 86, 0, "Accepted")]
FILL steps=22 states=1 cache=123 detail=[(7, 86, 0, "Accepted")]
FILL steps=22 states=1 cache=123 detail=[(7, 86, 0, "Accepted")]
FILL steps=26 states=1 cache=123 detail=[(7, 90, 0, "Accepted")]
FILL steps=26 states=1 cache=123 detail=[(7, 90, 0, "Accepted")]
FILL steps=26 states=1 cache=123 detail=[(7, 90, 0, "Accepted")]
FILL steps=26 states=1 cache=123 detail=[(7, 90, 0, "Accepted")]
FILL steps=34 states=1 cache=123 detail=[(7, 98, 0, "Accepted")]
FILL steps=34 states=1 cache=123 detail=[(7, 98, 0, "Accepted")]
FILL steps=34 states=1 cache=123 detail=[(7, 98, 0, "Accepted")]
FILL steps=34 states=1 cache=123 detail=[(7, 98, 0, "Accepted")]
FILL steps=35 states=1 cache=123 detail=[(7, 99, 0, "Accepted")]
FILL steps=35 states=1 cache=123 detail=[(7, 99, 0, "Accepted")]
FILL steps=35 states=1 cache=123 detail=[(7, 99, 0, "Accepted")]
FILL steps=35 states=1 cache=123 detail=[(7, 99, 0, "Accepted")]
FILL steps=36 states=1 cache=123 detail=[(1, 7, 0, "Accepted")]
FILL steps=36 states=1 cache=123 detail=[(1, 7, 0, "Accepted")]
FILL steps=36 states=1 cache=123 detail=[(1, 7, 0, "Accepted")]
FILL steps=36 states=1 cache=123 detail=[(1, 7, 0, "Accepted")]
FILL steps=37 states=1 cache=123 detail=[(1, 8, 0, "Accepted")]
FILL steps=37 states=1 cache=123 detail=[(1, 8, 0, "Accepted")]
FILL steps=37 states=1 cache=123 detail=[(1, 8, 0, "Accepted")]
FILL steps=37 states=1 cache=123 detail=[(1, 8, 0, "Accepted")]
FILL steps=46 states=1 cache=123 detail=[(1, 17, 0, "Accepted")]
FILL steps=46 states=1 cache=123 detail=[(1, 17, 0, "Accepted")]
FILL steps=46 states=1 cache=123 detail=[(1, 17, 0, "Accepted")]
FILL steps=46 states=1 cache=123 detail=[(1, 17, 0, "Accepted")]
FILL steps=47 states=1 cache=123 detail=[(2, 31, 0, "Accepted")]
FILL steps=47 states=1 cache=123 detail=[(2, 31, 0, "Accepted")]
FILL steps=47 states=1 cache=123 detail=[(2, 31, 0, "Accepted")]
FILL steps=47 states=1 cache=123 detail=[(2, 31, 0, "Accepted")]
FILL steps=51 states=1 cache=123 detail=[(1, 4, 0, "Accepted")]
FILL steps=51 states=1 cache=123 detail=[(1, 4, 0, "Accepted")]
FILL steps=51 states=1 cache=123 detail=[(1, 4, 0, "Accepted")]
FILL steps=51 states=1 cache=123 detail=[(1, 4, 0, "Accepted")]
FILL steps=52 states=2 cache=123 detail=[(3, 38, 0, "AcceptedBitset"), (9, 142, 0, "AcceptedBitset")]
FILL steps=52 states=2 cache=123 detail=[(3, 38, 0, "AcceptedBitset"), (9, 142, 0, "AcceptedBitset")]
FILL steps=52 states=2 cache=123 detail=[(3, 38, 0, "AcceptedBitset"), (9, 142, 0, "AcceptedBitset")]
FILL steps=52 states=2 cache=123 detail=[(3, 38, 0, "AcceptedBitset"), (9, 142, 0, "AcceptedBitset")]
FILL steps=53 states=2 cache=123 detail=[(3, 38, 0, "AcceptedBitset"), (9, 142, 0, "AcceptedBitset")]
FILL steps=53 states=2 cache=123 detail=[(3, 38, 0, "AcceptedBitset"), (9, 142, 0, "AcceptedBitset")]
FILL steps=53 states=2 cache=123 detail=[(3, 38, 0, "AcceptedBitset"), (9, 142, 0, "AcceptedBitset")]
FILL steps=53 states=2 cache=123 detail=[(3, 38, 0, "AcceptedBitset"), (9, 142, 0, "AcceptedBitset")]
FILL steps=55 states=2 cache=123 detail=[(6, 61, 0, "Rejected"), (1, 6, 0, "Accepted")]
FILL steps=55 states=2 cache=123 detail=[(6, 61, 0, "Rejected"), (1, 6, 0, "Accepted")]
FILL steps=55 states=2 cache=123 detail=[(6, 61, 0, "Rejected"), (1, 6, 0, "Accepted")]
FILL steps=55 states=2 cache=123 detail=[(6, 61, 0, "Rejected"), (1, 6, 0, "Accepted")]
FILL steps=57 states=2 cache=123 detail=[(6, 61, 0, "Rejected"), (1, 6, 0, "Accepted")]
FILL steps=57 states=2 cache=123 detail=[(6, 61, 0, "Rejected"), (1, 6, 0, "Accepted")]
FILL steps=57 states=2 cache=123 detail=[(6, 61, 0, "Rejected"), (1, 6, 0, "Accepted")]
FILL steps=57 states=2 cache=123 detail=[(6, 61, 0, "Rejected"), (1, 6, 0, "Accepted")]
FILL steps=60 states=2 cache=123 detail=[(6, 61, 0, "Rejected"), (1, 6, 0, "Accepted")]
FILL steps=60 states=2 cache=123 detail=[(6, 61, 0, "Rejected"), (1, 6, 0, "Accepted")]
FILL steps=60 states=2 cache=123 detail=[(6, 61, 0, "Rejected"), (1, 6, 0, "Accepted")]
FILL steps=60 states=2 cache=123 detail=[(6, 61, 0, "Rejected"), (1, 6, 0, "Accepted")]
FILL steps=62 states=2 cache=123 detail=[(6, 61, 0, "Rejected"), (1, 6, 0, "Accepted")]
FILL steps=62 states=2 cache=123 detail=[(6, 61, 0, "Rejected"), (1, 6, 0, "Accepted")]
FILL steps=62 states=2 cache=123 detail=[(6, 61, 0, "Rejected"), (1, 6, 0, "Accepted")]
FILL steps=62 states=2 cache=123 detail=[(6, 61, 0, "Rejected"), (1, 6, 0, "Accepted")]
FILL steps=63 states=2 cache=123 detail=[(6, 61, 0, "Rejected"), (1, 6, 0, "Accepted")]
FILL steps=63 states=2 cache=123 detail=[(6, 61, 0, "Rejected"), (1, 6, 0, "Accepted")]
FILL steps=63 states=2 cache=123 detail=[(6, 61, 0, "Rejected"), (1, 6, 0, "Accepted")]
FILL steps=63 states=2 cache=123 detail=[(6, 61, 0, "Rejected"), (1, 6, 0, "Accepted")]
FILL steps=65 states=2 cache=123 detail=[(6, 58, 0, "Rejected"), (1, 19, 0, "Accepted")]
FILL steps=65 states=2 cache=123 detail=[(6, 58, 0, "Rejected"), (1, 19, 0, "Accepted")]
FILL steps=65 states=2 cache=123 detail=[(6, 58, 0, "Rejected"), (1, 19, 0, "Accepted")]
FILL steps=65 states=2 cache=123 detail=[(6, 58, 0, "Rejected"), (1, 19, 0, "Accepted")]
FILL steps=74 states=2 cache=123 detail=[(6, 62, 0, "Rejected"), (1, 28, 198, "Accepted")]
FILL steps=74 states=2 cache=123 detail=[(6, 62, 0, "Rejected"), (1, 28, 198, "Accepted")]
FILL steps=74 states=2 cache=123 detail=[(6, 62, 0, "Rejected"), (1, 28, 198, "Accepted")]
FILL steps=74 states=2 cache=123 detail=[(6, 62, 0, "Rejected"), (1, 28, 198, "Accepted")]
FILL steps=75 states=2 cache=123 detail=[(5, 42, 0, "Accepted"), (7, 64, 0, "Accepted")]
FILL steps=75 states=2 cache=123 detail=[(5, 42, 0, "Accepted"), (7, 64, 0, "Accepted")]
FILL steps=75 states=2 cache=123 detail=[(5, 42, 0, "Accepted"), (7, 64, 0, "Accepted")]
FILL steps=75 states=2 cache=123 detail=[(5, 42, 0, "Accepted"), (7, 64, 0, "Accepted")]
FILL steps=76 states=2 cache=123 detail=[(7, 100, 0, "Accepted"), (1, 7, 0, "Accepted")]
FILL steps=76 states=2 cache=123 detail=[(7, 100, 0, "Accepted"), (1, 7, 0, "Accepted")]
FILL steps=76 states=2 cache=123 detail=[(7, 100, 0, "Accepted"), (1, 7, 0, "Accepted")]
FILL steps=76 states=2 cache=123 detail=[(7, 100, 0, "Accepted"), (1, 7, 0, "Accepted")]
FILL steps=77 states=2 cache=123 detail=[(7, 101, 0, "Accepted"), (1, 8, 0, "Accepted")]
FILL steps=77 states=2 cache=123 detail=[(7, 101, 0, "Accepted"), (1, 8, 0, "Accepted")]
FILL steps=77 states=2 cache=123 detail=[(7, 101, 0, "Accepted"), (1, 8, 0, "Accepted")]
FILL steps=77 states=2 cache=123 detail=[(7, 101, 0, "Accepted"), (1, 8, 0, "Accepted")]
FILL steps=86 states=1 cache=123 detail=[(1, 17, 0, "Accepted")]
FILL steps=86 states=1 cache=123 detail=[(1, 17, 0, "Accepted")]
FILL steps=86 states=1 cache=123 detail=[(1, 17, 0, "Accepted")]
FILL steps=86 states=1 cache=123 detail=[(1, 17, 0, "Accepted")]
FILL steps=87 states=1 cache=123 detail=[(2, 31, 0, "Accepted")]
FILL steps=87 states=1 cache=123 detail=[(2, 31, 0, "Accepted")]
FILL steps=87 states=1 cache=123 detail=[(2, 31, 0, "Accepted")]
FILL steps=87 states=1 cache=123 detail=[(2, 31, 0, "Accepted")]
FILL steps=91 states=1 cache=123 detail=[(1, 4, 0, "Accepted")]
FILL steps=91 states=1 cache=123 detail=[(1, 4, 0, "Accepted")]
FILL steps=91 states=1 cache=123 detail=[(1, 4, 0, "Accepted")]
FILL steps=91 states=1 cache=123 detail=[(1, 4, 0, "Accepted")]
FILL steps=92 states=2 cache=123 detail=[(3, 38, 0, "AcceptedBitset"), (9, 142, 0, "AcceptedBitset")]
FILL steps=92 states=2 cache=123 detail=[(3, 38, 0, "AcceptedBitset"), (9, 142, 0, "AcceptedBitset")]
FILL steps=92 states=2 cache=123 detail=[(3, 38, 0, "AcceptedBitset"), (9, 142, 0, "AcceptedBitset")]
FILL steps=92 states=2 cache=123 detail=[(3, 38, 0, "AcceptedBitset"), (9, 142, 0, "AcceptedBitset")]
FILL steps=93 states=2 cache=123 detail=[(3, 38, 0, "AcceptedBitset"), (9, 142, 0, "AcceptedBitset")]
FILL steps=93 states=2 cache=123 detail=[(3, 38, 0, "AcceptedBitset"), (9, 142, 0, "AcceptedBitset")]
FILL steps=93 states=2 cache=123 detail=[(3, 38, 0, "AcceptedBitset"), (9, 142, 0, "AcceptedBitset")]
FILL steps=93 states=2 cache=123 detail=[(3, 38, 0, "AcceptedBitset"), (9, 142, 0, "AcceptedBitset")]
FILL steps=94 states=2 cache=123 detail=[(1, 6, 0, "Accepted"), (6, 61, 0, "Rejected")]
FILL steps=94 states=2 cache=123 detail=[(1, 6, 0, "Accepted"), (6, 61, 0, "Rejected")]
FILL steps=94 states=2 cache=123 detail=[(1, 6, 0, "Accepted"), (6, 61, 0, "Rejected")]
FILL steps=94 states=2 cache=123 detail=[(1, 6, 0, "Accepted"), (6, 61, 0, "Rejected")]
FILL steps=95 states=2 cache=123 detail=[(6, 61, 0, "Rejected"), (1, 6, 0, "Accepted")]
FILL steps=95 states=2 cache=123 detail=[(6, 61, 0, "Rejected"), (1, 6, 0, "Accepted")]
FILL steps=95 states=2 cache=123 detail=[(6, 61, 0, "Rejected"), (1, 6, 0, "Accepted")]
FILL steps=95 states=2 cache=123 detail=[(6, 61, 0, "Rejected"), (1, 6, 0, "Accepted")]
FILL steps=97 states=2 cache=123 detail=[(6, 58, 0, "Rejected"), (1, 19, 0, "Accepted")]
FILL steps=97 states=2 cache=123 detail=[(6, 58, 0, "Rejected"), (1, 19, 0, "Accepted")]
FILL steps=97 states=2 cache=123 detail=[(6, 58, 0, "Rejected"), (1, 19, 0, "Accepted")]
FILL steps=97 states=2 cache=123 detail=[(6, 58, 0, "Rejected"), (1, 19, 0, "Accepted")]
FILL steps=106 states=2 cache=123 detail=[(6, 62, 0, "Rejected"), (1, 28, 198, "Accepted")]
FILL steps=106 states=2 cache=123 detail=[(6, 62, 0, "Rejected"), (1, 28, 198, "Accepted")]
FILL steps=106 states=2 cache=123 detail=[(6, 62, 0, "Rejected"), (1, 28, 198, "Accepted")]
FILL steps=106 states=2 cache=123 detail=[(6, 62, 0, "Rejected"), (1, 28, 198, "Accepted")]
FILL steps=107 states=2 cache=123 detail=[(5, 42, 0, "Accepted"), (7, 64, 0, "Accepted")]
FILL steps=107 states=2 cache=123 detail=[(5, 42, 0, "Accepted"), (7, 64, 0, "Accepted")]
FILL steps=107 states=2 cache=123 detail=[(5, 42, 0, "Accepted"), (7, 64, 0, "Accepted")]
FILL steps=107 states=2 cache=123 detail=[(5, 42, 0, "Accepted"), (7, 64, 0, "Accepted")]
FILL steps=108 states=2 cache=123 detail=[(7, 100, 0, "Accepted"), (1, 7, 0, "Accepted")]
FILL steps=108 states=2 cache=123 detail=[(7, 100, 0, "Accepted"), (1, 7, 0, "Accepted")]
FILL steps=108 states=2 cache=123 detail=[(7, 100, 0, "Accepted"), (1, 7, 0, "Accepted")]
FILL steps=108 states=2 cache=123 detail=[(7, 100, 0, "Accepted"), (1, 7, 0, "Accepted")]
FILL steps=110 states=1 cache=123 detail=[(7, 102, 0, "Accepted")]
FILL steps=110 states=1 cache=123 detail=[(7, 102, 0, "Accepted")]
FILL steps=110 states=1 cache=123 detail=[(7, 102, 0, "Accepted")]
FILL steps=110 states=1 cache=123 detail=[(7, 102, 0, "Accepted")]
FILL steps=118 states=1 cache=123 detail=[(7, 110, 0, "Accepted")]
FILL steps=118 states=1 cache=123 detail=[(7, 110, 0, "Accepted")]
FILL steps=118 states=1 cache=123 detail=[(7, 110, 0, "Accepted")]
FILL steps=118 states=1 cache=123 detail=[(7, 110, 0, "Accepted")]
FILL steps=119 states=1 cache=123 detail=[(7, 111, 0, "Accepted")]
FILL steps=119 states=1 cache=123 detail=[(7, 111, 0, "Accepted")]
FILL steps=119 states=1 cache=123 detail=[(7, 111, 0, "Accepted")]
FILL steps=119 states=1 cache=123 detail=[(7, 111, 0, "Accepted")]
FILL steps=120 states=1 cache=123 detail=[(7, 112, 0, "Accepted")]
FILL steps=120 states=1 cache=123 detail=[(7, 112, 0, "Accepted")]
FILL steps=120 states=1 cache=123 detail=[(7, 112, 0, "Accepted")]
FILL steps=120 states=1 cache=123 detail=[(7, 112, 0, "Accepted")]
